running egg_info
writing ../build/agri_orchestrator/agri_orchestrator.egg-info/PKG-INFO
writing dependency_links to ../build/agri_orchestrator/agri_orchestrator.egg-info/dependency_links.txt
writing entry points to ../build/agri_orchestrator/agri_orchestrator.egg-info/entry_points.txt
writing requirements to ../build/agri_orchestrator/agri_orchestrator.egg-info/requires.txt
writing top-level names to ../build/agri_orchestrator/agri_orchestrator.egg-info/top_level.txt
reading manifest file '../build/agri_orchestrator/agri_orchestrator.egg-info/SOURCES.txt'
writing manifest file '../build/agri_orchestrator/agri_orchestrator.egg-info/SOURCES.txt'
running build
running build_py
copying agri_orchestrator/__init__.py -> /home/maria/agri_ws/src/build/agri_orchestrator/build/lib/agri_orchestrator
copying agri_orchestrator/farm_orchestrator_node.py -> /home/maria/agri_ws/src/build/agri_orchestrator/build/lib/agri_orchestrator
copying agri_orchestrator/py.typed -> /home/maria/agri_ws/src/build/agri_orchestrator/build/lib/agri_orchestrator
running install
running install_lib
running install_data
copying resource/agri_orchestrator -> /home/maria/agri_ws/src/install/agri_orchestrator/share/ament_index/resource_index/packages
copying package.xml -> /home/maria/agri_ws/src/install/agri_orchestrator/share/agri_orchestrator
running install_egg_info
removing '/home/maria/agri_ws/src/install/agri_orchestrator/lib/python3.14/site-packages/agri_orchestrator-0.0.0-py3.14.egg-info' (and everything under it)
Copying ../build/agri_orchestrator/agri_orchestrator.egg-info to /home/maria/agri_ws/src/install/agri_orchestrator/lib/python3.14/site-packages/agri_orchestrator-0.0.0-py3.14.egg-info
running install_scripts
Installing farm_orchestrator_node script to /home/maria/agri_ws/src/install/agri_orchestrator/lib/agri_orchestrator
writing list of installed files to '/home/maria/agri_ws/src/build/agri_orchestrator/install.log'
