-- Found ament_cmake: 2.8.8 (/home/maria/ros2_lyrical/ros2-linux/share/ament_cmake/cmake)
-- Found rosidl_default_generators: 1.8.1 (/home/maria/ros2_lyrical/ros2-linux/share/rosidl_default_generators/cmake)
-- Using all available rosidl_typesupport_c: rosidl_typesupport_fastrtps_c;rosidl_typesupport_introspection_c
-- Using all available rosidl_typesupport_cpp: rosidl_typesupport_fastrtps_cpp;rosidl_typesupport_introspection_cpp
-- Found rosidl_adapter: 5.2.1 (/home/maria/ros2_lyrical/ros2-linux/share/rosidl_adapter/cmake)
-- Found builtin_interfaces: 2.4.5 (/home/maria/ros2_lyrical/ros2-linux/share/builtin_interfaces/cmake)
-- Using all available rosidl_typesupport_c: rosidl_typesupport_fastrtps_c;rosidl_typesupport_introspection_c
-- Using all available rosidl_typesupport_cpp: rosidl_typesupport_fastrtps_cpp;rosidl_typesupport_introspection_cpp
-- Found Python3: /usr/bin/python3 (found version "3.14.4") found components: Interpreter Development NumPy Development.Module Development.Embed
-- Found Python3: /usr/bin/python3 (found version "3.14.4") found components: Interpreter
-- Found ament_lint_auto: 0.20.6 (/home/maria/ros2_lyrical/ros2-linux/share/ament_lint_auto/cmake)
-- Added test 'lint_cmake' to check CMake code style
-- Added test 'xmllint' to check XML markup files
-- Configuring done (2.7s)
-- Generating done (0.2s)
-- Build files have been written to: /home/maria/agri_ws/build/agri_interfaces
[  1%] [1m[34mGenerating Rust code for ROS interfaces[0m
[  3%] [1m[34mGenerating type hashes for ROS interfaces[0m
[  3%] Built target agri_interfaces__rosidl_generator_type_description
[  3%] Built target agri_interfaces__rs
[  5%] [1m[34mGenerating C code for ROS interfaces[0m
[  7%] [1m[34mGenerating C++ code for ROS interfaces[0m
[  7%] Built target agri_interfaces__cpp
[  9%] [32mBuilding C object CMakeFiles/agri_interfaces__rosidl_generator_c.dir/rosidl_generator_c/agri_interfaces/msg/detail/irrigation_command__description.c.o[0m
[ 10%] [32mBuilding C object CMakeFiles/agri_interfaces__rosidl_generator_c.dir/rosidl_generator_c/agri_interfaces/msg/detail/irrigation_command__functions.c.o[0m
[ 12%] [32mBuilding C object CMakeFiles/agri_interfaces__rosidl_generator_c.dir/rosidl_generator_c/agri_interfaces/msg/detail/irrigation_command__type_support.c.o[0m
[ 14%] [32mBuilding C object CMakeFiles/agri_interfaces__rosidl_generator_c.dir/rosidl_generator_c/agri_interfaces/msg/detail/irrigation_state__functions.c.o[0m
[ 16%] [32mBuilding C object CMakeFiles/agri_interfaces__rosidl_generator_c.dir/rosidl_generator_c/agri_interfaces/msg/detail/irrigation_state__description.c.o[0m
[ 18%] [32mBuilding C object CMakeFiles/agri_interfaces__rosidl_generator_c.dir/rosidl_generator_c/agri_interfaces/msg/detail/soil_moisture__description.c.o[0m
[ 20%] [32mBuilding C object CMakeFiles/agri_interfaces__rosidl_generator_c.dir/rosidl_generator_c/agri_interfaces/msg/detail/soil_moisture__functions.c.o[0m
[ 21%] [32mBuilding C object CMakeFiles/agri_interfaces__rosidl_generator_c.dir/rosidl_generator_c/agri_interfaces/msg/detail/soil_moisture__type_support.c.o[0m
[ 23%] [32mBuilding C object CMakeFiles/agri_interfaces__rosidl_generator_c.dir/rosidl_generator_c/agri_interfaces/msg/detail/irrigation_state__type_support.c.o[0m
[ 25%] [1m[32mLinking C shared library libagri_interfaces__rosidl_generator_c.so[0m
[ 25%] Built target agri_interfaces__rosidl_generator_c
[ 27%] [1m[34mGenerating C++ introspection for ROS interfaces[0m
[ 29%] [32mBuilding CXX object CMakeFiles/agri_interfaces__rosidl_typesupport_introspection_cpp.dir/rosidl_typesupport_introspection_cpp/agri_interfaces/msg/detail/irrigation_command__type_support.cpp.o[0m
[ 30%] [1m[34mGenerating C type support for eProsima Fast-RTPS[0m
[ 32%] [1m[34mGenerating C++ type support dispatch for ROS interfaces[0m
[ 34%] [32mBuilding CXX object CMakeFiles/agri_interfaces__rosidl_typesupport_introspection_cpp.dir/rosidl_typesupport_introspection_cpp/agri_interfaces/msg/detail/irrigation_state__type_support.cpp.o[0m
[ 36%] [32mBuilding CXX object CMakeFiles/agri_interfaces__rosidl_typesupport_cpp.dir/rosidl_typesupport_cpp/agri_interfaces/msg/irrigation_command__type_support.cpp.o[0m
[ 38%] [32mBuilding CXX object CMakeFiles/agri_interfaces__rosidl_typesupport_fastrtps_c.dir/rosidl_typesupport_fastrtps_c/agri_interfaces/msg/detail/irrigation_command__type_support_c.cpp.o[0m
[ 40%] [32mBuilding CXX object CMakeFiles/agri_interfaces__rosidl_typesupport_cpp.dir/rosidl_typesupport_cpp/agri_interfaces/msg/irrigation_state__type_support.cpp.o[0m
[ 41%] [32mBuilding CXX object CMakeFiles/agri_interfaces__rosidl_typesupport_introspection_cpp.dir/rosidl_typesupport_introspection_cpp/agri_interfaces/msg/detail/soil_moisture__type_support.cpp.o[0m
[ 43%] [32mBuilding CXX object CMakeFiles/agri_interfaces__rosidl_typesupport_cpp.dir/rosidl_typesupport_cpp/agri_interfaces/msg/soil_moisture__type_support.cpp.o[0m
[ 45%] [32mBuilding CXX object CMakeFiles/agri_interfaces__rosidl_typesupport_fastrtps_c.dir/rosidl_typesupport_fastrtps_c/agri_interfaces/msg/detail/irrigation_state__type_support_c.cpp.o[0m
[ 47%] [1m[32mLinking CXX shared library libagri_interfaces__rosidl_typesupport_introspection_cpp.so[0m
[ 47%] Built target agri_interfaces__rosidl_typesupport_introspection_cpp
[ 49%] [1m[34mGenerating C introspection for ROS interfaces[0m
[ 50%] [1m[32mLinking CXX shared library libagri_interfaces__rosidl_typesupport_cpp.so[0m
[ 50%] Built target agri_interfaces__rosidl_typesupport_cpp
[ 52%] [32mBuilding CXX object CMakeFiles/agri_interfaces__rosidl_typesupport_fastrtps_c.dir/rosidl_typesupport_fastrtps_c/agri_interfaces/msg/detail/soil_moisture__type_support_c.cpp.o[0m
[ 54%] [32mBuilding C object CMakeFiles/agri_interfaces__rosidl_typesupport_introspection_c.dir/rosidl_typesupport_introspection_c/agri_interfaces/msg/detail/irrigation_command__type_support.c.o[0m
[ 56%] [32mBuilding C object CMakeFiles/agri_interfaces__rosidl_typesupport_introspection_c.dir/rosidl_typesupport_introspection_c/agri_interfaces/msg/detail/irrigation_state__type_support.c.o[0m
[ 58%] [32mBuilding C object CMakeFiles/agri_interfaces__rosidl_typesupport_introspection_c.dir/rosidl_typesupport_introspection_c/agri_interfaces/msg/detail/soil_moisture__type_support.c.o[0m
[ 60%] [1m[32mLinking C shared library libagri_interfaces__rosidl_typesupport_introspection_c.so[0m
[ 60%] Built target agri_interfaces__rosidl_typesupport_introspection_c
[ 61%] [1m[34mGenerating C type support dispatch for ROS interfaces[0m
[ 63%] [32mBuilding CXX object CMakeFiles/agri_interfaces__rosidl_typesupport_c.dir/rosidl_typesupport_c/agri_interfaces/msg/irrigation_command__type_support.cpp.o[0m
[ 65%] [32mBuilding CXX object CMakeFiles/agri_interfaces__rosidl_typesupport_c.dir/rosidl_typesupport_c/agri_interfaces/msg/irrigation_state__type_support.cpp.o[0m
[ 67%] [32mBuilding CXX object CMakeFiles/agri_interfaces__rosidl_typesupport_c.dir/rosidl_typesupport_c/agri_interfaces/msg/soil_moisture__type_support.cpp.o[0m
[ 69%] [1m[32mLinking CXX shared library libagri_interfaces__rosidl_typesupport_c.so[0m
[ 70%] [1m[32mLinking CXX shared library libagri_interfaces__rosidl_typesupport_fastrtps_c.so[0m
[ 70%] Built target agri_interfaces__rosidl_typesupport_c
[ 70%] Built target agri_interfaces__rosidl_typesupport_fastrtps_c
[ 72%] [1m[34mGenerating C++ type support for eProsima Fast-RTPS[0m
[ 74%] [32mBuilding CXX object CMakeFiles/agri_interfaces__rosidl_typesupport_fastrtps_cpp.dir/rosidl_typesupport_fastrtps_cpp/agri_interfaces/msg/detail/dds_fastrtps/irrigation_command__type_support.cpp.o[0m
[ 76%] [32mBuilding CXX object CMakeFiles/agri_interfaces__rosidl_typesupport_fastrtps_cpp.dir/rosidl_typesupport_fastrtps_cpp/agri_interfaces/msg/detail/dds_fastrtps/soil_moisture__type_support.cpp.o[0m
[ 78%] [32mBuilding CXX object CMakeFiles/agri_interfaces__rosidl_typesupport_fastrtps_cpp.dir/rosidl_typesupport_fastrtps_cpp/agri_interfaces/msg/detail/dds_fastrtps/irrigation_state__type_support.cpp.o[0m
[ 80%] [1m[32mLinking CXX shared library libagri_interfaces__rosidl_typesupport_fastrtps_cpp.so[0m
[ 80%] Built target agri_interfaces__rosidl_typesupport_fastrtps_cpp
[ 80%] Built target agri_interfaces
[ 81%] [1m[34mGenerating Python code for ROS interfaces[0m
[ 81%] Built target agri_interfaces__py
[ 81%] Built target ament_cmake_python_sync_agri_interfaces
[ 83%] [32mBuilding C object CMakeFiles/agri_interfaces__rosidl_generator_py.dir/rosidl_generator_py/agri_interfaces/msg/_irrigation_command_s.c.o[0m
[ 85%] [32mBuilding C object CMakeFiles/agri_interfaces__rosidl_generator_py.dir/rosidl_generator_py/agri_interfaces/msg/_irrigation_state_s.c.o[0m
[ 87%] [32mBuilding C object CMakeFiles/agri_interfaces__rosidl_generator_py.dir/rosidl_generator_py/agri_interfaces/msg/_soil_moisture_s.c.o[0m
[ 89%] [1m[32mLinking C shared library libagri_interfaces__rosidl_generator_py.so[0m
[ 89%] Built target agri_interfaces__rosidl_generator_py
running egg_info
writing agri_interfaces.egg-info/PKG-INFO
writing dependency_links to agri_interfaces.egg-info/dependency_links.txt
writing top-level names to agri_interfaces.egg-info/top_level.txt
reading manifest file 'agri_interfaces.egg-info/SOURCES.txt'
writing manifest file 'agri_interfaces.egg-info/SOURCES.txt'
[ 89%] Built target ament_cmake_python_build_agri_interfaces_egg
[ 90%] [32mBuilding C object CMakeFiles/agri_interfaces_s__rosidl_typesupport_introspection_c.dir/rosidl_generator_py/agri_interfaces/_agri_interfaces_s.ep.rosidl_typesupport_introspection_c.c.o[0m
[ 92%] [32mBuilding C object CMakeFiles/agri_interfaces_s__rosidl_typesupport_fastrtps_c.dir/rosidl_generator_py/agri_interfaces/_agri_interfaces_s.ep.rosidl_typesupport_fastrtps_c.c.o[0m
[ 94%] [1m[32mLinking C shared module rosidl_generator_py/agri_interfaces/agri_interfaces_s__rosidl_typesupport_introspection_c.so[0m
[ 96%] [1m[32mLinking C shared module rosidl_generator_py/agri_interfaces/agri_interfaces_s__rosidl_typesupport_fastrtps_c.so[0m
[ 96%] Built target agri_interfaces_s__rosidl_typesupport_introspection_c
[ 96%] Built target agri_interfaces_s__rosidl_typesupport_fastrtps_c
[ 98%] [32mBuilding C object CMakeFiles/agri_interfaces_s__rosidl_typesupport_c.dir/rosidl_generator_py/agri_interfaces/_agri_interfaces_s.ep.rosidl_typesupport_c.c.o[0m
[100%] [1m[32mLinking C shared module rosidl_generator_py/agri_interfaces/agri_interfaces_s__rosidl_typesupport_c.so[0m
[100%] Built target agri_interfaces_s__rosidl_typesupport_c
-- Install configuration: ""
-- Up-to-date: /home/maria/agri_ws/install/agri_interfaces/share/ament_index/resource_index/rosidl_interfaces/agri_interfaces
-- Installing: /home/maria/agri_ws/install/agri_interfaces/share/agri_interfaces/msg/SoilMoisture.json
-- Installing: /home/maria/agri_ws/install/agri_interfaces/share/agri_interfaces/msg/IrrigationCommand.json
-- Installing: /home/maria/agri_ws/install/agri_interfaces/share/agri_interfaces/msg/IrrigationState.json
-- Up-to-date: /home/maria/agri_ws/install/agri_interfaces/include/agri_interfaces/agri_interfaces
-- Up-to-date: /home/maria/agri_ws/install/agri_interfaces/include/agri_interfaces/agri_interfaces/msg
-- Up-to-date: /home/maria/agri_ws/install/agri_interfaces/include/agri_interfaces/agri_interfaces/msg/detail
-- Installing: /home/maria/agri_ws/install/agri_interfaces/include/agri_interfaces/agri_interfaces/msg/detail/irrigation_state__description.c
-- Installing: /home/maria/agri_ws/install/agri_interfaces/include/agri_interfaces/agri_interfaces/msg/detail/irrigation_state__struct.h
-- Installing: /home/maria/agri_ws/install/agri_interfaces/include/agri_interfaces/agri_interfaces/msg/detail/irrigation_command__functions.h
-- Installing: /home/maria/agri_ws/install/agri_interfaces/include/agri_interfaces/agri_interfaces/msg/detail/irrigation_state__type_support.c
-- Installing: /home/maria/agri_ws/install/agri_interfaces/include/agri_interfaces/agri_interfaces/msg/detail/soil_moisture__description.c
-- Installing: /home/maria/agri_ws/install/agri_interfaces/include/agri_interfaces/agri_interfaces/msg/detail/soil_moisture__functions.h
-- Installing: /home/maria/agri_ws/install/agri_interfaces/include/agri_interfaces/agri_interfaces/msg/detail/irrigation_command__type_support.c
-- Installing: /home/maria/agri_ws/install/agri_interfaces/include/agri_interfaces/agri_interfaces/msg/detail/irrigation_command__description.c
-- Installing: /home/maria/agri_ws/install/agri_interfaces/include/agri_interfaces/agri_interfaces/msg/detail/irrigation_state__type_support.h
-- Installing: /home/maria/agri_ws/install/agri_interfaces/include/agri_interfaces/agri_interfaces/msg/detail/irrigation_command__type_support.h
-- Installing: /home/maria/agri_ws/install/agri_interfaces/include/agri_interfaces/agri_interfaces/msg/detail/soil_moisture__type_support.h
-- Installing: /home/maria/agri_ws/install/agri_interfaces/include/agri_interfaces/agri_interfaces/msg/detail/soil_moisture__struct.h
-- Installing: /home/maria/agri_ws/install/agri_interfaces/include/agri_interfaces/agri_interfaces/msg/detail/soil_moisture__functions.c
-- Installing: /home/maria/agri_ws/install/agri_interfaces/include/agri_interfaces/agri_interfaces/msg/detail/irrigation_state__functions.c
-- Installing: /home/maria/agri_ws/install/agri_interfaces/include/agri_interfaces/agri_interfaces/msg/detail/irrigation_command__struct.h
-- Installing: /home/maria/agri_ws/install/agri_interfaces/include/agri_interfaces/agri_interfaces/msg/detail/irrigation_state__functions.h
-- Installing: /home/maria/agri_ws/install/agri_interfaces/include/agri_interfaces/agri_interfaces/msg/detail/soil_moisture__type_support.c
-- Installing: /home/maria/agri_ws/install/agri_interfaces/include/agri_interfaces/agri_interfaces/msg/detail/irrigation_command__functions.c
-- Installing: /home/maria/agri_ws/install/agri_interfaces/include/agri_interfaces/agri_interfaces/msg/irrigation_command.h
-- Up-to-date: /home/maria/agri_ws/install/agri_interfaces/include/agri_interfaces/agri_interfaces/msg/rosidl_generator_c__visibility_control.h
-- Installing: /home/maria/agri_ws/install/agri_interfaces/include/agri_interfaces/agri_interfaces/msg/irrigation_state.h
-- Installing: /home/maria/agri_ws/install/agri_interfaces/include/agri_interfaces/agri_interfaces/msg/soil_moisture.h
-- Up-to-date: /home/maria/agri_ws/install/agri_interfaces/share/agri_interfaces/environment/library_path.sh
-- Up-to-date: /home/maria/agri_ws/install/agri_interfaces/share/agri_interfaces/environment/library_path.dsv
-- Installing: /home/maria/agri_ws/install/agri_interfaces/lib/libagri_interfaces__rosidl_generator_c.so
-- Set non-toolchain portion of runtime path of "/home/maria/agri_ws/install/agri_interfaces/lib/libagri_interfaces__rosidl_generator_c.so" to ""
-- Up-to-date: /home/maria/agri_ws/install/agri_interfaces/include/agri_interfaces/agri_interfaces
-- Up-to-date: /home/maria/agri_ws/install/agri_interfaces/include/agri_interfaces/agri_interfaces/msg
-- Up-to-date: /home/maria/agri_ws/install/agri_interfaces/include/agri_interfaces/agri_interfaces/msg/detail
-- Installing: /home/maria/agri_ws/install/agri_interfaces/include/agri_interfaces/agri_interfaces/msg/detail/irrigation_state__rosidl_typesupport_fastrtps_c.h
-- Installing: /home/maria/agri_ws/install/agri_interfaces/include/agri_interfaces/agri_interfaces/msg/detail/soil_moisture__rosidl_typesupport_fastrtps_c.h
-- Installing: /home/maria/agri_ws/install/agri_interfaces/include/agri_interfaces/agri_interfaces/msg/detail/irrigation_command__rosidl_typesupport_fastrtps_c.h
-- Up-to-date: /home/maria/agri_ws/install/agri_interfaces/include/agri_interfaces/agri_interfaces/msg/rosidl_typesupport_fastrtps_c__visibility_control.h
-- Installing: /home/maria/agri_ws/install/agri_interfaces/lib/libagri_interfaces__rosidl_typesupport_fastrtps_c.so
-- Set non-toolchain portion of runtime path of "/home/maria/agri_ws/install/agri_interfaces/lib/libagri_interfaces__rosidl_typesupport_fastrtps_c.so" to ""
-- Up-to-date: /home/maria/agri_ws/install/agri_interfaces/include/agri_interfaces/agri_interfaces
-- Up-to-date: /home/maria/agri_ws/install/agri_interfaces/include/agri_interfaces/agri_interfaces/msg
-- Up-to-date: /home/maria/agri_ws/install/agri_interfaces/include/agri_interfaces/agri_interfaces/msg/detail
-- Installing: /home/maria/agri_ws/install/agri_interfaces/include/agri_interfaces/agri_interfaces/msg/detail/irrigation_state__rosidl_typesupport_introspection_c.h
-- Installing: /home/maria/agri_ws/install/agri_interfaces/include/agri_interfaces/agri_interfaces/msg/detail/soil_moisture__rosidl_typesupport_introspection_c.h
-- Installing: /home/maria/agri_ws/install/agri_interfaces/include/agri_interfaces/agri_interfaces/msg/detail/irrigation_state__type_support.c
-- Installing: /home/maria/agri_ws/install/agri_interfaces/include/agri_interfaces/agri_interfaces/msg/detail/irrigation_command__type_support.c
-- Installing: /home/maria/agri_ws/install/agri_interfaces/include/agri_interfaces/agri_interfaces/msg/detail/irrigation_command__rosidl_typesupport_introspection_c.h
-- Installing: /home/maria/agri_ws/install/agri_interfaces/include/agri_interfaces/agri_interfaces/msg/detail/soil_moisture__type_support.c
-- Up-to-date: /home/maria/agri_ws/install/agri_interfaces/include/agri_interfaces/agri_interfaces/msg/rosidl_typesupport_introspection_c__visibility_control.h
-- Installing: /home/maria/agri_ws/install/agri_interfaces/lib/libagri_interfaces__rosidl_typesupport_introspection_c.so
-- Set non-toolchain portion of runtime path of "/home/maria/agri_ws/install/agri_interfaces/lib/libagri_interfaces__rosidl_typesupport_introspection_c.so" to ""
-- Installing: /home/maria/agri_ws/install/agri_interfaces/lib/libagri_interfaces__rosidl_typesupport_c.so
-- Set non-toolchain portion of runtime path of "/home/maria/agri_ws/install/agri_interfaces/lib/libagri_interfaces__rosidl_typesupport_c.so" to ""
-- Up-to-date: /home/maria/agri_ws/install/agri_interfaces/include/agri_interfaces/agri_interfaces
-- Up-to-date: /home/maria/agri_ws/install/agri_interfaces/include/agri_interfaces/agri_interfaces/msg
-- Up-to-date: /home/maria/agri_ws/install/agri_interfaces/include/agri_interfaces/agri_interfaces/msg/detail
-- Installing: /home/maria/agri_ws/install/agri_interfaces/include/agri_interfaces/agri_interfaces/msg/detail/irrigation_command__traits.hpp
-- Installing: /home/maria/agri_ws/install/agri_interfaces/include/agri_interfaces/agri_interfaces/msg/detail/soil_moisture__type_support.hpp
-- Installing: /home/maria/agri_ws/install/agri_interfaces/include/agri_interfaces/agri_interfaces/msg/detail/soil_moisture__builder.hpp
-- Installing: /home/maria/agri_ws/install/agri_interfaces/include/agri_interfaces/agri_interfaces/msg/detail/irrigation_command__struct.hpp
-- Installing: /home/maria/agri_ws/install/agri_interfaces/include/agri_interfaces/agri_interfaces/msg/detail/irrigation_state__type_support.hpp
-- Installing: /home/maria/agri_ws/install/agri_interfaces/include/agri_interfaces/agri_interfaces/msg/detail/irrigation_state__struct.hpp
-- Installing: /home/maria/agri_ws/install/agri_interfaces/include/agri_interfaces/agri_interfaces/msg/detail/irrigation_command__type_support.hpp
-- Installing: /home/maria/agri_ws/install/agri_interfaces/include/agri_interfaces/agri_interfaces/msg/detail/soil_moisture__struct.hpp
-- Installing: /home/maria/agri_ws/install/agri_interfaces/include/agri_interfaces/agri_interfaces/msg/detail/soil_moisture__traits.hpp
-- Installing: /home/maria/agri_ws/install/agri_interfaces/include/agri_interfaces/agri_interfaces/msg/detail/irrigation_command__builder.hpp
-- Installing: /home/maria/agri_ws/install/agri_interfaces/include/agri_interfaces/agri_interfaces/msg/detail/irrigation_state__traits.hpp
-- Installing: /home/maria/agri_ws/install/agri_interfaces/include/agri_interfaces/agri_interfaces/msg/detail/irrigation_state__builder.hpp
-- Installing: /home/maria/agri_ws/install/agri_interfaces/include/agri_interfaces/agri_interfaces/msg/irrigation_command.hpp
-- Installing: /home/maria/agri_ws/install/agri_interfaces/include/agri_interfaces/agri_interfaces/msg/irrigation_state.hpp
-- Installing: /home/maria/agri_ws/install/agri_interfaces/include/agri_interfaces/agri_interfaces/msg/soil_moisture.hpp
-- Installing: /home/maria/agri_ws/install/agri_interfaces/include/agri_interfaces/agri_interfaces/msg/rosidl_generator_cpp__visibility_control.hpp
-- Up-to-date: /home/maria/agri_ws/install/agri_interfaces/include/agri_interfaces/agri_interfaces
-- Up-to-date: /home/maria/agri_ws/install/agri_interfaces/include/agri_interfaces/agri_interfaces/msg
-- Up-to-date: /home/maria/agri_ws/install/agri_interfaces/include/agri_interfaces/agri_interfaces/msg/detail
-- Installing: /home/maria/agri_ws/install/agri_interfaces/include/agri_interfaces/agri_interfaces/msg/detail/irrigation_command__rosidl_typesupport_fastrtps_cpp.hpp
-- Installing: /home/maria/agri_ws/install/agri_interfaces/include/agri_interfaces/agri_interfaces/msg/detail/irrigation_state__rosidl_typesupport_fastrtps_cpp.hpp
-- Up-to-date: /home/maria/agri_ws/install/agri_interfaces/include/agri_interfaces/agri_interfaces/msg/detail/dds_fastrtps
-- Installing: /home/maria/agri_ws/install/agri_interfaces/include/agri_interfaces/agri_interfaces/msg/detail/soil_moisture__rosidl_typesupport_fastrtps_cpp.hpp
-- Up-to-date: /home/maria/agri_ws/install/agri_interfaces/include/agri_interfaces/agri_interfaces/msg/rosidl_typesupport_fastrtps_cpp__visibility_control.h
-- Installing: /home/maria/agri_ws/install/agri_interfaces/lib/libagri_interfaces__rosidl_typesupport_fastrtps_cpp.so
-- Set non-toolchain portion of runtime path of "/home/maria/agri_ws/install/agri_interfaces/lib/libagri_interfaces__rosidl_typesupport_fastrtps_cpp.so" to ""
-- Up-to-date: /home/maria/agri_ws/install/agri_interfaces/include/agri_interfaces/agri_interfaces
-- Up-to-date: /home/maria/agri_ws/install/agri_interfaces/include/agri_interfaces/agri_interfaces/msg
-- Up-to-date: /home/maria/agri_ws/install/agri_interfaces/include/agri_interfaces/agri_interfaces/msg/detail
-- Installing: /home/maria/agri_ws/install/agri_interfaces/include/agri_interfaces/agri_interfaces/msg/detail/irrigation_command__type_support.cpp
-- Installing: /home/maria/agri_ws/install/agri_interfaces/include/agri_interfaces/agri_interfaces/msg/detail/soil_moisture__rosidl_typesupport_introspection_cpp.hpp
-- Installing: /home/maria/agri_ws/install/agri_interfaces/include/agri_interfaces/agri_interfaces/msg/detail/soil_moisture__type_support.cpp
-- Installing: /home/maria/agri_ws/install/agri_interfaces/include/agri_interfaces/agri_interfaces/msg/detail/irrigation_state__type_support.cpp
-- Installing: /home/maria/agri_ws/install/agri_interfaces/include/agri_interfaces/agri_interfaces/msg/detail/irrigation_state__rosidl_typesupport_introspection_cpp.hpp
-- Installing: /home/maria/agri_ws/install/agri_interfaces/include/agri_interfaces/agri_interfaces/msg/detail/irrigation_command__rosidl_typesupport_introspection_cpp.hpp
-- Installing: /home/maria/agri_ws/install/agri_interfaces/lib/libagri_interfaces__rosidl_typesupport_introspection_cpp.so
-- Set non-toolchain portion of runtime path of "/home/maria/agri_ws/install/agri_interfaces/lib/libagri_interfaces__rosidl_typesupport_introspection_cpp.so" to ""
-- Installing: /home/maria/agri_ws/install/agri_interfaces/lib/libagri_interfaces__rosidl_typesupport_cpp.so
-- Set non-toolchain portion of runtime path of "/home/maria/agri_ws/install/agri_interfaces/lib/libagri_interfaces__rosidl_typesupport_cpp.so" to ""
-- Up-to-date: /home/maria/agri_ws/install/agri_interfaces/share/agri_interfaces/environment/pythonpath.sh
-- Up-to-date: /home/maria/agri_ws/install/agri_interfaces/share/agri_interfaces/environment/pythonpath.dsv
-- Installing: /home/maria/agri_ws/install/agri_interfaces/lib/python3.14/site-packages/agri_interfaces/agri_interfaces_s__rosidl_typesupport_fastrtps_c.so
-- Set non-toolchain portion of runtime path of "/home/maria/agri_ws/install/agri_interfaces/lib/python3.14/site-packages/agri_interfaces/agri_interfaces_s__rosidl_typesupport_fastrtps_c.so" to ""
-- Installing: /home/maria/agri_ws/install/agri_interfaces/lib/python3.14/site-packages/agri_interfaces/agri_interfaces_s__rosidl_typesupport_introspection_c.so
-- Set non-toolchain portion of runtime path of "/home/maria/agri_ws/install/agri_interfaces/lib/python3.14/site-packages/agri_interfaces/agri_interfaces_s__rosidl_typesupport_introspection_c.so" to ""
-- Installing: /home/maria/agri_ws/install/agri_interfaces/lib/python3.14/site-packages/agri_interfaces/agri_interfaces_s__rosidl_typesupport_c.so
-- Set non-toolchain portion of runtime path of "/home/maria/agri_ws/install/agri_interfaces/lib/python3.14/site-packages/agri_interfaces/agri_interfaces_s__rosidl_typesupport_c.so" to ""
-- Installing: /home/maria/agri_ws/install/agri_interfaces/lib/libagri_interfaces__rosidl_generator_py.so
-- Set non-toolchain portion of runtime path of "/home/maria/agri_ws/install/agri_interfaces/lib/libagri_interfaces__rosidl_generator_py.so" to ""
-- Up-to-date: /home/maria/agri_ws/install/agri_interfaces/share/ament_index/resource_index/rust_packages/agri_interfaces
-- Up-to-date: /home/maria/agri_ws/install/agri_interfaces/share/agri_interfaces/rust
-- Up-to-date: /home/maria/agri_ws/install/agri_interfaces/share/agri_interfaces/rust/src
-- Up-to-date: /home/maria/agri_ws/install/agri_interfaces/share/agri_interfaces/rust/src/msg
-- Installing: /home/maria/agri_ws/install/agri_interfaces/share/agri_interfaces/rust/src/msg/rmw.rs
-- Installing: /home/maria/agri_ws/install/agri_interfaces/share/agri_interfaces/rust/src/msg.rs
-- Installing: /home/maria/agri_ws/install/agri_interfaces/share/agri_interfaces/rust/src/lib.rs
-- Installing: /home/maria/agri_ws/install/agri_interfaces/share/agri_interfaces/rust/Cargo.toml
-- Installing: /home/maria/agri_ws/install/agri_interfaces/share/agri_interfaces/rust/build.rs
-- Up-to-date: /home/maria/agri_ws/install/agri_interfaces/share/agri_interfaces/msg/SoilMoisture.idl
-- Installing: /home/maria/agri_ws/install/agri_interfaces/share/agri_interfaces/msg/IrrigationCommand.idl
-- Installing: /home/maria/agri_ws/install/agri_interfaces/share/agri_interfaces/msg/IrrigationState.idl
-- Up-to-date: /home/maria/agri_ws/install/agri_interfaces/share/agri_interfaces/msg/SoilMoisture.msg
-- Installing: /home/maria/agri_ws/install/agri_interfaces/share/agri_interfaces/msg/IrrigationCommand.msg
-- Installing: /home/maria/agri_ws/install/agri_interfaces/share/agri_interfaces/msg/IrrigationState.msg
-- Up-to-date: /home/maria/agri_ws/install/agri_interfaces/share/ament_index/resource_index/package_run_dependencies/agri_interfaces
-- Installing: /home/maria/agri_ws/install/agri_interfaces/share/ament_index/resource_index/parent_prefix_path/agri_interfaces
-- Up-to-date: /home/maria/agri_ws/install/agri_interfaces/share/agri_interfaces/environment/ament_prefix_path.sh
-- Up-to-date: /home/maria/agri_ws/install/agri_interfaces/share/agri_interfaces/environment/ament_prefix_path.dsv
-- Up-to-date: /home/maria/agri_ws/install/agri_interfaces/share/agri_interfaces/environment/path.sh
-- Up-to-date: /home/maria/agri_ws/install/agri_interfaces/share/agri_interfaces/environment/path.dsv
-- Up-to-date: /home/maria/agri_ws/install/agri_interfaces/share/agri_interfaces/local_setup.bash
-- Up-to-date: /home/maria/agri_ws/install/agri_interfaces/share/agri_interfaces/local_setup.fish
-- Up-to-date: /home/maria/agri_ws/install/agri_interfaces/share/agri_interfaces/local_setup.sh
-- Up-to-date: /home/maria/agri_ws/install/agri_interfaces/share/agri_interfaces/local_setup.zsh
-- Up-to-date: /home/maria/agri_ws/install/agri_interfaces/share/agri_interfaces/local_setup.dsv
-- Installing: /home/maria/agri_ws/install/agri_interfaces/share/agri_interfaces/package.dsv
-- Up-to-date: /home/maria/agri_ws/install/agri_interfaces/share/ament_index/resource_index/packages/agri_interfaces
-- Up-to-date: /home/maria/agri_ws/install/agri_interfaces/share/agri_interfaces/cmake/export_agri_interfaces__rosidl_generator_cExport.cmake
-- Up-to-date: /home/maria/agri_ws/install/agri_interfaces/share/agri_interfaces/cmake/export_agri_interfaces__rosidl_generator_cExport-noconfig.cmake
-- Up-to-date: /home/maria/agri_ws/install/agri_interfaces/share/agri_interfaces/cmake/export_agri_interfaces__rosidl_typesupport_fastrtps_cExport.cmake
-- Up-to-date: /home/maria/agri_ws/install/agri_interfaces/share/agri_interfaces/cmake/export_agri_interfaces__rosidl_typesupport_fastrtps_cExport-noconfig.cmake
-- Up-to-date: /home/maria/agri_ws/install/agri_interfaces/share/agri_interfaces/cmake/agri_interfaces__rosidl_typesupport_introspection_cExport.cmake
-- Up-to-date: /home/maria/agri_ws/install/agri_interfaces/share/agri_interfaces/cmake/agri_interfaces__rosidl_typesupport_introspection_cExport-noconfig.cmake
-- Up-to-date: /home/maria/agri_ws/install/agri_interfaces/share/agri_interfaces/cmake/agri_interfaces__rosidl_typesupport_cExport.cmake
-- Up-to-date: /home/maria/agri_ws/install/agri_interfaces/share/agri_interfaces/cmake/agri_interfaces__rosidl_typesupport_cExport-noconfig.cmake
-- Up-to-date: /home/maria/agri_ws/install/agri_interfaces/share/agri_interfaces/cmake/export_agri_interfaces__rosidl_generator_cppExport.cmake
-- Up-to-date: /home/maria/agri_ws/install/agri_interfaces/share/agri_interfaces/cmake/export_agri_interfaces__rosidl_typesupport_fastrtps_cppExport.cmake
-- Up-to-date: /home/maria/agri_ws/install/agri_interfaces/share/agri_interfaces/cmake/export_agri_interfaces__rosidl_typesupport_fastrtps_cppExport-noconfig.cmake
-- Up-to-date: /home/maria/agri_ws/install/agri_interfaces/share/agri_interfaces/cmake/agri_interfaces__rosidl_typesupport_introspection_cppExport.cmake
-- Up-to-date: /home/maria/agri_ws/install/agri_interfaces/share/agri_interfaces/cmake/agri_interfaces__rosidl_typesupport_introspection_cppExport-noconfig.cmake
-- Up-to-date: /home/maria/agri_ws/install/agri_interfaces/share/agri_interfaces/cmake/agri_interfaces__rosidl_typesupport_cppExport.cmake
-- Up-to-date: /home/maria/agri_ws/install/agri_interfaces/share/agri_interfaces/cmake/agri_interfaces__rosidl_typesupport_cppExport-noconfig.cmake
-- Up-to-date: /home/maria/agri_ws/install/agri_interfaces/share/agri_interfaces/cmake/export_agri_interfaces__rosidl_generator_pyExport.cmake
-- Up-to-date: /home/maria/agri_ws/install/agri_interfaces/share/agri_interfaces/cmake/export_agri_interfaces__rosidl_generator_pyExport-noconfig.cmake
-- Up-to-date: /home/maria/agri_ws/install/agri_interfaces/lib/python3.14/site-packages/agri_interfaces-0.0.0-py3.14.egg-info
-- Installing: /home/maria/agri_ws/install/agri_interfaces/lib/python3.14/site-packages/agri_interfaces-0.0.0-py3.14.egg-info/top_level.txt
-- Installing: /home/maria/agri_ws/install/agri_interfaces/lib/python3.14/site-packages/agri_interfaces-0.0.0-py3.14.egg-info/dependency_links.txt
-- Installing: /home/maria/agri_ws/install/agri_interfaces/lib/python3.14/site-packages/agri_interfaces-0.0.0-py3.14.egg-info/SOURCES.txt
-- Installing: /home/maria/agri_ws/install/agri_interfaces/lib/python3.14/site-packages/agri_interfaces-0.0.0-py3.14.egg-info/PKG-INFO
-- Up-to-date: /home/maria/agri_ws/install/agri_interfaces/lib/python3.14/site-packages/agri_interfaces
-- Up-to-date: /home/maria/agri_ws/install/agri_interfaces/lib/python3.14/site-packages/agri_interfaces/msg
-- Installing: /home/maria/agri_ws/install/agri_interfaces/lib/python3.14/site-packages/agri_interfaces/msg/_irrigation_command.py
-- Installing: /home/maria/agri_ws/install/agri_interfaces/lib/python3.14/site-packages/agri_interfaces/msg/__init__.py
-- Installing: /home/maria/agri_ws/install/agri_interfaces/lib/python3.14/site-packages/agri_interfaces/msg/_soil_moisture.py
-- Installing: /home/maria/agri_ws/install/agri_interfaces/lib/python3.14/site-packages/agri_interfaces/msg/_irrigation_state_s.c
-- Installing: /home/maria/agri_ws/install/agri_interfaces/lib/python3.14/site-packages/agri_interfaces/msg/_irrigation_state.py
-- Installing: /home/maria/agri_ws/install/agri_interfaces/lib/python3.14/site-packages/agri_interfaces/msg/_soil_moisture_s.c
-- Installing: /home/maria/agri_ws/install/agri_interfaces/lib/python3.14/site-packages/agri_interfaces/msg/_irrigation_command_s.c
-- Installing: /home/maria/agri_ws/install/agri_interfaces/lib/python3.14/site-packages/agri_interfaces/__init__.py
-- Installing: /home/maria/agri_ws/install/agri_interfaces/lib/python3.14/site-packages/agri_interfaces/py.typed
-- Installing: /home/maria/agri_ws/install/agri_interfaces/lib/python3.14/site-packages/agri_interfaces/_agri_interfaces_s.ep.rosidl_typesupport_c.c
-- Installing: /home/maria/agri_ws/install/agri_interfaces/lib/python3.14/site-packages/agri_interfaces/_agri_interfaces_s.ep.rosidl_typesupport_introspection_c.c
-- Up-to-date: /home/maria/agri_ws/install/agri_interfaces/lib/python3.14/site-packages/agri_interfaces/agri_interfaces_s__rosidl_typesupport_fastrtps_c.so
-- Up-to-date: /home/maria/agri_ws/install/agri_interfaces/lib/python3.14/site-packages/agri_interfaces/agri_interfaces_s__rosidl_typesupport_c.so
-- Up-to-date: /home/maria/agri_ws/install/agri_interfaces/lib/python3.14/site-packages/agri_interfaces/agri_interfaces_s__rosidl_typesupport_introspection_c.so
-- Installing: /home/maria/agri_ws/install/agri_interfaces/lib/python3.14/site-packages/agri_interfaces/_agri_interfaces_s.ep.rosidl_typesupport_fastrtps_c.c
Listing '/home/maria/agri_ws/install/agri_interfaces/lib/python3.14/site-packages/agri_interfaces'...
Compiling '/home/maria/agri_ws/install/agri_interfaces/lib/python3.14/site-packages/agri_interfaces/__init__.py'...
Listing '/home/maria/agri_ws/install/agri_interfaces/lib/python3.14/site-packages/agri_interfaces/msg'...
Compiling '/home/maria/agri_ws/install/agri_interfaces/lib/python3.14/site-packages/agri_interfaces/msg/__init__.py'...
Compiling '/home/maria/agri_ws/install/agri_interfaces/lib/python3.14/site-packages/agri_interfaces/msg/_irrigation_command.py'...
Compiling '/home/maria/agri_ws/install/agri_interfaces/lib/python3.14/site-packages/agri_interfaces/msg/_irrigation_state.py'...
Compiling '/home/maria/agri_ws/install/agri_interfaces/lib/python3.14/site-packages/agri_interfaces/msg/_soil_moisture.py'...
-- Up-to-date: /home/maria/agri_ws/install/agri_interfaces/share/agri_interfaces/cmake/rosidl_cmake-extras.cmake
-- Up-to-date: /home/maria/agri_ws/install/agri_interfaces/share/agri_interfaces/cmake/ament_cmake_export_dependencies-extras.cmake
-- Up-to-date: /home/maria/agri_ws/install/agri_interfaces/share/agri_interfaces/cmake/ament_cmake_export_include_directories-extras.cmake
-- Up-to-date: /home/maria/agri_ws/install/agri_interfaces/share/agri_interfaces/cmake/ament_cmake_export_libraries-extras.cmake
-- Up-to-date: /home/maria/agri_ws/install/agri_interfaces/share/agri_interfaces/cmake/ament_cmake_export_targets-extras.cmake
-- Up-to-date: /home/maria/agri_ws/install/agri_interfaces/share/agri_interfaces/cmake/rosidl_cmake_export_typesupport_targets-extras.cmake
-- Up-to-date: /home/maria/agri_ws/install/agri_interfaces/share/agri_interfaces/cmake/rosidl_cmake_export_typesupport_libraries-extras.cmake
-- Up-to-date: /home/maria/agri_ws/install/agri_interfaces/share/agri_interfaces/cmake/rosidl_cmake_aggregate_target-extras.cmake
-- Up-to-date: /home/maria/agri_ws/install/agri_interfaces/share/agri_interfaces/cmake/agri_interfacesConfig.cmake
-- Up-to-date: /home/maria/agri_ws/install/agri_interfaces/share/agri_interfaces/cmake/agri_interfacesConfig-version.cmake
-- Up-to-date: /home/maria/agri_ws/install/agri_interfaces/share/agri_interfaces/package.xml
