[7.463s] Invoking command in '/home/maria/agri_ws/src/agri_sensors': DEBUGINFOD_URLS=https://debuginfod.ubuntu.com PYTHONPATH=/home/maria/agri_ws/build/agri_sensors/prefix_override:/usr/lib/python3/dist-packages/colcon_core/task/python/colcon_distutils_commands:/home/maria/agri_ws/install/agri_sensors/lib/python3.14/site-packages:/home/maria/agri_ws/install/agri_interfaces/lib/python3.14/site-packages:/home/maria/agri_ws/install/agri_sensors/lib/python3.14/site-packages:/home/maria/agri_ws/install/agri_orchestrator/lib/python3.14/site-packages:/home/maria/agri_ws/install/agri_irrigation/lib/python3.14/site-packages:/home/maria/ros2_lyrical/ros2-linux/opt/gz_math_vendor/lib/python:/home/maria/ros2_lyrical/ros2-linux/lib/python3.14/site-packages /usr/bin/python3 -W ignore:setup.py install is deprecated -W ignore:easy_install command is deprecated setup.py egg_info --egg-base ../../build/agri_sensors build --build-base /home/maria/agri_ws/build/agri_sensors/build install --record /home/maria/agri_ws/build/agri_sensors/install.log --install-scripts $base/lib/agri_sensors --single-version-externally-managed install_data
[8.842s] running egg_info
[8.913s] writing ../../build/agri_sensors/agri_sensors.egg-info/PKG-INFO
[8.917s] writing dependency_links to ../../build/agri_sensors/agri_sensors.egg-info/dependency_links.txt
[8.921s] writing entry points to ../../build/agri_sensors/agri_sensors.egg-info/entry_points.txt
[8.921s] writing requirements to ../../build/agri_sensors/agri_sensors.egg-info/requires.txt
[8.922s] writing top-level names to ../../build/agri_sensors/agri_sensors.egg-info/top_level.txt
[9.267s] reading manifest file '../../build/agri_sensors/agri_sensors.egg-info/SOURCES.txt'
[9.272s] writing manifest file '../../build/agri_sensors/agri_sensors.egg-info/SOURCES.txt'
[9.273s] running build
[9.273s] running build_py
[9.274s] copying agri_sensors/__init__.py -> /home/maria/agri_ws/build/agri_sensors/build/lib/agri_sensors
[9.275s] copying agri_sensors/soil_sensor_node.py -> /home/maria/agri_ws/build/agri_sensors/build/lib/agri_sensors
[9.276s] copying agri_sensors/py.typed -> /home/maria/agri_ws/build/agri_sensors/build/lib/agri_sensors
[9.277s] running install
[9.306s] running install_lib
[9.523s] running install_data
[9.524s] copying resource/agri_sensors -> /home/maria/agri_ws/install/agri_sensors/share/ament_index/resource_index/packages
[9.527s] copying package.xml -> /home/maria/agri_ws/install/agri_sensors/share/agri_sensors
[9.531s] running install_egg_info
[9.860s] removing '/home/maria/agri_ws/install/agri_sensors/lib/python3.14/site-packages/agri_sensors-0.0.0-py3.14.egg-info' (and everything under it)
[9.860s] Copying ../../build/agri_sensors/agri_sensors.egg-info to /home/maria/agri_ws/install/agri_sensors/lib/python3.14/site-packages/agri_sensors-0.0.0-py3.14.egg-info
[9.862s] running install_scripts
[10.848s] Installing soil_sensor_node script to /home/maria/agri_ws/install/agri_sensors/lib/agri_sensors
[10.852s] writing list of installed files to '/home/maria/agri_ws/build/agri_sensors/install.log'
[11.086s] Invoked command in '/home/maria/agri_ws/src/agri_sensors' returned '0': DEBUGINFOD_URLS=https://debuginfod.ubuntu.com PYTHONPATH=/home/maria/agri_ws/build/agri_sensors/prefix_override:/usr/lib/python3/dist-packages/colcon_core/task/python/colcon_distutils_commands:/home/maria/agri_ws/install/agri_sensors/lib/python3.14/site-packages:/home/maria/agri_ws/install/agri_interfaces/lib/python3.14/site-packages:/home/maria/agri_ws/install/agri_sensors/lib/python3.14/site-packages:/home/maria/agri_ws/install/agri_orchestrator/lib/python3.14/site-packages:/home/maria/agri_ws/install/agri_irrigation/lib/python3.14/site-packages:/home/maria/ros2_lyrical/ros2-linux/opt/gz_math_vendor/lib/python:/home/maria/ros2_lyrical/ros2-linux/lib/python3.14/site-packages /usr/bin/python3 -W ignore:setup.py install is deprecated -W ignore:easy_install command is deprecated setup.py egg_info --egg-base ../../build/agri_sensors build --build-base /home/maria/agri_ws/build/agri_sensors/build install --record /home/maria/agri_ws/build/agri_sensors/install.log --install-scripts $base/lib/agri_sensors --single-version-externally-managed install_data
