[4.329s] Invoking command in '/home/maria/agri_ws/src/agri_sensors': DEBUGINFOD_URLS=https://debuginfod.ubuntu.com PYTHONPATH=/home/maria/agri_ws/build/agri_sensors/prefix_override:/usr/lib/python3/dist-packages/colcon_core/task/python/colcon_distutils_commands:/home/maria/agri_ws/install/agri_sensors/lib/python3.14/site-packages:${PYTHONPATH} /usr/bin/python3 -W ignore:setup.py install is deprecated -W ignore:easy_install command is deprecated setup.py egg_info --egg-base ../../build/agri_sensors build --build-base /home/maria/agri_ws/build/agri_sensors/build install --record /home/maria/agri_ws/build/agri_sensors/install.log --install-scripts $base/lib/agri_sensors --single-version-externally-managed install_data
[5.269s] running egg_info
[5.340s] writing ../../build/agri_sensors/agri_sensors.egg-info/PKG-INFO
[5.343s] writing dependency_links to ../../build/agri_sensors/agri_sensors.egg-info/dependency_links.txt
[5.344s] writing entry points to ../../build/agri_sensors/agri_sensors.egg-info/entry_points.txt
[5.345s] writing requirements to ../../build/agri_sensors/agri_sensors.egg-info/requires.txt
[5.346s] writing top-level names to ../../build/agri_sensors/agri_sensors.egg-info/top_level.txt
[5.503s] reading manifest file '../../build/agri_sensors/agri_sensors.egg-info/SOURCES.txt'
[5.508s] writing manifest file '../../build/agri_sensors/agri_sensors.egg-info/SOURCES.txt'
[5.509s] running build
[5.513s] running build_py
[5.514s] copying agri_sensors/__init__.py -> /home/maria/agri_ws/build/agri_sensors/build/lib/agri_sensors
[5.514s] copying agri_sensors/soil_sensor_node.py -> /home/maria/agri_ws/build/agri_sensors/build/lib/agri_sensors
[5.521s] copying agri_sensors/py.typed -> /home/maria/agri_ws/build/agri_sensors/build/lib/agri_sensors
[5.521s] running install
[5.536s] running install_lib
[5.620s] running install_data
[5.621s] copying resource/agri_sensors -> /home/maria/agri_ws/install/agri_sensors/share/ament_index/resource_index/packages
[5.626s] copying package.xml -> /home/maria/agri_ws/install/agri_sensors/share/agri_sensors
[5.627s] running install_egg_info
[5.801s] removing '/home/maria/agri_ws/install/agri_sensors/lib/python3.14/site-packages/agri_sensors-0.0.0-py3.14.egg-info' (and everything under it)
[5.804s] Copying ../../build/agri_sensors/agri_sensors.egg-info to /home/maria/agri_ws/install/agri_sensors/lib/python3.14/site-packages/agri_sensors-0.0.0-py3.14.egg-info
[5.808s] running install_scripts
[6.600s] Installing soil_sensor_node script to /home/maria/agri_ws/install/agri_sensors/lib/agri_sensors
[6.603s] writing list of installed files to '/home/maria/agri_ws/build/agri_sensors/install.log'
[6.735s] Invoked command in '/home/maria/agri_ws/src/agri_sensors' returned '0': DEBUGINFOD_URLS=https://debuginfod.ubuntu.com PYTHONPATH=/home/maria/agri_ws/build/agri_sensors/prefix_override:/usr/lib/python3/dist-packages/colcon_core/task/python/colcon_distutils_commands:/home/maria/agri_ws/install/agri_sensors/lib/python3.14/site-packages:${PYTHONPATH} /usr/bin/python3 -W ignore:setup.py install is deprecated -W ignore:easy_install command is deprecated setup.py egg_info --egg-base ../../build/agri_sensors build --build-base /home/maria/agri_ws/build/agri_sensors/build install --record /home/maria/agri_ws/build/agri_sensors/install.log --install-scripts $base/lib/agri_sensors --single-version-externally-managed install_data
