running egg_info
creating ../../build/agri_irrigation/agri_irrigation.egg-info
writing ../../build/agri_irrigation/agri_irrigation.egg-info/PKG-INFO
writing dependency_links to ../../build/agri_irrigation/agri_irrigation.egg-info/dependency_links.txt
writing requirements to ../../build/agri_irrigation/agri_irrigation.egg-info/requires.txt
writing top-level names to ../../build/agri_irrigation/agri_irrigation.egg-info/top_level.txt
writing manifest file '../../build/agri_irrigation/agri_irrigation.egg-info/SOURCES.txt'
reading manifest file '../../build/agri_irrigation/agri_irrigation.egg-info/SOURCES.txt'
writing manifest file '../../build/agri_irrigation/agri_irrigation.egg-info/SOURCES.txt'
running build
running build_py
creating /home/maria/agri_ws/build/agri_irrigation/build/lib/agri_irrigation
copying agri_irrigation/__init__.py -> /home/maria/agri_ws/build/agri_irrigation/build/lib/agri_irrigation
copying agri_irrigation/py.typed -> /home/maria/agri_ws/build/agri_irrigation/build/lib/agri_irrigation
running install
running install_lib
creating /home/maria/agri_ws/install/agri_irrigation/lib/python3.14/site-packages/agri_irrigation
copying /home/maria/agri_ws/build/agri_irrigation/build/lib/agri_irrigation/__init__.py -> /home/maria/agri_ws/install/agri_irrigation/lib/python3.14/site-packages/agri_irrigation
copying /home/maria/agri_ws/build/agri_irrigation/build/lib/agri_irrigation/py.typed -> /home/maria/agri_ws/install/agri_irrigation/lib/python3.14/site-packages/agri_irrigation
byte-compiling /home/maria/agri_ws/install/agri_irrigation/lib/python3.14/site-packages/agri_irrigation/__init__.py to __init__.cpython-314.pyc
running install_data
creating /home/maria/agri_ws/install/agri_irrigation/share/ament_index/resource_index/packages
copying resource/agri_irrigation -> /home/maria/agri_ws/install/agri_irrigation/share/ament_index/resource_index/packages
copying package.xml -> /home/maria/agri_ws/install/agri_irrigation/share/agri_irrigation
running install_egg_info
Copying ../../build/agri_irrigation/agri_irrigation.egg-info to /home/maria/agri_ws/install/agri_irrigation/lib/python3.14/site-packages/agri_irrigation-0.0.0-py3.14.egg-info
running install_scripts
writing list of installed files to '/home/maria/agri_ws/build/agri_irrigation/install.log'
