[-1788627663252133632.000s] DEBUG:colcon:Command line arguments: ['/usr/bin/colcon', 'list']
[-1788627663252133632.000s] DEBUG:colcon:Parsed command line arguments: Namespace(log_base=None, log_level=None, verb_name='list', build_base='build', ignore_user_meta=False, metas=['./colcon.meta'], base_paths=['.'], packages_ignore=None, packages_ignore_regex=None, paths=None, packages_up_to=None, packages_up_to_regex=None, packages_above=None, packages_above_and_dependencies=None, packages_above_depth=None, packages_select_by_dep=None, packages_skip_by_dep=None, packages_skip_up_to=None, packages_select_build_failed=False, packages_skip_build_finished=False, packages_select_test_failures=False, packages_skip_test_passed=False, packages_select=None, packages_skip=None, packages_select_regex=None, packages_skip_regex=None, packages_start=None, packages_end=None, allow_overriding=[], topological_order=False, names_only=False, paths_only=False, topological_graph=False, topological_graph_dot=False, topological_graph_density=False, topological_graph_legend=False, topological_graph_dot_cluster=False, topological_graph_dot_include_skipped=False, mixin_files=None, mixin=None, verb_parser=<colcon_mixin.mixin.mixin_argument.MixinArgumentDecorator object at 0x7bea3c2cf790>, verb_extension=<colcon_package_information.verb.list.ListVerb object at 0x7bea3c2df8c0>, main=<bound method ListVerb.main of <colcon_package_information.verb.list.ListVerb object at 0x7bea3c2df8c0>>, mixin_verb=('list',))
[-1788627663252133632.000s] Level 1:colcon.colcon_core.package_discovery:discover_packages(colcon_meta) check parameters
[-1788627663252133632.000s] Level 1:colcon.colcon_core.package_discovery:discover_packages(recursive) check parameters
[-1788627663252133632.000s] Level 1:colcon.colcon_core.package_discovery:discover_packages(ignore) check parameters
[-1788627663252133632.000s] Level 1:colcon.colcon_core.package_discovery:discover_packages(path) check parameters
[-1788627663252133632.000s] Level 1:colcon.colcon_core.package_discovery:discover_packages(colcon_meta) discover
[-1788627663252133632.000s] Level 1:colcon.colcon_core.package_discovery:discover_packages(recursive) discover
[-1788627663252133632.000s] INFO:colcon.colcon_core.package_discovery:Crawling recursively for packages in '/home/maria/agri_ws'
[-1788627663252133632.000s] Level 1:colcon.colcon_core.package_identification:_identify(.) by extensions ['ignore', 'ignore_ament_install']
[-1788627663252133632.000s] Level 1:colcon.colcon_core.package_identification:_identify(.) by extension 'ignore'
[-1788627663252133632.000s] Level 1:colcon.colcon_core.package_identification:_identify(.) by extension 'ignore_ament_install'
[-1788627663252133632.000s] Level 1:colcon.colcon_core.package_identification:_identify(.) by extensions ['colcon_pkg']
[-1788627663252133632.000s] Level 1:colcon.colcon_core.package_identification:_identify(.) by extension 'colcon_pkg'
[-1788627663252133632.000s] Level 1:colcon.colcon_core.package_identification:_identify(.) by extensions ['colcon_meta']
[-1788627663252133632.000s] Level 1:colcon.colcon_core.package_identification:_identify(.) by extension 'colcon_meta'
[-1788627663252133632.000s] Level 1:colcon.colcon_core.package_identification:_identify(.) by extensions ['ros']
[-1788627663252133632.000s] Level 1:colcon.colcon_core.package_identification:_identify(.) by extension 'ros'
[-1788627663252133632.000s] Level 1:colcon.colcon_core.package_identification:_identify(.) by extensions ['cmake', 'python']
[-1788627663252133632.000s] Level 1:colcon.colcon_core.package_identification:_identify(.) by extension 'cmake'
[-1788627663252133632.000s] Level 1:colcon.colcon_core.package_identification:_identify(.) by extension 'python'
[-1788627663252133632.000s] Level 1:colcon.colcon_core.package_identification:_identify(.) by extensions ['python_setup_py']
[-1788627663252133632.000s] Level 1:colcon.colcon_core.package_identification:_identify(.) by extension 'python_setup_py'
[-1788627663252133632.000s] Level 1:colcon.colcon_core.package_identification:_identify(analysis) by extensions ['ignore', 'ignore_ament_install']
[-1788627663252133632.000s] Level 1:colcon.colcon_core.package_identification:_identify(analysis) by extension 'ignore'
[-1788627663252133632.000s] Level 1:colcon.colcon_core.package_identification:_identify(analysis) by extension 'ignore_ament_install'
[-1788627663252133632.000s] Level 1:colcon.colcon_core.package_identification:_identify(analysis) by extensions ['colcon_pkg']
[-1788627663252133632.000s] Level 1:colcon.colcon_core.package_identification:_identify(analysis) by extension 'colcon_pkg'
[-1788627663252133632.000s] Level 1:colcon.colcon_core.package_identification:_identify(analysis) by extensions ['colcon_meta']
[-1788627663252133632.000s] Level 1:colcon.colcon_core.package_identification:_identify(analysis) by extension 'colcon_meta'
[-1788627663252133632.000s] Level 1:colcon.colcon_core.package_identification:_identify(analysis) by extensions ['ros']
[-1788627663252133632.000s] Level 1:colcon.colcon_core.package_identification:_identify(analysis) by extension 'ros'
[-1788627663252133632.000s] Level 1:colcon.colcon_core.package_identification:_identify(analysis) by extensions ['cmake', 'python']
[-1788627663252133632.000s] Level 1:colcon.colcon_core.package_identification:_identify(analysis) by extension 'cmake'
[-1788627663252133632.000s] Level 1:colcon.colcon_core.package_identification:_identify(analysis) by extension 'python'
[-1788627663252133632.000s] Level 1:colcon.colcon_core.package_identification:_identify(analysis) by extensions ['python_setup_py']
[-1788627663252133632.000s] Level 1:colcon.colcon_core.package_identification:_identify(analysis) by extension 'python_setup_py'
[-1788627663252133632.000s] Level 1:colcon.colcon_core.package_identification:_identify(bags) by extensions ['ignore', 'ignore_ament_install']
[-1788627663252133632.000s] Level 1:colcon.colcon_core.package_identification:_identify(bags) by extension 'ignore'
[-1788627663252133632.000s] Level 1:colcon.colcon_core.package_identification:_identify(bags) by extension 'ignore_ament_install'
[-1788627663252133632.000s] Level 1:colcon.colcon_core.package_identification:_identify(bags) by extensions ['colcon_pkg']
[-1788627663252133632.000s] Level 1:colcon.colcon_core.package_identification:_identify(bags) by extension 'colcon_pkg'
[-1788627663252133632.000s] Level 1:colcon.colcon_core.package_identification:_identify(bags) by extensions ['colcon_meta']
[-1788627663252133632.000s] Level 1:colcon.colcon_core.package_identification:_identify(bags) by extension 'colcon_meta'
[-1788627663252133632.000s] Level 1:colcon.colcon_core.package_identification:_identify(bags) by extensions ['ros']
[-1788627663252133632.000s] Level 1:colcon.colcon_core.package_identification:_identify(bags) by extension 'ros'
[-1788627663252133632.000s] Level 1:colcon.colcon_core.package_identification:_identify(bags) by extensions ['cmake', 'python']
[-1788627663252133632.000s] Level 1:colcon.colcon_core.package_identification:_identify(bags) by extension 'cmake'
[-1788627663252133632.000s] Level 1:colcon.colcon_core.package_identification:_identify(bags) by extension 'python'
[-1788627663252133632.000s] Level 1:colcon.colcon_core.package_identification:_identify(bags) by extensions ['python_setup_py']
[-1788627663252133632.000s] Level 1:colcon.colcon_core.package_identification:_identify(bags) by extension 'python_setup_py'
[-1788627663252133632.000s] Level 1:colcon.colcon_core.package_identification:_identify(bags/experimento_latencia_01) by extensions ['ignore', 'ignore_ament_install']
[-1788627663252133632.000s] Level 1:colcon.colcon_core.package_identification:_identify(bags/experimento_latencia_01) by extension 'ignore'
[-1788627663252133632.000s] Level 1:colcon.colcon_core.package_identification:_identify(bags/experimento_latencia_01) by extension 'ignore_ament_install'
[-1788627663252133632.000s] Level 1:colcon.colcon_core.package_identification:_identify(bags/experimento_latencia_01) by extensions ['colcon_pkg']
[-1788627663252133632.000s] Level 1:colcon.colcon_core.package_identification:_identify(bags/experimento_latencia_01) by extension 'colcon_pkg'
[-1788627663252133632.000s] Level 1:colcon.colcon_core.package_identification:_identify(bags/experimento_latencia_01) by extensions ['colcon_meta']
[-1788627663252133632.000s] Level 1:colcon.colcon_core.package_identification:_identify(bags/experimento_latencia_01) by extension 'colcon_meta'
[-1788627663252133632.000s] Level 1:colcon.colcon_core.package_identification:_identify(bags/experimento_latencia_01) by extensions ['ros']
[-1788627663252133632.000s] Level 1:colcon.colcon_core.package_identification:_identify(bags/experimento_latencia_01) by extension 'ros'
[-1788627663252133632.000s] Level 1:colcon.colcon_core.package_identification:_identify(bags/experimento_latencia_01) by extensions ['cmake', 'python']
[-1788627663252133632.000s] Level 1:colcon.colcon_core.package_identification:_identify(bags/experimento_latencia_01) by extension 'cmake'
[-1788627663252133632.000s] Level 1:colcon.colcon_core.package_identification:_identify(bags/experimento_latencia_01) by extension 'python'
[-1788627663252133632.000s] Level 1:colcon.colcon_core.package_identification:_identify(bags/experimento_latencia_01) by extensions ['python_setup_py']
[-1788627663252133632.000s] Level 1:colcon.colcon_core.package_identification:_identify(bags/experimento_latencia_01) by extension 'python_setup_py'
[-1788627663252133632.000s] Level 1:colcon.colcon_core.package_identification:_identify(bags/rosbag2_2026_08_26-23_37_05) by extensions ['ignore', 'ignore_ament_install']
[-1788627663252133632.000s] Level 1:colcon.colcon_core.package_identification:_identify(bags/rosbag2_2026_08_26-23_37_05) by extension 'ignore'
[-1788627663252133632.000s] Level 1:colcon.colcon_core.package_identification:_identify(bags/rosbag2_2026_08_26-23_37_05) by extension 'ignore_ament_install'
[-1788627663252133632.000s] Level 1:colcon.colcon_core.package_identification:_identify(bags/rosbag2_2026_08_26-23_37_05) by extensions ['colcon_pkg']
[-1788627663252133632.000s] Level 1:colcon.colcon_core.package_identification:_identify(bags/rosbag2_2026_08_26-23_37_05) by extension 'colcon_pkg'
[-1788627663252133632.000s] Level 1:colcon.colcon_core.package_identification:_identify(bags/rosbag2_2026_08_26-23_37_05) by extensions ['colcon_meta']
[-1788627663252133632.000s] Level 1:colcon.colcon_core.package_identification:_identify(bags/rosbag2_2026_08_26-23_37_05) by extension 'colcon_meta'
[-1788627663252133632.000s] Level 1:colcon.colcon_core.package_identification:_identify(bags/rosbag2_2026_08_26-23_37_05) by extensions ['ros']
[-1788627663252133632.000s] Level 1:colcon.colcon_core.package_identification:_identify(bags/rosbag2_2026_08_26-23_37_05) by extension 'ros'
[-1788627663252133632.000s] Level 1:colcon.colcon_core.package_identification:_identify(bags/rosbag2_2026_08_26-23_37_05) by extensions ['cmake', 'python']
[-1788627663252133632.000s] Level 1:colcon.colcon_core.package_identification:_identify(bags/rosbag2_2026_08_26-23_37_05) by extension 'cmake'
[-1788627663252133632.000s] Level 1:colcon.colcon_core.package_identification:_identify(bags/rosbag2_2026_08_26-23_37_05) by extension 'python'
[-1788627663252133632.000s] Level 1:colcon.colcon_core.package_identification:_identify(bags/rosbag2_2026_08_26-23_37_05) by extensions ['python_setup_py']
[-1788627663252133632.000s] Level 1:colcon.colcon_core.package_identification:_identify(bags/rosbag2_2026_08_26-23_37_05) by extension 'python_setup_py'
[-1788627663252133632.000s] Level 1:colcon.colcon_core.package_identification:_identify(bags/rosbag2_2026_09_04-19_47_01) by extensions ['ignore', 'ignore_ament_install']
[-1788627663252133632.000s] Level 1:colcon.colcon_core.package_identification:_identify(bags/rosbag2_2026_09_04-19_47_01) by extension 'ignore'
[-1788627663252133632.000s] Level 1:colcon.colcon_core.package_identification:_identify(bags/rosbag2_2026_09_04-19_47_01) by extension 'ignore_ament_install'
[-1788627663252133632.000s] Level 1:colcon.colcon_core.package_identification:_identify(bags/rosbag2_2026_09_04-19_47_01) by extensions ['colcon_pkg']
[-1788627663252133632.000s] Level 1:colcon.colcon_core.package_identification:_identify(bags/rosbag2_2026_09_04-19_47_01) by extension 'colcon_pkg'
[-1788627663252133632.000s] Level 1:colcon.colcon_core.package_identification:_identify(bags/rosbag2_2026_09_04-19_47_01) by extensions ['colcon_meta']
[-1788627663252133632.000s] Level 1:colcon.colcon_core.package_identification:_identify(bags/rosbag2_2026_09_04-19_47_01) by extension 'colcon_meta'
[-1788627663252133632.000s] Level 1:colcon.colcon_core.package_identification:_identify(bags/rosbag2_2026_09_04-19_47_01) by extensions ['ros']
[-1788627663252133632.000s] Level 1:colcon.colcon_core.package_identification:_identify(bags/rosbag2_2026_09_04-19_47_01) by extension 'ros'
[-1788627663252133632.000s] Level 1:colcon.colcon_core.package_identification:_identify(bags/rosbag2_2026_09_04-19_47_01) by extensions ['cmake', 'python']
[-1788627663252133632.000s] Level 1:colcon.colcon_core.package_identification:_identify(bags/rosbag2_2026_09_04-19_47_01) by extension 'cmake'
[-1788627663252133632.000s] Level 1:colcon.colcon_core.package_identification:_identify(bags/rosbag2_2026_09_04-19_47_01) by extension 'python'
[-1788627663252133632.000s] Level 1:colcon.colcon_core.package_identification:_identify(bags/rosbag2_2026_09_04-19_47_01) by extensions ['python_setup_py']
[-1788627663252133632.000s] Level 1:colcon.colcon_core.package_identification:_identify(bags/rosbag2_2026_09_04-19_47_01) by extension 'python_setup_py'
[-1788627663252133632.000s] Level 1:colcon.colcon_core.package_identification:_identify(bags/rosbag2_2026_09_04-20_08_27) by extensions ['ignore', 'ignore_ament_install']
[-1788627663252133632.000s] Level 1:colcon.colcon_core.package_identification:_identify(bags/rosbag2_2026_09_04-20_08_27) by extension 'ignore'
[-1788627663252133632.000s] Level 1:colcon.colcon_core.package_identification:_identify(bags/rosbag2_2026_09_04-20_08_27) by extension 'ignore_ament_install'
[-1788627663252133632.000s] Level 1:colcon.colcon_core.package_identification:_identify(bags/rosbag2_2026_09_04-20_08_27) by extensions ['colcon_pkg']
[-1788627663252133632.000s] Level 1:colcon.colcon_core.package_identification:_identify(bags/rosbag2_2026_09_04-20_08_27) by extension 'colcon_pkg'
[-1788627663252133632.000s] Level 1:colcon.colcon_core.package_identification:_identify(bags/rosbag2_2026_09_04-20_08_27) by extensions ['colcon_meta']
[-1788627663252133632.000s] Level 1:colcon.colcon_core.package_identification:_identify(bags/rosbag2_2026_09_04-20_08_27) by extension 'colcon_meta'
[-1788627663252133632.000s] Level 1:colcon.colcon_core.package_identification:_identify(bags/rosbag2_2026_09_04-20_08_27) by extensions ['ros']
[-1788627663252133632.000s] Level 1:colcon.colcon_core.package_identification:_identify(bags/rosbag2_2026_09_04-20_08_27) by extension 'ros'
[-1788627663252133632.000s] Level 1:colcon.colcon_core.package_identification:_identify(bags/rosbag2_2026_09_04-20_08_27) by extensions ['cmake', 'python']
[-1788627663252133632.000s] Level 1:colcon.colcon_core.package_identification:_identify(bags/rosbag2_2026_09_04-20_08_27) by extension 'cmake'
[-1788627663252133632.000s] Level 1:colcon.colcon_core.package_identification:_identify(bags/rosbag2_2026_09_04-20_08_27) by extension 'python'
[-1788627663252133632.000s] Level 1:colcon.colcon_core.package_identification:_identify(bags/rosbag2_2026_09_04-20_08_27) by extensions ['python_setup_py']
[-1788627663252133632.000s] Level 1:colcon.colcon_core.package_identification:_identify(bags/rosbag2_2026_09_04-20_08_27) by extension 'python_setup_py'
[-1788627663252133632.000s] Level 1:colcon.colcon_core.package_identification:_identify(build) by extensions ['ignore', 'ignore_ament_install']
[-1788627663252133632.000s] Level 1:colcon.colcon_core.package_identification:_identify(build) by extension 'ignore'
[-1788627663252133632.000s] Level 1:colcon.colcon_core.package_identification:_identify(build) ignored
[-1788627663252133632.000s] Level 1:colcon.colcon_core.package_identification:_identify(install) by extensions ['ignore', 'ignore_ament_install']
[-1788627663252133632.000s] Level 1:colcon.colcon_core.package_identification:_identify(install) by extension 'ignore'
[-1788627663252133632.000s] Level 1:colcon.colcon_core.package_identification:_identify(install) ignored
[-1788627663252133632.000s] Level 1:colcon.colcon_core.package_identification:_identify(log) by extensions ['ignore', 'ignore_ament_install']
[-1788627663252133632.000s] Level 1:colcon.colcon_core.package_identification:_identify(log) by extension 'ignore'
[-1788627663252133632.000s] Level 1:colcon.colcon_core.package_identification:_identify(log) ignored
[-1788627663252133632.000s] Level 1:colcon.colcon_core.package_identification:_identify(src) by extensions ['ignore', 'ignore_ament_install']
[-1788627663252133632.000s] Level 1:colcon.colcon_core.package_identification:_identify(src) by extension 'ignore'
[-1788627663252133632.000s] Level 1:colcon.colcon_core.package_identification:_identify(src) by extension 'ignore_ament_install'
[-1788627663252133632.000s] Level 1:colcon.colcon_core.package_identification:_identify(src) by extensions ['colcon_pkg']
[-1788627663252133632.000s] Level 1:colcon.colcon_core.package_identification:_identify(src) by extension 'colcon_pkg'
[-1788627663252133632.000s] Level 1:colcon.colcon_core.package_identification:_identify(src) by extensions ['colcon_meta']
[-1788627663252133632.000s] Level 1:colcon.colcon_core.package_identification:_identify(src) by extension 'colcon_meta'
[-1788627663252133632.000s] Level 1:colcon.colcon_core.package_identification:_identify(src) by extensions ['ros']
[-1788627663252133632.000s] Level 1:colcon.colcon_core.package_identification:_identify(src) by extension 'ros'
[-1788627663252133632.000s] Level 1:colcon.colcon_core.package_identification:_identify(src) by extensions ['cmake', 'python']
[-1788627663252133632.000s] Level 1:colcon.colcon_core.package_identification:_identify(src) by extension 'cmake'
[-1788627663252133632.000s] Level 1:colcon.colcon_core.package_identification:_identify(src) by extension 'python'
[-1788627663252133632.000s] Level 1:colcon.colcon_core.package_identification:_identify(src) by extensions ['python_setup_py']
[-1788627663252133632.000s] Level 1:colcon.colcon_core.package_identification:_identify(src) by extension 'python_setup_py'
[-1788627663252133632.000s] Level 1:colcon.colcon_core.package_identification:_identify(src/agri_interfaces) by extensions ['ignore', 'ignore_ament_install']
[-1788627663252133632.000s] Level 1:colcon.colcon_core.package_identification:_identify(src/agri_interfaces) by extension 'ignore'
[-1788627663252133632.000s] Level 1:colcon.colcon_core.package_identification:_identify(src/agri_interfaces) by extension 'ignore_ament_install'
[-1788627663252133632.000s] Level 1:colcon.colcon_core.package_identification:_identify(src/agri_interfaces) by extensions ['colcon_pkg']
[-1788627663252133632.000s] Level 1:colcon.colcon_core.package_identification:_identify(src/agri_interfaces) by extension 'colcon_pkg'
[-1788627663252133632.000s] Level 1:colcon.colcon_core.package_identification:_identify(src/agri_interfaces) by extensions ['colcon_meta']
[-1788627663252133632.000s] Level 1:colcon.colcon_core.package_identification:_identify(src/agri_interfaces) by extension 'colcon_meta'
[-1788627663252133632.000s] Level 1:colcon.colcon_core.package_identification:_identify(src/agri_interfaces) by extensions ['ros']
[-1788627663252133632.000s] Level 1:colcon.colcon_core.package_identification:_identify(src/agri_interfaces) by extension 'ros'
[-1788627663252133632.000s] DEBUG:colcon.colcon_core.package_identification:Package 'src/agri_interfaces' with type 'ros.ament_cmake' and name 'agri_interfaces'
[-1788627663252133632.000s] Level 1:colcon.colcon_core.package_identification:_identify(src/agri_irrigation) by extensions ['ignore', 'ignore_ament_install']
[-1788627663252133632.000s] Level 1:colcon.colcon_core.package_identification:_identify(src/agri_irrigation) by extension 'ignore'
[-1788627663252133632.000s] Level 1:colcon.colcon_core.package_identification:_identify(src/agri_irrigation) by extension 'ignore_ament_install'
[-1788627663252133632.000s] Level 1:colcon.colcon_core.package_identification:_identify(src/agri_irrigation) by extensions ['colcon_pkg']
[-1788627663252133632.000s] Level 1:colcon.colcon_core.package_identification:_identify(src/agri_irrigation) by extension 'colcon_pkg'
[-1788627663252133632.000s] Level 1:colcon.colcon_core.package_identification:_identify(src/agri_irrigation) by extensions ['colcon_meta']
[-1788627663252133632.000s] Level 1:colcon.colcon_core.package_identification:_identify(src/agri_irrigation) by extension 'colcon_meta'
[-1788627663252133632.000s] Level 1:colcon.colcon_core.package_identification:_identify(src/agri_irrigation) by extensions ['ros']
[-1788627663252133632.000s] Level 1:colcon.colcon_core.package_identification:_identify(src/agri_irrigation) by extension 'ros'
[-1788627663252133632.000s] DEBUG:colcon.colcon_core.package_identification:Package 'src/agri_irrigation' with type 'ros.ament_python' and name 'agri_irrigation'
[-1788627663252133632.000s] Level 1:colcon.colcon_core.package_identification:_identify(src/agri_orchestrator) by extensions ['ignore', 'ignore_ament_install']
[-1788627663252133632.000s] Level 1:colcon.colcon_core.package_identification:_identify(src/agri_orchestrator) by extension 'ignore'
[-1788627663252133632.000s] Level 1:colcon.colcon_core.package_identification:_identify(src/agri_orchestrator) by extension 'ignore_ament_install'
[-1788627663252133632.000s] Level 1:colcon.colcon_core.package_identification:_identify(src/agri_orchestrator) by extensions ['colcon_pkg']
[-1788627663252133632.000s] Level 1:colcon.colcon_core.package_identification:_identify(src/agri_orchestrator) by extension 'colcon_pkg'
[-1788627663252133632.000s] Level 1:colcon.colcon_core.package_identification:_identify(src/agri_orchestrator) by extensions ['colcon_meta']
[-1788627663252133632.000s] Level 1:colcon.colcon_core.package_identification:_identify(src/agri_orchestrator) by extension 'colcon_meta'
[-1788627663252133632.000s] Level 1:colcon.colcon_core.package_identification:_identify(src/agri_orchestrator) by extensions ['ros']
[-1788627663252133632.000s] Level 1:colcon.colcon_core.package_identification:_identify(src/agri_orchestrator) by extension 'ros'
[-1788627663252133632.000s] DEBUG:colcon.colcon_core.package_identification:Package 'src/agri_orchestrator' with type 'ros.ament_python' and name 'agri_orchestrator'
[-1788627663252133632.000s] Level 1:colcon.colcon_core.package_identification:_identify(src/agri_robot_control) by extensions ['ignore', 'ignore_ament_install']
[-1788627663252133632.000s] Level 1:colcon.colcon_core.package_identification:_identify(src/agri_robot_control) by extension 'ignore'
[-1788627663252133632.000s] Level 1:colcon.colcon_core.package_identification:_identify(src/agri_robot_control) by extension 'ignore_ament_install'
[-1788627663252133632.000s] Level 1:colcon.colcon_core.package_identification:_identify(src/agri_robot_control) by extensions ['colcon_pkg']
[-1788627663252133632.000s] Level 1:colcon.colcon_core.package_identification:_identify(src/agri_robot_control) by extension 'colcon_pkg'
[-1788627663252133632.000s] Level 1:colcon.colcon_core.package_identification:_identify(src/agri_robot_control) by extensions ['colcon_meta']
[-1788627663252133632.000s] Level 1:colcon.colcon_core.package_identification:_identify(src/agri_robot_control) by extension 'colcon_meta'
[-1788627663252133632.000s] Level 1:colcon.colcon_core.package_identification:_identify(src/agri_robot_control) by extensions ['ros']
[-1788627663252133632.000s] Level 1:colcon.colcon_core.package_identification:_identify(src/agri_robot_control) by extension 'ros'
[-1788627663252133632.000s] DEBUG:colcon.colcon_core.package_identification:Package 'src/agri_robot_control' with type 'ros.ament_python' and name 'agri_robot_control'
[-1788627663252133632.000s] Level 1:colcon.colcon_core.package_identification:_identify(src/agri_sensors) by extensions ['ignore', 'ignore_ament_install']
[-1788627663252133632.000s] Level 1:colcon.colcon_core.package_identification:_identify(src/agri_sensors) by extension 'ignore'
[-1788627663252133632.000s] Level 1:colcon.colcon_core.package_identification:_identify(src/agri_sensors) by extension 'ignore_ament_install'
[-1788627663252133632.000s] Level 1:colcon.colcon_core.package_identification:_identify(src/agri_sensors) by extensions ['colcon_pkg']
[-1788627663252133632.000s] Level 1:colcon.colcon_core.package_identification:_identify(src/agri_sensors) by extension 'colcon_pkg'
[-1788627663252133632.000s] Level 1:colcon.colcon_core.package_identification:_identify(src/agri_sensors) by extensions ['colcon_meta']
[-1788627663252133632.000s] Level 1:colcon.colcon_core.package_identification:_identify(src/agri_sensors) by extension 'colcon_meta'
[-1788627663252133632.000s] Level 1:colcon.colcon_core.package_identification:_identify(src/agri_sensors) by extensions ['ros']
[-1788627663252133632.000s] Level 1:colcon.colcon_core.package_identification:_identify(src/agri_sensors) by extension 'ros'
[-1788627663252133632.000s] DEBUG:colcon.colcon_core.package_identification:Package 'src/agri_sensors' with type 'ros.ament_python' and name 'agri_sensors'
[-1788627663252133632.000s] Level 1:colcon.colcon_core.package_identification:_identify(src/agri_simulation) by extensions ['ignore', 'ignore_ament_install']
[-1788627663252133632.000s] Level 1:colcon.colcon_core.package_identification:_identify(src/agri_simulation) by extension 'ignore'
[-1788627663252133632.000s] Level 1:colcon.colcon_core.package_identification:_identify(src/agri_simulation) by extension 'ignore_ament_install'
[-1788627663252133632.000s] Level 1:colcon.colcon_core.package_identification:_identify(src/agri_simulation) by extensions ['colcon_pkg']
[-1788627663252133632.000s] Level 1:colcon.colcon_core.package_identification:_identify(src/agri_simulation) by extension 'colcon_pkg'
[-1788627663252133632.000s] Level 1:colcon.colcon_core.package_identification:_identify(src/agri_simulation) by extensions ['colcon_meta']
[-1788627663252133632.000s] Level 1:colcon.colcon_core.package_identification:_identify(src/agri_simulation) by extension 'colcon_meta'
[-1788627663252133632.000s] Level 1:colcon.colcon_core.package_identification:_identify(src/agri_simulation) by extensions ['ros']
[-1788627663252133632.000s] Level 1:colcon.colcon_core.package_identification:_identify(src/agri_simulation) by extension 'ros'
[-1788627663252133632.000s] DEBUG:colcon.colcon_core.package_identification:Package 'src/agri_simulation' with type 'ros.ament_cmake' and name 'agri_simulation'
[-1788627663252133632.000s] Level 1:colcon.colcon_core.package_identification:_identify(src/build) by extensions ['ignore', 'ignore_ament_install']
[-1788627663252133632.000s] Level 1:colcon.colcon_core.package_identification:_identify(src/build) by extension 'ignore'
[-1788627663252133632.000s] Level 1:colcon.colcon_core.package_identification:_identify(src/build) ignored
[-1788627663252133632.000s] Level 1:colcon.colcon_core.package_identification:_identify(src/install) by extensions ['ignore', 'ignore_ament_install']
[-1788627663252133632.000s] Level 1:colcon.colcon_core.package_identification:_identify(src/install) by extension 'ignore'
[-1788627663252133632.000s] Level 1:colcon.colcon_core.package_identification:_identify(src/install) ignored
[-1788627663252133632.000s] Level 1:colcon.colcon_core.package_identification:_identify(src/log) by extensions ['ignore', 'ignore_ament_install']
[-1788627663252133632.000s] Level 1:colcon.colcon_core.package_identification:_identify(src/log) by extension 'ignore'
[-1788627663252133632.000s] Level 1:colcon.colcon_core.package_identification:_identify(src/log) ignored
[-1788627663252133632.000s] Level 1:colcon.colcon_core.package_discovery:discover_packages(recursive) using defaults
[-1788627663252133632.000s] Level 1:colcon.colcon_core.package_discovery:discover_packages(ignore) discover
[-1788627663252133632.000s] Level 1:colcon.colcon_core.package_discovery:discover_packages(ignore) using defaults
[-1788627663252133632.000s] Level 1:colcon.colcon_core.package_discovery:discover_packages(path) discover
[-1788627663252133632.000s] Level 1:colcon.colcon_core.package_discovery:discover_packages(path) using defaults
