[0.052s] Invoking command in '/home/maria/agri_ws/build/agri_interfaces': CMAKE_PREFIX_PATH=${CMAKE_PREFIX_PATH}:/home/maria/agri_ws/src/install/agri_sensors:/home/maria/agri_ws/src/install/agri_orchestrator:/home/maria/agri_ws/src/install/agri_irrigation:/home/maria/agri_ws/install/agri_sensors:/home/maria/agri_ws/install/agri_orchestrator:/home/maria/agri_ws/install/agri_irrigation DEBUGINFOD_URLS=https://debuginfod.ubuntu.com /usr/bin/cmake /home/maria/agri_ws/agri_interfaces -DCMAKE_INSTALL_PREFIX=/home/maria/agri_ws/install/agri_interfaces
[0.114s] -- Found ament_cmake: 2.8.8 (/home/maria/ros2_lyrical/ros2-linux/share/ament_cmake/cmake)
[0.573s] -- Found rosidl_default_generators: 1.8.1 (/home/maria/ros2_lyrical/ros2-linux/share/rosidl_default_generators/cmake)
[0.584s] -- Using all available rosidl_typesupport_c: rosidl_typesupport_fastrtps_c;rosidl_typesupport_introspection_c
[0.663s] -- Using all available rosidl_typesupport_cpp: rosidl_typesupport_fastrtps_cpp;rosidl_typesupport_introspection_cpp
[0.738s] -- Found rosidl_adapter: 5.2.1 (/home/maria/ros2_lyrical/ros2-linux/share/rosidl_adapter/cmake)
[0.748s] -- Found builtin_interfaces: 2.4.5 (/home/maria/ros2_lyrical/ros2-linux/share/builtin_interfaces/cmake)
[1.017s] -- Found Python3: /usr/bin/python3 (found version "3.14.4") found components: Interpreter
[2.531s] -- Using all available rosidl_typesupport_c: rosidl_typesupport_fastrtps_c;rosidl_typesupport_introspection_c
[3.434s] -- Using all available rosidl_typesupport_cpp: rosidl_typesupport_fastrtps_cpp;rosidl_typesupport_introspection_cpp
[4.331s] -- Found Python3: /usr/bin/python3 (found version "3.14.4") found components: Interpreter Development NumPy Development.Module Development.Embed
[4.444s] -- Found Python3: /usr/bin/python3 (found version "3.14.4") found components: Interpreter
[4.447s] -- Found ament_lint_auto: 0.20.6 (/home/maria/ros2_lyrical/ros2-linux/share/ament_lint_auto/cmake)
[4.532s] -- Added test 'lint_cmake' to check CMake code style
[4.537s] -- Added test 'xmllint' to check XML markup files
[4.554s] -- Configuring done (4.5s)
[4.651s] -- Generating done (0.1s)
[4.692s] -- Build files have been written to: /home/maria/agri_ws/build/agri_interfaces
[4.707s] Invoked command in '/home/maria/agri_ws/build/agri_interfaces' returned '0': CMAKE_PREFIX_PATH=${CMAKE_PREFIX_PATH}:/home/maria/agri_ws/src/install/agri_sensors:/home/maria/agri_ws/src/install/agri_orchestrator:/home/maria/agri_ws/src/install/agri_irrigation:/home/maria/agri_ws/install/agri_sensors:/home/maria/agri_ws/install/agri_orchestrator:/home/maria/agri_ws/install/agri_irrigation DEBUGINFOD_URLS=https://debuginfod.ubuntu.com /usr/bin/cmake /home/maria/agri_ws/agri_interfaces -DCMAKE_INSTALL_PREFIX=/home/maria/agri_ws/install/agri_interfaces
[4.707s] Invoking command in '/home/maria/agri_ws/build/agri_interfaces': CMAKE_PREFIX_PATH=${CMAKE_PREFIX_PATH}:/home/maria/agri_ws/src/install/agri_sensors:/home/maria/agri_ws/src/install/agri_orchestrator:/home/maria/agri_ws/src/install/agri_irrigation:/home/maria/agri_ws/install/agri_sensors:/home/maria/agri_ws/install/agri_orchestrator:/home/maria/agri_ws/install/agri_irrigation DEBUGINFOD_URLS=https://debuginfod.ubuntu.com /usr/bin/cmake --build /home/maria/agri_ws/build/agri_interfaces -- -j3 -l3
[4.801s] [  1%] [1m[34mGenerating type hashes for ROS interfaces[0m
[4.801s] [  3%] [1m[34mGenerating Rust code for ROS interfaces[0m
[5.373s] [  3%] Built target agri_interfaces__rosidl_generator_type_description
[5.462s] [  3%] Built target agri_interfaces__rs
[5.504s] [  5%] [1m[34mGenerating C++ code for ROS interfaces[0m
[6.608s] [  5%] Built target agri_interfaces__cpp
[6.641s] [  7%] [1m[34mGenerating C code for ROS interfaces[0m
[8.503s] [ 12%] [32mBuilding C object CMakeFiles/agri_interfaces__rosidl_generator_c.dir/rosidl_generator_c/agri_interfaces/msg/detail/soil_moisture__description.c.o[0m
[8.504s] [ 12%] [32mBuilding C object CMakeFiles/agri_interfaces__rosidl_generator_c.dir/rosidl_generator_c/agri_interfaces/msg/detail/soil_moisture__type_support.c.o[0m
[8.504s] [ 12%] [32mBuilding C object CMakeFiles/agri_interfaces__rosidl_generator_c.dir/rosidl_generator_c/agri_interfaces/msg/detail/soil_moisture__functions.c.o[0m
[8.646s] [ 14%] [32mBuilding C object CMakeFiles/agri_interfaces__rosidl_generator_c.dir/rosidl_generator_c/agri_interfaces/msg/detail/irrigation_command__functions.c.o[0m
[8.735s] [ 18%] [32mBuilding C object CMakeFiles/agri_interfaces__rosidl_generator_c.dir/rosidl_generator_c/agri_interfaces/msg/detail/irrigation_command__type_support.c.o[0m
[8.735s] [ 18%] [32mBuilding C object CMakeFiles/agri_interfaces__rosidl_generator_c.dir/rosidl_generator_c/agri_interfaces/msg/detail/irrigation_command__description.c.o[0m
[8.803s] [ 20%] [32mBuilding C object CMakeFiles/agri_interfaces__rosidl_generator_c.dir/rosidl_generator_c/agri_interfaces/msg/detail/irrigation_state__functions.c.o[0m
[8.889s] [ 23%] [32mBuilding C object CMakeFiles/agri_interfaces__rosidl_generator_c.dir/rosidl_generator_c/agri_interfaces/msg/detail/irrigation_state__type_support.c.o[0m
[8.891s] [ 23%] [32mBuilding C object CMakeFiles/agri_interfaces__rosidl_generator_c.dir/rosidl_generator_c/agri_interfaces/msg/detail/irrigation_state__description.c.o[0m
[8.958s] [ 25%] [1m[32mLinking C shared library libagri_interfaces__rosidl_generator_c.so[0m
[9.056s] [ 25%] Built target agri_interfaces__rosidl_generator_c
[9.071s] [ 27%] [1m[34mGenerating C type support for eProsima Fast-RTPS[0m
[9.074s] [ 29%] [1m[34mGenerating C introspection for ROS interfaces[0m
[10.099s] [ 32%] [1m[34mGenerating C type support dispatch for ROS interfaces[0m
[10.102s] [ 32%] [32mBuilding C object CMakeFiles/agri_interfaces__rosidl_typesupport_introspection_c.dir/rosidl_typesupport_introspection_c/agri_interfaces/msg/detail/soil_moisture__type_support.c.o[0m
[10.284s] [ 34%] [32mBuilding C object CMakeFiles/agri_interfaces__rosidl_typesupport_introspection_c.dir/rosidl_typesupport_introspection_c/agri_interfaces/msg/detail/irrigation_command__type_support.c.o[0m
[10.429s] [ 36%] [32mBuilding C object CMakeFiles/agri_interfaces__rosidl_typesupport_introspection_c.dir/rosidl_typesupport_introspection_c/agri_interfaces/msg/detail/irrigation_state__type_support.c.o[0m
[10.619s] [ 38%] [1m[32mLinking C shared library libagri_interfaces__rosidl_typesupport_introspection_c.so[0m
[10.781s] [ 38%] Built target agri_interfaces__rosidl_typesupport_introspection_c
[10.810s] [ 40%] [32mBuilding CXX object CMakeFiles/agri_interfaces__rosidl_typesupport_fastrtps_c.dir/rosidl_typesupport_fastrtps_c/agri_interfaces/msg/detail/soil_moisture__type_support_c.cpp.o[0m
[11.438s] [ 41%] [32mBuilding CXX object CMakeFiles/agri_interfaces__rosidl_typesupport_c.dir/rosidl_typesupport_c/agri_interfaces/msg/soil_moisture__type_support.cpp.o[0m
[11.448s] [ 43%] [1m[34mGenerating C++ type support for eProsima Fast-RTPS[0m
[11.551s] [ 45%] [32mBuilding CXX object CMakeFiles/agri_interfaces__rosidl_typesupport_c.dir/rosidl_typesupport_c/agri_interfaces/msg/irrigation_command__type_support.cpp.o[0m
[11.646s] [ 47%] [32mBuilding CXX object CMakeFiles/agri_interfaces__rosidl_typesupport_c.dir/rosidl_typesupport_c/agri_interfaces/msg/irrigation_state__type_support.cpp.o[0m
[11.743s] [ 49%] [1m[32mLinking CXX shared library libagri_interfaces__rosidl_typesupport_c.so[0m
[11.860s] [ 49%] Built target agri_interfaces__rosidl_typesupport_c
[12.510s] [ 50%] [32mBuilding CXX object CMakeFiles/agri_interfaces__rosidl_typesupport_fastrtps_cpp.dir/rosidl_typesupport_fastrtps_cpp/agri_interfaces/msg/detail/dds_fastrtps/soil_moisture__type_support.cpp.o[0m
[12.532s] [ 52%] [32mBuilding CXX object CMakeFiles/agri_interfaces__rosidl_typesupport_fastrtps_c.dir/rosidl_typesupport_fastrtps_c/agri_interfaces/msg/detail/irrigation_command__type_support_c.cpp.o[0m
[13.548s] [ 54%] [1m[34mGenerating C++ introspection for ROS interfaces[0m
[14.823s] [ 56%] [32mBuilding CXX object CMakeFiles/agri_interfaces__rosidl_typesupport_fastrtps_cpp.dir/rosidl_typesupport_fastrtps_cpp/agri_interfaces/msg/detail/dds_fastrtps/irrigation_command__type_support.cpp.o[0m
[14.989s] [ 58%] [32mBuilding CXX object CMakeFiles/agri_interfaces__rosidl_typesupport_fastrtps_c.dir/rosidl_typesupport_fastrtps_c/agri_interfaces/msg/detail/irrigation_state__type_support_c.cpp.o[0m
[15.721s] [ 60%] [32mBuilding CXX object CMakeFiles/agri_interfaces__rosidl_typesupport_introspection_cpp.dir/rosidl_typesupport_introspection_cpp/agri_interfaces/msg/detail/soil_moisture__type_support.cpp.o[0m
[17.210s] [ 61%] [32mBuilding CXX object CMakeFiles/agri_interfaces__rosidl_typesupport_introspection_cpp.dir/rosidl_typesupport_introspection_cpp/agri_interfaces/msg/detail/irrigation_command__type_support.cpp.o[0m
[17.274s] [ 63%] [32mBuilding CXX object CMakeFiles/agri_interfaces__rosidl_typesupport_fastrtps_cpp.dir/rosidl_typesupport_fastrtps_cpp/agri_interfaces/msg/detail/dds_fastrtps/irrigation_state__type_support.cpp.o[0m
[17.299s] [ 65%] [1m[32mLinking CXX shared library libagri_interfaces__rosidl_typesupport_fastrtps_c.so[0m
[17.530s] [ 65%] Built target agri_interfaces__rosidl_typesupport_fastrtps_c
[18.658s] [ 67%] [32mBuilding CXX object CMakeFiles/agri_interfaces__rosidl_typesupport_introspection_cpp.dir/rosidl_typesupport_introspection_cpp/agri_interfaces/msg/detail/irrigation_state__type_support.cpp.o[0m
[19.444s] [ 69%] [1m[32mLinking CXX shared library libagri_interfaces__rosidl_typesupport_fastrtps_cpp.so[0m
[19.716s] [ 69%] Built target agri_interfaces__rosidl_typesupport_fastrtps_cpp
[20.094s] [ 70%] [1m[32mLinking CXX shared library libagri_interfaces__rosidl_typesupport_introspection_cpp.so[0m
[20.226s] [ 70%] Built target agri_interfaces__rosidl_typesupport_introspection_cpp
[20.245s] [ 72%] [1m[34mGenerating C++ type support dispatch for ROS interfaces[0m
[20.833s] [ 78%] [32mBuilding CXX object CMakeFiles/agri_interfaces__rosidl_typesupport_cpp.dir/rosidl_typesupport_cpp/agri_interfaces/msg/soil_moisture__type_support.cpp.o[0m
[20.834s] [ 78%] [32mBuilding CXX object CMakeFiles/agri_interfaces__rosidl_typesupport_cpp.dir/rosidl_typesupport_cpp/agri_interfaces/msg/irrigation_state__type_support.cpp.o[0m
[20.834s] [ 78%] [32mBuilding CXX object CMakeFiles/agri_interfaces__rosidl_typesupport_cpp.dir/rosidl_typesupport_cpp/agri_interfaces/msg/irrigation_command__type_support.cpp.o[0m
[22.772s] [ 80%] [1m[32mLinking CXX shared library libagri_interfaces__rosidl_typesupport_cpp.so[0m
[22.962s] [ 80%] Built target agri_interfaces__rosidl_typesupport_cpp
[22.996s] [ 80%] Built target agri_interfaces
[23.032s] [ 81%] [1m[34mGenerating Python code for ROS interfaces[0m
[24.495s] [ 81%] Built target agri_interfaces__py
[24.528s] [ 83%] [32mBuilding C object CMakeFiles/agri_interfaces__rosidl_generator_py.dir/rosidl_generator_py/agri_interfaces/msg/_soil_moisture_s.c.o[0m
[24.543s] [ 83%] Built target ament_cmake_python_sync_agri_interfaces
[25.150s] [ 85%] [32mBuilding C object CMakeFiles/agri_interfaces__rosidl_generator_py.dir/rosidl_generator_py/agri_interfaces/msg/_irrigation_command_s.c.o[0m
[25.628s] [ 87%] [32mBuilding C object CMakeFiles/agri_interfaces__rosidl_generator_py.dir/rosidl_generator_py/agri_interfaces/msg/_irrigation_state_s.c.o[0m
[26.139s] [ 89%] [1m[32mLinking C shared library libagri_interfaces__rosidl_generator_py.so[0m
[26.314s] [ 89%] Built target agri_interfaces__rosidl_generator_py
[26.361s] [ 90%] [32mBuilding C object CMakeFiles/agri_interfaces_s__rosidl_typesupport_fastrtps_c.dir/rosidl_generator_py/agri_interfaces/_agri_interfaces_s.ep.rosidl_typesupport_fastrtps_c.c.o[0m
[26.575s] [ 92%] [1m[32mLinking C shared module rosidl_generator_py/agri_interfaces/agri_interfaces_s__rosidl_typesupport_fastrtps_c.so[0m
[26.649s] [ 92%] Built target agri_interfaces_s__rosidl_typesupport_fastrtps_c
[26.688s] [ 94%] [32mBuilding C object CMakeFiles/agri_interfaces_s__rosidl_typesupport_introspection_c.dir/rosidl_generator_py/agri_interfaces/_agri_interfaces_s.ep.rosidl_typesupport_introspection_c.c.o[0m
[26.889s] [ 96%] [1m[32mLinking C shared module rosidl_generator_py/agri_interfaces/agri_interfaces_s__rosidl_typesupport_introspection_c.so[0m
[26.949s] [ 96%] Built target agri_interfaces_s__rosidl_typesupport_introspection_c
[26.992s] [ 98%] [32mBuilding C object CMakeFiles/agri_interfaces_s__rosidl_typesupport_c.dir/rosidl_generator_py/agri_interfaces/_agri_interfaces_s.ep.rosidl_typesupport_c.c.o[0m
[27.189s] [100%] [1m[32mLinking C shared module rosidl_generator_py/agri_interfaces/agri_interfaces_s__rosidl_typesupport_c.so[0m
[27.241s] [100%] Built target agri_interfaces_s__rosidl_typesupport_c
[27.357s] running egg_info
[27.420s] creating agri_interfaces.egg-info
[27.420s] writing agri_interfaces.egg-info/PKG-INFO
[27.420s] writing dependency_links to agri_interfaces.egg-info/dependency_links.txt
[27.422s] writing top-level names to agri_interfaces.egg-info/top_level.txt
[27.422s] writing manifest file 'agri_interfaces.egg-info/SOURCES.txt'
[27.608s] reading manifest file 'agri_interfaces.egg-info/SOURCES.txt'
[27.610s] writing manifest file 'agri_interfaces.egg-info/SOURCES.txt'
[27.670s] [100%] Built target ament_cmake_python_build_agri_interfaces_egg
[27.690s] Invoked command in '/home/maria/agri_ws/build/agri_interfaces' returned '0': CMAKE_PREFIX_PATH=${CMAKE_PREFIX_PATH}:/home/maria/agri_ws/src/install/agri_sensors:/home/maria/agri_ws/src/install/agri_orchestrator:/home/maria/agri_ws/src/install/agri_irrigation:/home/maria/agri_ws/install/agri_sensors:/home/maria/agri_ws/install/agri_orchestrator:/home/maria/agri_ws/install/agri_irrigation DEBUGINFOD_URLS=https://debuginfod.ubuntu.com /usr/bin/cmake --build /home/maria/agri_ws/build/agri_interfaces -- -j3 -l3
[27.706s] Invoking command in '/home/maria/agri_ws/build/agri_interfaces': CMAKE_PREFIX_PATH=${CMAKE_PREFIX_PATH}:/home/maria/agri_ws/src/install/agri_sensors:/home/maria/agri_ws/src/install/agri_orchestrator:/home/maria/agri_ws/src/install/agri_irrigation:/home/maria/agri_ws/install/agri_sensors:/home/maria/agri_ws/install/agri_orchestrator:/home/maria/agri_ws/install/agri_irrigation DEBUGINFOD_URLS=https://debuginfod.ubuntu.com /usr/bin/cmake --install /home/maria/agri_ws/build/agri_interfaces
[27.722s] -- Install configuration: ""
[27.722s] -- Installing: /home/maria/agri_ws/install/agri_interfaces/share/ament_index/resource_index/rosidl_interfaces/agri_interfaces
[27.723s] -- Installing: /home/maria/agri_ws/install/agri_interfaces/share/agri_interfaces/msg/SoilMoisture.json
[27.723s] -- Installing: /home/maria/agri_ws/install/agri_interfaces/share/agri_interfaces/msg/IrrigationCommand.json
[27.724s] -- Installing: /home/maria/agri_ws/install/agri_interfaces/share/agri_interfaces/msg/IrrigationState.json
[27.724s] -- Installing: /home/maria/agri_ws/install/agri_interfaces/include/agri_interfaces/agri_interfaces
[27.724s] -- Installing: /home/maria/agri_ws/install/agri_interfaces/include/agri_interfaces/agri_interfaces/msg
[27.725s] -- Installing: /home/maria/agri_ws/install/agri_interfaces/include/agri_interfaces/agri_interfaces/msg/detail
[27.725s] -- Installing: /home/maria/agri_ws/install/agri_interfaces/include/agri_interfaces/agri_interfaces/msg/detail/irrigation_state__description.c
[27.726s] -- Installing: /home/maria/agri_ws/install/agri_interfaces/include/agri_interfaces/agri_interfaces/msg/detail/irrigation_state__struct.h
[27.726s] -- Installing: /home/maria/agri_ws/install/agri_interfaces/include/agri_interfaces/agri_interfaces/msg/detail/irrigation_command__functions.h
[27.726s] -- Installing: /home/maria/agri_ws/install/agri_interfaces/include/agri_interfaces/agri_interfaces/msg/detail/irrigation_state__type_support.c
[27.727s] -- Installing: /home/maria/agri_ws/install/agri_interfaces/include/agri_interfaces/agri_interfaces/msg/detail/soil_moisture__description.c
[27.727s] -- Installing: /home/maria/agri_ws/install/agri_interfaces/include/agri_interfaces/agri_interfaces/msg/detail/soil_moisture__functions.h
[27.728s] -- Installing: /home/maria/agri_ws/install/agri_interfaces/include/agri_interfaces/agri_interfaces/msg/detail/irrigation_command__type_support.c
[27.728s] -- Installing: /home/maria/agri_ws/install/agri_interfaces/include/agri_interfaces/agri_interfaces/msg/detail/irrigation_command__description.c
[27.728s] -- Installing: /home/maria/agri_ws/install/agri_interfaces/include/agri_interfaces/agri_interfaces/msg/detail/irrigation_state__type_support.h
[27.728s] -- Installing: /home/maria/agri_ws/install/agri_interfaces/include/agri_interfaces/agri_interfaces/msg/detail/irrigation_command__type_support.h
[27.730s] -- Installing: /home/maria/agri_ws/install/agri_interfaces/include/agri_interfaces/agri_interfaces/msg/detail/soil_moisture__type_support.h
[27.730s] -- Installing: /home/maria/agri_ws/install/agri_interfaces/include/agri_interfaces/agri_interfaces/msg/detail/soil_moisture__struct.h
[27.730s] -- Installing: /home/maria/agri_ws/install/agri_interfaces/include/agri_interfaces/agri_interfaces/msg/detail/soil_moisture__functions.c
[27.730s] -- Installing: /home/maria/agri_ws/install/agri_interfaces/include/agri_interfaces/agri_interfaces/msg/detail/irrigation_state__functions.c
[27.730s] -- Installing: /home/maria/agri_ws/install/agri_interfaces/include/agri_interfaces/agri_interfaces/msg/detail/irrigation_command__struct.h
[27.731s] -- Installing: /home/maria/agri_ws/install/agri_interfaces/include/agri_interfaces/agri_interfaces/msg/detail/irrigation_state__functions.h
[27.731s] -- Installing: /home/maria/agri_ws/install/agri_interfaces/include/agri_interfaces/agri_interfaces/msg/detail/soil_moisture__type_support.c
[27.731s] -- Installing: /home/maria/agri_ws/install/agri_interfaces/include/agri_interfaces/agri_interfaces/msg/detail/irrigation_command__functions.c
[27.732s] -- Installing: /home/maria/agri_ws/install/agri_interfaces/include/agri_interfaces/agri_interfaces/msg/irrigation_command.h
[27.733s] -- Installing: /home/maria/agri_ws/install/agri_interfaces/include/agri_interfaces/agri_interfaces/msg/rosidl_generator_c__visibility_control.h
[27.733s] -- Installing: /home/maria/agri_ws/install/agri_interfaces/include/agri_interfaces/agri_interfaces/msg/irrigation_state.h
[27.733s] -- Installing: /home/maria/agri_ws/install/agri_interfaces/include/agri_interfaces/agri_interfaces/msg/soil_moisture.h
[27.733s] -- Installing: /home/maria/agri_ws/install/agri_interfaces/share/agri_interfaces/environment/library_path.sh
[27.733s] -- Installing: /home/maria/agri_ws/install/agri_interfaces/share/agri_interfaces/environment/library_path.dsv
[27.734s] -- Installing: /home/maria/agri_ws/install/agri_interfaces/lib/libagri_interfaces__rosidl_generator_c.so
[27.735s] -- Set non-toolchain portion of runtime path of "/home/maria/agri_ws/install/agri_interfaces/lib/libagri_interfaces__rosidl_generator_c.so" to ""
[27.735s] -- Up-to-date: /home/maria/agri_ws/install/agri_interfaces/include/agri_interfaces/agri_interfaces
[27.735s] -- Up-to-date: /home/maria/agri_ws/install/agri_interfaces/include/agri_interfaces/agri_interfaces/msg
[27.735s] -- Up-to-date: /home/maria/agri_ws/install/agri_interfaces/include/agri_interfaces/agri_interfaces/msg/detail
[27.735s] -- Installing: /home/maria/agri_ws/install/agri_interfaces/include/agri_interfaces/agri_interfaces/msg/detail/irrigation_state__rosidl_typesupport_fastrtps_c.h
[27.736s] -- Installing: /home/maria/agri_ws/install/agri_interfaces/include/agri_interfaces/agri_interfaces/msg/detail/soil_moisture__rosidl_typesupport_fastrtps_c.h
[27.736s] -- Installing: /home/maria/agri_ws/install/agri_interfaces/include/agri_interfaces/agri_interfaces/msg/detail/irrigation_command__rosidl_typesupport_fastrtps_c.h
[27.737s] -- Installing: /home/maria/agri_ws/install/agri_interfaces/include/agri_interfaces/agri_interfaces/msg/rosidl_typesupport_fastrtps_c__visibility_control.h
[27.737s] -- Installing: /home/maria/agri_ws/install/agri_interfaces/lib/libagri_interfaces__rosidl_typesupport_fastrtps_c.so
[27.737s] -- Set non-toolchain portion of runtime path of "/home/maria/agri_ws/install/agri_interfaces/lib/libagri_interfaces__rosidl_typesupport_fastrtps_c.so" to ""
[27.737s] -- Up-to-date: /home/maria/agri_ws/install/agri_interfaces/include/agri_interfaces/agri_interfaces
[27.738s] -- Up-to-date: /home/maria/agri_ws/install/agri_interfaces/include/agri_interfaces/agri_interfaces/msg
[27.738s] -- Up-to-date: /home/maria/agri_ws/install/agri_interfaces/include/agri_interfaces/agri_interfaces/msg/detail
[27.739s] -- Installing: /home/maria/agri_ws/install/agri_interfaces/include/agri_interfaces/agri_interfaces/msg/detail/irrigation_state__rosidl_typesupport_introspection_c.h
[27.739s] -- Installing: /home/maria/agri_ws/install/agri_interfaces/include/agri_interfaces/agri_interfaces/msg/detail/soil_moisture__rosidl_typesupport_introspection_c.h
[27.739s] -- Installing: /home/maria/agri_ws/install/agri_interfaces/include/agri_interfaces/agri_interfaces/msg/detail/irrigation_state__type_support.c
[27.740s] -- Installing: /home/maria/agri_ws/install/agri_interfaces/include/agri_interfaces/agri_interfaces/msg/detail/irrigation_command__type_support.c
[27.740s] -- Installing: /home/maria/agri_ws/install/agri_interfaces/include/agri_interfaces/agri_interfaces/msg/detail/irrigation_command__rosidl_typesupport_introspection_c.h
[27.740s] -- Installing: /home/maria/agri_ws/install/agri_interfaces/include/agri_interfaces/agri_interfaces/msg/detail/soil_moisture__type_support.c
[27.740s] -- Installing: /home/maria/agri_ws/install/agri_interfaces/include/agri_interfaces/agri_interfaces/msg/rosidl_typesupport_introspection_c__visibility_control.h
[27.740s] -- Installing: /home/maria/agri_ws/install/agri_interfaces/lib/libagri_interfaces__rosidl_typesupport_introspection_c.so
[27.740s] -- Set non-toolchain portion of runtime path of "/home/maria/agri_ws/install/agri_interfaces/lib/libagri_interfaces__rosidl_typesupport_introspection_c.so" to ""
[27.741s] -- Installing: /home/maria/agri_ws/install/agri_interfaces/lib/libagri_interfaces__rosidl_typesupport_c.so
[27.742s] -- Set non-toolchain portion of runtime path of "/home/maria/agri_ws/install/agri_interfaces/lib/libagri_interfaces__rosidl_typesupport_c.so" to ""
[27.742s] -- Up-to-date: /home/maria/agri_ws/install/agri_interfaces/include/agri_interfaces/agri_interfaces
[27.743s] -- Up-to-date: /home/maria/agri_ws/install/agri_interfaces/include/agri_interfaces/agri_interfaces/msg
[27.743s] -- Up-to-date: /home/maria/agri_ws/install/agri_interfaces/include/agri_interfaces/agri_interfaces/msg/detail
[27.743s] -- Installing: /home/maria/agri_ws/install/agri_interfaces/include/agri_interfaces/agri_interfaces/msg/detail/irrigation_command__traits.hpp
[27.743s] -- Installing: /home/maria/agri_ws/install/agri_interfaces/include/agri_interfaces/agri_interfaces/msg/detail/soil_moisture__type_support.hpp
[27.744s] -- Installing: /home/maria/agri_ws/install/agri_interfaces/include/agri_interfaces/agri_interfaces/msg/detail/soil_moisture__builder.hpp
[27.744s] -- Installing: /home/maria/agri_ws/install/agri_interfaces/include/agri_interfaces/agri_interfaces/msg/detail/irrigation_command__struct.hpp
[27.745s] -- Installing: /home/maria/agri_ws/install/agri_interfaces/include/agri_interfaces/agri_interfaces/msg/detail/irrigation_state__type_support.hpp
[27.745s] -- Installing: /home/maria/agri_ws/install/agri_interfaces/include/agri_interfaces/agri_interfaces/msg/detail/irrigation_state__struct.hpp
[27.745s] -- Installing: /home/maria/agri_ws/install/agri_interfaces/include/agri_interfaces/agri_interfaces/msg/detail/irrigation_command__type_support.hpp
[27.746s] -- Installing: /home/maria/agri_ws/install/agri_interfaces/include/agri_interfaces/agri_interfaces/msg/detail/soil_moisture__struct.hpp
[27.747s] -- Installing: /home/maria/agri_ws/install/agri_interfaces/include/agri_interfaces/agri_interfaces/msg/detail/soil_moisture__traits.hpp
[27.747s] -- Installing: /home/maria/agri_ws/install/agri_interfaces/include/agri_interfaces/agri_interfaces/msg/detail/irrigation_command__builder.hpp
[27.748s] -- Installing: /home/maria/agri_ws/install/agri_interfaces/include/agri_interfaces/agri_interfaces/msg/detail/irrigation_state__traits.hpp
[27.748s] -- Installing: /home/maria/agri_ws/install/agri_interfaces/include/agri_interfaces/agri_interfaces/msg/detail/irrigation_state__builder.hpp
[27.749s] -- Installing: /home/maria/agri_ws/install/agri_interfaces/include/agri_interfaces/agri_interfaces/msg/irrigation_command.hpp
[27.750s] -- Installing: /home/maria/agri_ws/install/agri_interfaces/include/agri_interfaces/agri_interfaces/msg/irrigation_state.hpp
[27.750s] -- Installing: /home/maria/agri_ws/install/agri_interfaces/include/agri_interfaces/agri_interfaces/msg/soil_moisture.hpp
[27.751s] -- Installing: /home/maria/agri_ws/install/agri_interfaces/include/agri_interfaces/agri_interfaces/msg/rosidl_generator_cpp__visibility_control.hpp
[27.751s] -- Up-to-date: /home/maria/agri_ws/install/agri_interfaces/include/agri_interfaces/agri_interfaces
[27.751s] -- Up-to-date: /home/maria/agri_ws/install/agri_interfaces/include/agri_interfaces/agri_interfaces/msg
[27.752s] -- Up-to-date: /home/maria/agri_ws/install/agri_interfaces/include/agri_interfaces/agri_interfaces/msg/detail
[27.752s] -- Installing: /home/maria/agri_ws/install/agri_interfaces/include/agri_interfaces/agri_interfaces/msg/detail/irrigation_command__rosidl_typesupport_fastrtps_cpp.hpp
[27.752s] -- Installing: /home/maria/agri_ws/install/agri_interfaces/include/agri_interfaces/agri_interfaces/msg/detail/irrigation_state__rosidl_typesupport_fastrtps_cpp.hpp
[27.752s] -- Installing: /home/maria/agri_ws/install/agri_interfaces/include/agri_interfaces/agri_interfaces/msg/detail/dds_fastrtps
[27.753s] -- Installing: /home/maria/agri_ws/install/agri_interfaces/include/agri_interfaces/agri_interfaces/msg/detail/soil_moisture__rosidl_typesupport_fastrtps_cpp.hpp
[27.753s] -- Installing: /home/maria/agri_ws/install/agri_interfaces/include/agri_interfaces/agri_interfaces/msg/rosidl_typesupport_fastrtps_cpp__visibility_control.h
[27.754s] -- Installing: /home/maria/agri_ws/install/agri_interfaces/lib/libagri_interfaces__rosidl_typesupport_fastrtps_cpp.so
[27.754s] -- Set non-toolchain portion of runtime path of "/home/maria/agri_ws/install/agri_interfaces/lib/libagri_interfaces__rosidl_typesupport_fastrtps_cpp.so" to ""
[27.755s] -- Up-to-date: /home/maria/agri_ws/install/agri_interfaces/include/agri_interfaces/agri_interfaces
[27.755s] -- Up-to-date: /home/maria/agri_ws/install/agri_interfaces/include/agri_interfaces/agri_interfaces/msg
[27.756s] -- Up-to-date: /home/maria/agri_ws/install/agri_interfaces/include/agri_interfaces/agri_interfaces/msg/detail
[27.756s] -- Installing: /home/maria/agri_ws/install/agri_interfaces/include/agri_interfaces/agri_interfaces/msg/detail/irrigation_command__type_support.cpp
[27.756s] -- Installing: /home/maria/agri_ws/install/agri_interfaces/include/agri_interfaces/agri_interfaces/msg/detail/soil_moisture__rosidl_typesupport_introspection_cpp.hpp
[27.756s] -- Installing: /home/maria/agri_ws/install/agri_interfaces/include/agri_interfaces/agri_interfaces/msg/detail/soil_moisture__type_support.cpp
[27.758s] -- Installing: /home/maria/agri_ws/install/agri_interfaces/include/agri_interfaces/agri_interfaces/msg/detail/irrigation_state__type_support.cpp
[27.759s] -- Installing: /home/maria/agri_ws/install/agri_interfaces/include/agri_interfaces/agri_interfaces/msg/detail/irrigation_state__rosidl_typesupport_introspection_cpp.hpp
[27.760s] -- Installing: /home/maria/agri_ws/install/agri_interfaces/include/agri_interfaces/agri_interfaces/msg/detail/irrigation_command__rosidl_typesupport_introspection_cpp.hpp
[27.761s] -- Installing: /home/maria/agri_ws/install/agri_interfaces/lib/libagri_interfaces__rosidl_typesupport_introspection_cpp.so
[27.761s] -- Set non-toolchain portion of runtime path of "/home/maria/agri_ws/install/agri_interfaces/lib/libagri_interfaces__rosidl_typesupport_introspection_cpp.so" to ""
[27.762s] -- Installing: /home/maria/agri_ws/install/agri_interfaces/lib/libagri_interfaces__rosidl_typesupport_cpp.so
[27.762s] -- Set non-toolchain portion of runtime path of "/home/maria/agri_ws/install/agri_interfaces/lib/libagri_interfaces__rosidl_typesupport_cpp.so" to ""
[27.763s] -- Installing: /home/maria/agri_ws/install/agri_interfaces/share/agri_interfaces/environment/pythonpath.sh
[27.763s] -- Installing: /home/maria/agri_ws/install/agri_interfaces/share/agri_interfaces/environment/pythonpath.dsv
[27.763s] -- Installing: /home/maria/agri_ws/install/agri_interfaces/lib/python3.14/site-packages/agri_interfaces/agri_interfaces_s__rosidl_typesupport_fastrtps_c.so
[27.764s] -- Set non-toolchain portion of runtime path of "/home/maria/agri_ws/install/agri_interfaces/lib/python3.14/site-packages/agri_interfaces/agri_interfaces_s__rosidl_typesupport_fastrtps_c.so" to ""
[27.764s] -- Installing: /home/maria/agri_ws/install/agri_interfaces/lib/python3.14/site-packages/agri_interfaces/agri_interfaces_s__rosidl_typesupport_introspection_c.so
[27.764s] -- Set non-toolchain portion of runtime path of "/home/maria/agri_ws/install/agri_interfaces/lib/python3.14/site-packages/agri_interfaces/agri_interfaces_s__rosidl_typesupport_introspection_c.so" to ""
[27.764s] -- Installing: /home/maria/agri_ws/install/agri_interfaces/lib/python3.14/site-packages/agri_interfaces/agri_interfaces_s__rosidl_typesupport_c.so
[27.765s] -- Set non-toolchain portion of runtime path of "/home/maria/agri_ws/install/agri_interfaces/lib/python3.14/site-packages/agri_interfaces/agri_interfaces_s__rosidl_typesupport_c.so" to ""
[27.765s] -- Installing: /home/maria/agri_ws/install/agri_interfaces/lib/libagri_interfaces__rosidl_generator_py.so
[27.765s] -- Set non-toolchain portion of runtime path of "/home/maria/agri_ws/install/agri_interfaces/lib/libagri_interfaces__rosidl_generator_py.so" to ""
[27.766s] -- Installing: /home/maria/agri_ws/install/agri_interfaces/share/ament_index/resource_index/rust_packages/agri_interfaces
[27.767s] -- Installing: /home/maria/agri_ws/install/agri_interfaces/share/agri_interfaces/rust
[27.767s] -- Installing: /home/maria/agri_ws/install/agri_interfaces/share/agri_interfaces/rust/src
[27.767s] -- Installing: /home/maria/agri_ws/install/agri_interfaces/share/agri_interfaces/rust/src/msg
[27.767s] -- Installing: /home/maria/agri_ws/install/agri_interfaces/share/agri_interfaces/rust/src/msg/rmw.rs
[27.768s] -- Installing: /home/maria/agri_ws/install/agri_interfaces/share/agri_interfaces/rust/src/msg.rs
[27.768s] -- Installing: /home/maria/agri_ws/install/agri_interfaces/share/agri_interfaces/rust/src/lib.rs
[27.768s] -- Installing: /home/maria/agri_ws/install/agri_interfaces/share/agri_interfaces/rust/Cargo.toml
[27.769s] -- Installing: /home/maria/agri_ws/install/agri_interfaces/share/agri_interfaces/rust/build.rs
[27.769s] -- Installing: /home/maria/agri_ws/install/agri_interfaces/share/agri_interfaces/msg/SoilMoisture.idl
[27.769s] -- Installing: /home/maria/agri_ws/install/agri_interfaces/share/agri_interfaces/msg/IrrigationCommand.idl
[27.769s] -- Installing: /home/maria/agri_ws/install/agri_interfaces/share/agri_interfaces/msg/IrrigationState.idl
[27.769s] -- Installing: /home/maria/agri_ws/install/agri_interfaces/share/agri_interfaces/msg/SoilMoisture.msg
[27.769s] -- Installing: /home/maria/agri_ws/install/agri_interfaces/share/agri_interfaces/msg/IrrigationCommand.msg
[27.770s] -- Installing: /home/maria/agri_ws/install/agri_interfaces/share/agri_interfaces/msg/IrrigationState.msg
[27.770s] -- Installing: /home/maria/agri_ws/install/agri_interfaces/share/ament_index/resource_index/package_run_dependencies/agri_interfaces
[27.770s] -- Installing: /home/maria/agri_ws/install/agri_interfaces/share/ament_index/resource_index/parent_prefix_path/agri_interfaces
[27.770s] -- Installing: /home/maria/agri_ws/install/agri_interfaces/share/agri_interfaces/environment/ament_prefix_path.sh
[27.770s] -- Installing: /home/maria/agri_ws/install/agri_interfaces/share/agri_interfaces/environment/ament_prefix_path.dsv
[27.771s] -- Installing: /home/maria/agri_ws/install/agri_interfaces/share/agri_interfaces/environment/path.sh
[27.772s] -- Installing: /home/maria/agri_ws/install/agri_interfaces/share/agri_interfaces/environment/path.dsv
[27.772s] -- Installing: /home/maria/agri_ws/install/agri_interfaces/share/agri_interfaces/local_setup.bash
[27.773s] -- Installing: /home/maria/agri_ws/install/agri_interfaces/share/agri_interfaces/local_setup.fish
[27.773s] -- Installing: /home/maria/agri_ws/install/agri_interfaces/share/agri_interfaces/local_setup.sh
[27.773s] -- Installing: /home/maria/agri_ws/install/agri_interfaces/share/agri_interfaces/local_setup.zsh
[27.774s] -- Installing: /home/maria/agri_ws/install/agri_interfaces/share/agri_interfaces/local_setup.dsv
[27.774s] -- Installing: /home/maria/agri_ws/install/agri_interfaces/share/agri_interfaces/package.dsv
[27.775s] -- Installing: /home/maria/agri_ws/install/agri_interfaces/share/ament_index/resource_index/packages/agri_interfaces
[27.775s] -- Installing: /home/maria/agri_ws/install/agri_interfaces/share/agri_interfaces/cmake/export_agri_interfaces__rosidl_generator_cExport.cmake
[27.775s] -- Installing: /home/maria/agri_ws/install/agri_interfaces/share/agri_interfaces/cmake/export_agri_interfaces__rosidl_generator_cExport-noconfig.cmake
[27.775s] -- Installing: /home/maria/agri_ws/install/agri_interfaces/share/agri_interfaces/cmake/export_agri_interfaces__rosidl_typesupport_fastrtps_cExport.cmake
[27.775s] -- Installing: /home/maria/agri_ws/install/agri_interfaces/share/agri_interfaces/cmake/export_agri_interfaces__rosidl_typesupport_fastrtps_cExport-noconfig.cmake
[27.775s] -- Installing: /home/maria/agri_ws/install/agri_interfaces/share/agri_interfaces/cmake/agri_interfaces__rosidl_typesupport_introspection_cExport.cmake
[27.776s] -- Installing: /home/maria/agri_ws/install/agri_interfaces/share/agri_interfaces/cmake/agri_interfaces__rosidl_typesupport_introspection_cExport-noconfig.cmake
[27.777s] -- Installing: /home/maria/agri_ws/install/agri_interfaces/share/agri_interfaces/cmake/agri_interfaces__rosidl_typesupport_cExport.cmake
[27.777s] -- Installing: /home/maria/agri_ws/install/agri_interfaces/share/agri_interfaces/cmake/agri_interfaces__rosidl_typesupport_cExport-noconfig.cmake
[27.777s] -- Installing: /home/maria/agri_ws/install/agri_interfaces/share/agri_interfaces/cmake/export_agri_interfaces__rosidl_generator_cppExport.cmake
[27.778s] -- Installing: /home/maria/agri_ws/install/agri_interfaces/share/agri_interfaces/cmake/export_agri_interfaces__rosidl_typesupport_fastrtps_cppExport.cmake
[27.778s] -- Installing: /home/maria/agri_ws/install/agri_interfaces/share/agri_interfaces/cmake/export_agri_interfaces__rosidl_typesupport_fastrtps_cppExport-noconfig.cmake
[27.778s] -- Installing: /home/maria/agri_ws/install/agri_interfaces/share/agri_interfaces/cmake/agri_interfaces__rosidl_typesupport_introspection_cppExport.cmake
[27.779s] -- Installing: /home/maria/agri_ws/install/agri_interfaces/share/agri_interfaces/cmake/agri_interfaces__rosidl_typesupport_introspection_cppExport-noconfig.cmake
[27.779s] -- Installing: /home/maria/agri_ws/install/agri_interfaces/share/agri_interfaces/cmake/agri_interfaces__rosidl_typesupport_cppExport.cmake
[27.779s] -- Installing: /home/maria/agri_ws/install/agri_interfaces/share/agri_interfaces/cmake/agri_interfaces__rosidl_typesupport_cppExport-noconfig.cmake
[27.779s] -- Installing: /home/maria/agri_ws/install/agri_interfaces/share/agri_interfaces/cmake/export_agri_interfaces__rosidl_generator_pyExport.cmake
[27.780s] -- Installing: /home/maria/agri_ws/install/agri_interfaces/share/agri_interfaces/cmake/export_agri_interfaces__rosidl_generator_pyExport-noconfig.cmake
[27.780s] -- Installing: /home/maria/agri_ws/install/agri_interfaces/lib/python3.14/site-packages/agri_interfaces-0.0.0-py3.14.egg-info
[27.781s] -- Installing: /home/maria/agri_ws/install/agri_interfaces/lib/python3.14/site-packages/agri_interfaces-0.0.0-py3.14.egg-info/top_level.txt
[27.782s] -- Installing: /home/maria/agri_ws/install/agri_interfaces/lib/python3.14/site-packages/agri_interfaces-0.0.0-py3.14.egg-info/dependency_links.txt
[27.782s] -- Installing: /home/maria/agri_ws/install/agri_interfaces/lib/python3.14/site-packages/agri_interfaces-0.0.0-py3.14.egg-info/SOURCES.txt
[27.782s] -- Installing: /home/maria/agri_ws/install/agri_interfaces/lib/python3.14/site-packages/agri_interfaces-0.0.0-py3.14.egg-info/PKG-INFO
[27.782s] -- Up-to-date: /home/maria/agri_ws/install/agri_interfaces/lib/python3.14/site-packages/agri_interfaces
[27.783s] -- Installing: /home/maria/agri_ws/install/agri_interfaces/lib/python3.14/site-packages/agri_interfaces/msg
[27.783s] -- Installing: /home/maria/agri_ws/install/agri_interfaces/lib/python3.14/site-packages/agri_interfaces/msg/_irrigation_command.py
[27.784s] -- Installing: /home/maria/agri_ws/install/agri_interfaces/lib/python3.14/site-packages/agri_interfaces/msg/__init__.py
[27.784s] -- Installing: /home/maria/agri_ws/install/agri_interfaces/lib/python3.14/site-packages/agri_interfaces/msg/_soil_moisture.py
[27.784s] -- Installing: /home/maria/agri_ws/install/agri_interfaces/lib/python3.14/site-packages/agri_interfaces/msg/_irrigation_state_s.c
[27.785s] -- Installing: /home/maria/agri_ws/install/agri_interfaces/lib/python3.14/site-packages/agri_interfaces/msg/_irrigation_state.py
[27.785s] -- Installing: /home/maria/agri_ws/install/agri_interfaces/lib/python3.14/site-packages/agri_interfaces/msg/_soil_moisture_s.c
[27.785s] -- Installing: /home/maria/agri_ws/install/agri_interfaces/lib/python3.14/site-packages/agri_interfaces/msg/_irrigation_command_s.c
[27.785s] -- Installing: /home/maria/agri_ws/install/agri_interfaces/lib/python3.14/site-packages/agri_interfaces/__init__.py
[27.785s] -- Installing: /home/maria/agri_ws/install/agri_interfaces/lib/python3.14/site-packages/agri_interfaces/py.typed
[27.786s] -- Installing: /home/maria/agri_ws/install/agri_interfaces/lib/python3.14/site-packages/agri_interfaces/_agri_interfaces_s.ep.rosidl_typesupport_c.c
[27.786s] -- Installing: /home/maria/agri_ws/install/agri_interfaces/lib/python3.14/site-packages/agri_interfaces/_agri_interfaces_s.ep.rosidl_typesupport_introspection_c.c
[27.786s] -- Up-to-date: /home/maria/agri_ws/install/agri_interfaces/lib/python3.14/site-packages/agri_interfaces/agri_interfaces_s__rosidl_typesupport_fastrtps_c.so
[27.787s] -- Up-to-date: /home/maria/agri_ws/install/agri_interfaces/lib/python3.14/site-packages/agri_interfaces/agri_interfaces_s__rosidl_typesupport_c.so
[27.787s] -- Up-to-date: /home/maria/agri_ws/install/agri_interfaces/lib/python3.14/site-packages/agri_interfaces/agri_interfaces_s__rosidl_typesupport_introspection_c.so
[27.788s] -- Installing: /home/maria/agri_ws/install/agri_interfaces/lib/python3.14/site-packages/agri_interfaces/_agri_interfaces_s.ep.rosidl_typesupport_fastrtps_c.c
[27.970s] Listing '/home/maria/agri_ws/install/agri_interfaces/lib/python3.14/site-packages/agri_interfaces'...
[27.971s] Compiling '/home/maria/agri_ws/install/agri_interfaces/lib/python3.14/site-packages/agri_interfaces/__init__.py'...
[27.971s] Listing '/home/maria/agri_ws/install/agri_interfaces/lib/python3.14/site-packages/agri_interfaces/msg'...
[27.974s] Compiling '/home/maria/agri_ws/install/agri_interfaces/lib/python3.14/site-packages/agri_interfaces/msg/__init__.py'...
[27.974s] Compiling '/home/maria/agri_ws/install/agri_interfaces/lib/python3.14/site-packages/agri_interfaces/msg/_irrigation_command.py'...
[27.975s] Compiling '/home/maria/agri_ws/install/agri_interfaces/lib/python3.14/site-packages/agri_interfaces/msg/_irrigation_state.py'...
[27.975s] Compiling '/home/maria/agri_ws/install/agri_interfaces/lib/python3.14/site-packages/agri_interfaces/msg/_soil_moisture.py'...
[28.003s] -- Installing: /home/maria/agri_ws/install/agri_interfaces/share/agri_interfaces/cmake/rosidl_cmake-extras.cmake
[28.004s] -- Installing: /home/maria/agri_ws/install/agri_interfaces/share/agri_interfaces/cmake/ament_cmake_export_dependencies-extras.cmake
[28.004s] -- Installing: /home/maria/agri_ws/install/agri_interfaces/share/agri_interfaces/cmake/ament_cmake_export_include_directories-extras.cmake
[28.005s] -- Installing: /home/maria/agri_ws/install/agri_interfaces/share/agri_interfaces/cmake/ament_cmake_export_libraries-extras.cmake
[28.005s] -- Installing: /home/maria/agri_ws/install/agri_interfaces/share/agri_interfaces/cmake/ament_cmake_export_targets-extras.cmake
[28.006s] -- Installing: /home/maria/agri_ws/install/agri_interfaces/share/agri_interfaces/cmake/rosidl_cmake_export_typesupport_targets-extras.cmake
[28.006s] -- Installing: /home/maria/agri_ws/install/agri_interfaces/share/agri_interfaces/cmake/rosidl_cmake_export_typesupport_libraries-extras.cmake
[28.006s] -- Installing: /home/maria/agri_ws/install/agri_interfaces/share/agri_interfaces/cmake/rosidl_cmake_aggregate_target-extras.cmake
[28.007s] -- Installing: /home/maria/agri_ws/install/agri_interfaces/share/agri_interfaces/cmake/agri_interfacesConfig.cmake
[28.007s] -- Installing: /home/maria/agri_ws/install/agri_interfaces/share/agri_interfaces/cmake/agri_interfacesConfig-version.cmake
[28.008s] -- Installing: /home/maria/agri_ws/install/agri_interfaces/share/agri_interfaces/package.xml
[28.021s] Invoked command in '/home/maria/agri_ws/build/agri_interfaces' returned '0': CMAKE_PREFIX_PATH=${CMAKE_PREFIX_PATH}:/home/maria/agri_ws/src/install/agri_sensors:/home/maria/agri_ws/src/install/agri_orchestrator:/home/maria/agri_ws/src/install/agri_irrigation:/home/maria/agri_ws/install/agri_sensors:/home/maria/agri_ws/install/agri_orchestrator:/home/maria/agri_ws/install/agri_irrigation DEBUGINFOD_URLS=https://debuginfod.ubuntu.com /usr/bin/cmake --install /home/maria/agri_ws/build/agri_interfaces
