running egg_info
creating ../../build/agri_robot_control/agri_robot_control.egg-info
writing ../../build/agri_robot_control/agri_robot_control.egg-info/PKG-INFO
writing dependency_links to ../../build/agri_robot_control/agri_robot_control.egg-info/dependency_links.txt
writing requirements to ../../build/agri_robot_control/agri_robot_control.egg-info/requires.txt
writing top-level names to ../../build/agri_robot_control/agri_robot_control.egg-info/top_level.txt
writing manifest file '../../build/agri_robot_control/agri_robot_control.egg-info/SOURCES.txt'
reading manifest file '../../build/agri_robot_control/agri_robot_control.egg-info/SOURCES.txt'
writing manifest file '../../build/agri_robot_control/agri_robot_control.egg-info/SOURCES.txt'
running build
running build_py
creating /home/maria/agri_ws/build/agri_robot_control/build/lib/agri_robot_control
copying agri_robot_control/__init__.py -> /home/maria/agri_ws/build/agri_robot_control/build/lib/agri_robot_control
copying agri_robot_control/robot_controller_node.py -> /home/maria/agri_ws/build/agri_robot_control/build/lib/agri_robot_control
copying agri_robot_control/py.typed -> /home/maria/agri_ws/build/agri_robot_control/build/lib/agri_robot_control
running install
running install_lib
creating /home/maria/agri_ws/install/agri_robot_control/lib/python3.14/site-packages/agri_robot_control
copying /home/maria/agri_ws/build/agri_robot_control/build/lib/agri_robot_control/__init__.py -> /home/maria/agri_ws/install/agri_robot_control/lib/python3.14/site-packages/agri_robot_control
copying /home/maria/agri_ws/build/agri_robot_control/build/lib/agri_robot_control/robot_controller_node.py -> /home/maria/agri_ws/install/agri_robot_control/lib/python3.14/site-packages/agri_robot_control
copying /home/maria/agri_ws/build/agri_robot_control/build/lib/agri_robot_control/py.typed -> /home/maria/agri_ws/install/agri_robot_control/lib/python3.14/site-packages/agri_robot_control
byte-compiling /home/maria/agri_ws/install/agri_robot_control/lib/python3.14/site-packages/agri_robot_control/__init__.py to __init__.cpython-314.pyc
byte-compiling /home/maria/agri_ws/install/agri_robot_control/lib/python3.14/site-packages/agri_robot_control/robot_controller_node.py to robot_controller_node.cpython-314.pyc
running install_data
creating /home/maria/agri_ws/install/agri_robot_control/share/ament_index/resource_index/packages
copying resource/agri_robot_control -> /home/maria/agri_ws/install/agri_robot_control/share/ament_index/resource_index/packages
copying package.xml -> /home/maria/agri_ws/install/agri_robot_control/share/agri_robot_control
running install_egg_info
Copying ../../build/agri_robot_control/agri_robot_control.egg-info to /home/maria/agri_ws/install/agri_robot_control/lib/python3.14/site-packages/agri_robot_control-0.0.0-py3.14.egg-info
running install_scripts
writing list of installed files to '/home/maria/agri_ws/build/agri_robot_control/install.log'
