[3.396s] Invoking command in '/home/maria/agri_ws/src/agri_orchestrator': DEBUGINFOD_URLS=https://debuginfod.ubuntu.com PYTHONPATH=/home/maria/agri_ws/src/build/agri_orchestrator/prefix_override:/usr/lib/python3/dist-packages/colcon_core/task/python/colcon_distutils_commands:/home/maria/agri_ws/src/install/agri_orchestrator/lib/python3.14/site-packages:${PYTHONPATH} /usr/bin/python3 -W ignore:setup.py install is deprecated -W ignore:easy_install command is deprecated setup.py egg_info --egg-base ../build/agri_orchestrator build --build-base /home/maria/agri_ws/src/build/agri_orchestrator/build install --record /home/maria/agri_ws/src/build/agri_orchestrator/install.log --install-scripts $base/lib/agri_orchestrator --single-version-externally-managed install_data
[4.195s] running egg_info
[4.276s] creating ../build/agri_orchestrator/agri_orchestrator.egg-info
[4.276s] writing ../build/agri_orchestrator/agri_orchestrator.egg-info/PKG-INFO
[4.277s] writing dependency_links to ../build/agri_orchestrator/agri_orchestrator.egg-info/dependency_links.txt
[4.277s] writing entry points to ../build/agri_orchestrator/agri_orchestrator.egg-info/entry_points.txt
[4.277s] writing requirements to ../build/agri_orchestrator/agri_orchestrator.egg-info/requires.txt
[4.277s] writing top-level names to ../build/agri_orchestrator/agri_orchestrator.egg-info/top_level.txt
[4.277s] writing manifest file '../build/agri_orchestrator/agri_orchestrator.egg-info/SOURCES.txt'
[4.415s] reading manifest file '../build/agri_orchestrator/agri_orchestrator.egg-info/SOURCES.txt'
[4.416s] writing manifest file '../build/agri_orchestrator/agri_orchestrator.egg-info/SOURCES.txt'
[4.416s] running build
[4.417s] running build_py
[4.417s] creating /home/maria/agri_ws/src/build/agri_orchestrator/build/lib/agri_orchestrator
[4.418s] copying agri_orchestrator/__init__.py -> /home/maria/agri_ws/src/build/agri_orchestrator/build/lib/agri_orchestrator
[4.418s] copying agri_orchestrator/farm_orchestrator_node.py -> /home/maria/agri_ws/src/build/agri_orchestrator/build/lib/agri_orchestrator
[4.419s] copying agri_orchestrator/py.typed -> /home/maria/agri_ws/src/build/agri_orchestrator/build/lib/agri_orchestrator
[4.420s] running install
[4.433s] running install_lib
[4.506s] creating /home/maria/agri_ws/src/install/agri_orchestrator/lib/python3.14/site-packages/agri_orchestrator
[4.507s] copying /home/maria/agri_ws/src/build/agri_orchestrator/build/lib/agri_orchestrator/__init__.py -> /home/maria/agri_ws/src/install/agri_orchestrator/lib/python3.14/site-packages/agri_orchestrator
[4.507s] copying /home/maria/agri_ws/src/build/agri_orchestrator/build/lib/agri_orchestrator/py.typed -> /home/maria/agri_ws/src/install/agri_orchestrator/lib/python3.14/site-packages/agri_orchestrator
[4.508s] copying /home/maria/agri_ws/src/build/agri_orchestrator/build/lib/agri_orchestrator/farm_orchestrator_node.py -> /home/maria/agri_ws/src/install/agri_orchestrator/lib/python3.14/site-packages/agri_orchestrator
[4.509s] byte-compiling /home/maria/agri_ws/src/install/agri_orchestrator/lib/python3.14/site-packages/agri_orchestrator/__init__.py to __init__.cpython-314.pyc
[4.510s] byte-compiling /home/maria/agri_ws/src/install/agri_orchestrator/lib/python3.14/site-packages/agri_orchestrator/farm_orchestrator_node.py to farm_orchestrator_node.cpython-314.pyc
[4.511s] running install_data
[4.512s] creating /home/maria/agri_ws/src/install/agri_orchestrator/share/ament_index/resource_index/packages
[4.512s] copying resource/agri_orchestrator -> /home/maria/agri_ws/src/install/agri_orchestrator/share/ament_index/resource_index/packages
[4.513s] copying package.xml -> /home/maria/agri_ws/src/install/agri_orchestrator/share/agri_orchestrator
[4.513s] running install_egg_info
[4.584s] Copying ../build/agri_orchestrator/agri_orchestrator.egg-info to /home/maria/agri_ws/src/install/agri_orchestrator/lib/python3.14/site-packages/agri_orchestrator-0.0.0-py3.14.egg-info
[4.587s] running install_scripts
[4.909s] Installing farm_orchestrator_node script to /home/maria/agri_ws/src/install/agri_orchestrator/lib/agri_orchestrator
[4.910s] writing list of installed files to '/home/maria/agri_ws/src/build/agri_orchestrator/install.log'
[4.994s] Invoked command in '/home/maria/agri_ws/src/agri_orchestrator' returned '0': DEBUGINFOD_URLS=https://debuginfod.ubuntu.com PYTHONPATH=/home/maria/agri_ws/src/build/agri_orchestrator/prefix_override:/usr/lib/python3/dist-packages/colcon_core/task/python/colcon_distutils_commands:/home/maria/agri_ws/src/install/agri_orchestrator/lib/python3.14/site-packages:${PYTHONPATH} /usr/bin/python3 -W ignore:setup.py install is deprecated -W ignore:easy_install command is deprecated setup.py egg_info --egg-base ../build/agri_orchestrator build --build-base /home/maria/agri_ws/src/build/agri_orchestrator/build install --record /home/maria/agri_ws/src/build/agri_orchestrator/install.log --install-scripts $base/lib/agri_orchestrator --single-version-externally-managed install_data
