[3.398s] Invoking command in '/home/maria/agri_ws/src/agri_orchestrator': DEBUGINFOD_URLS=https://debuginfod.ubuntu.com PYTHONPATH=/home/maria/agri_ws/build/agri_orchestrator/prefix_override:/usr/lib/python3/dist-packages/colcon_core/task/python/colcon_distutils_commands:/home/maria/agri_ws/install/agri_orchestrator/lib/python3.14/site-packages:${PYTHONPATH} /usr/bin/python3 -W ignore:setup.py install is deprecated -W ignore:easy_install command is deprecated setup.py egg_info --egg-base ../../build/agri_orchestrator build --build-base /home/maria/agri_ws/build/agri_orchestrator/build install --record /home/maria/agri_ws/build/agri_orchestrator/install.log --install-scripts $base/lib/agri_orchestrator --single-version-externally-managed install_data
[4.347s] running egg_info
[4.445s] writing ../../build/agri_orchestrator/agri_orchestrator.egg-info/PKG-INFO
[4.448s] writing dependency_links to ../../build/agri_orchestrator/agri_orchestrator.egg-info/dependency_links.txt
[4.448s] writing entry points to ../../build/agri_orchestrator/agri_orchestrator.egg-info/entry_points.txt
[4.448s] writing requirements to ../../build/agri_orchestrator/agri_orchestrator.egg-info/requires.txt
[4.448s] writing top-level names to ../../build/agri_orchestrator/agri_orchestrator.egg-info/top_level.txt
[4.637s] reading manifest file '../../build/agri_orchestrator/agri_orchestrator.egg-info/SOURCES.txt'
[4.643s] writing manifest file '../../build/agri_orchestrator/agri_orchestrator.egg-info/SOURCES.txt'
[4.643s] running build
[4.644s] running build_py
[4.645s] copying agri_orchestrator/__init__.py -> /home/maria/agri_ws/build/agri_orchestrator/build/lib/agri_orchestrator
[4.647s] copying agri_orchestrator/farm_orchestrator_node.py -> /home/maria/agri_ws/build/agri_orchestrator/build/lib/agri_orchestrator
[4.648s] copying agri_orchestrator/py.typed -> /home/maria/agri_ws/build/agri_orchestrator/build/lib/agri_orchestrator
[4.648s] running install
[4.682s] running install_lib
[4.822s] copying /home/maria/agri_ws/build/agri_orchestrator/build/lib/agri_orchestrator/farm_orchestrator_node.py -> /home/maria/agri_ws/install/agri_orchestrator/lib/python3.14/site-packages/agri_orchestrator
[4.825s] byte-compiling /home/maria/agri_ws/install/agri_orchestrator/lib/python3.14/site-packages/agri_orchestrator/farm_orchestrator_node.py to farm_orchestrator_node.cpython-314.pyc
[4.825s] running install_data
[4.826s] copying resource/agri_orchestrator -> /home/maria/agri_ws/install/agri_orchestrator/share/ament_index/resource_index/packages
[4.827s] copying package.xml -> /home/maria/agri_ws/install/agri_orchestrator/share/agri_orchestrator
[4.828s] running install_egg_info
[4.910s] removing '/home/maria/agri_ws/install/agri_orchestrator/lib/python3.14/site-packages/agri_orchestrator-0.0.0-py3.14.egg-info' (and everything under it)
[4.910s] Copying ../../build/agri_orchestrator/agri_orchestrator.egg-info to /home/maria/agri_ws/install/agri_orchestrator/lib/python3.14/site-packages/agri_orchestrator-0.0.0-py3.14.egg-info
[4.914s] running install_scripts
[5.641s] Installing farm_orchestrator_node script to /home/maria/agri_ws/install/agri_orchestrator/lib/agri_orchestrator
[5.641s] writing list of installed files to '/home/maria/agri_ws/build/agri_orchestrator/install.log'
[5.707s] Invoked command in '/home/maria/agri_ws/src/agri_orchestrator' returned '0': DEBUGINFOD_URLS=https://debuginfod.ubuntu.com PYTHONPATH=/home/maria/agri_ws/build/agri_orchestrator/prefix_override:/usr/lib/python3/dist-packages/colcon_core/task/python/colcon_distutils_commands:/home/maria/agri_ws/install/agri_orchestrator/lib/python3.14/site-packages:${PYTHONPATH} /usr/bin/python3 -W ignore:setup.py install is deprecated -W ignore:easy_install command is deprecated setup.py egg_info --egg-base ../../build/agri_orchestrator build --build-base /home/maria/agri_ws/build/agri_orchestrator/build install --record /home/maria/agri_ws/build/agri_orchestrator/install.log --install-scripts $base/lib/agri_orchestrator --single-version-externally-managed install_data
