[4.725s] Invoking command in '/home/maria/agri_ws/src/agri_sensors': DEBUGINFOD_URLS=https://debuginfod.ubuntu.com PYTHONPATH=/home/maria/agri_ws/src/build/agri_sensors/prefix_override:/usr/lib/python3/dist-packages/colcon_core/task/python/colcon_distutils_commands:/home/maria/agri_ws/src/install/agri_sensors/lib/python3.14/site-packages:${PYTHONPATH} /usr/bin/python3 -W ignore:setup.py install is deprecated -W ignore:easy_install command is deprecated setup.py egg_info --egg-base ../build/agri_sensors build --build-base /home/maria/agri_ws/src/build/agri_sensors/build install --record /home/maria/agri_ws/src/build/agri_sensors/install.log --install-scripts $base/lib/agri_sensors --single-version-externally-managed install_data
[5.631s] running egg_info
[5.706s] writing ../build/agri_sensors/agri_sensors.egg-info/PKG-INFO
[5.710s] writing dependency_links to ../build/agri_sensors/agri_sensors.egg-info/dependency_links.txt
[5.712s] writing entry points to ../build/agri_sensors/agri_sensors.egg-info/entry_points.txt
[5.712s] writing requirements to ../build/agri_sensors/agri_sensors.egg-info/requires.txt
[5.712s] writing top-level names to ../build/agri_sensors/agri_sensors.egg-info/top_level.txt
[5.872s] reading manifest file '../build/agri_sensors/agri_sensors.egg-info/SOURCES.txt'
[5.874s] writing manifest file '../build/agri_sensors/agri_sensors.egg-info/SOURCES.txt'
[5.875s] running build
[5.875s] running build_py
[5.879s] copying agri_sensors/__init__.py -> /home/maria/agri_ws/src/build/agri_sensors/build/lib/agri_sensors
[5.880s] copying agri_sensors/soil_sensor_node.py -> /home/maria/agri_ws/src/build/agri_sensors/build/lib/agri_sensors
[5.880s] copying agri_sensors/py.typed -> /home/maria/agri_ws/src/build/agri_sensors/build/lib/agri_sensors
[5.880s] running install
[5.908s] running install_lib
[6.012s] running install_data
[6.014s] copying resource/agri_sensors -> /home/maria/agri_ws/src/install/agri_sensors/share/ament_index/resource_index/packages
[6.016s] copying package.xml -> /home/maria/agri_ws/src/install/agri_sensors/share/agri_sensors
[6.017s] running install_egg_info
[6.103s] removing '/home/maria/agri_ws/src/install/agri_sensors/lib/python3.14/site-packages/agri_sensors-0.0.0-py3.14.egg-info' (and everything under it)
[6.105s] Copying ../build/agri_sensors/agri_sensors.egg-info to /home/maria/agri_ws/src/install/agri_sensors/lib/python3.14/site-packages/agri_sensors-0.0.0-py3.14.egg-info
[6.105s] running install_scripts
[6.483s] Installing soil_sensor_node script to /home/maria/agri_ws/src/install/agri_sensors/lib/agri_sensors
[6.483s] writing list of installed files to '/home/maria/agri_ws/src/build/agri_sensors/install.log'
[6.589s] Invoked command in '/home/maria/agri_ws/src/agri_sensors' returned '0': DEBUGINFOD_URLS=https://debuginfod.ubuntu.com PYTHONPATH=/home/maria/agri_ws/src/build/agri_sensors/prefix_override:/usr/lib/python3/dist-packages/colcon_core/task/python/colcon_distutils_commands:/home/maria/agri_ws/src/install/agri_sensors/lib/python3.14/site-packages:${PYTHONPATH} /usr/bin/python3 -W ignore:setup.py install is deprecated -W ignore:easy_install command is deprecated setup.py egg_info --egg-base ../build/agri_sensors build --build-base /home/maria/agri_ws/src/build/agri_sensors/build install --record /home/maria/agri_ws/src/build/agri_sensors/install.log --install-scripts $base/lib/agri_sensors --single-version-externally-managed install_data
