[3.597s] Invoking command in '/home/maria/agri_ws/src/agri_orchestrator': DEBUGINFOD_URLS=https://debuginfod.ubuntu.com PYTHONPATH=/home/maria/agri_ws/build/agri_orchestrator/prefix_override:/usr/lib/python3/dist-packages/colcon_core/task/python/colcon_distutils_commands:/home/maria/agri_ws/install/agri_orchestrator/lib/python3.14/site-packages:${PYTHONPATH} /usr/bin/python3 -W ignore:setup.py install is deprecated -W ignore:easy_install command is deprecated setup.py egg_info --egg-base ../../build/agri_orchestrator build --build-base /home/maria/agri_ws/build/agri_orchestrator/build install --record /home/maria/agri_ws/build/agri_orchestrator/install.log --install-scripts $base/lib/agri_orchestrator --single-version-externally-managed install_data
[4.515s] running egg_info
[4.591s] creating ../../build/agri_orchestrator/agri_orchestrator.egg-info
[4.591s] writing ../../build/agri_orchestrator/agri_orchestrator.egg-info/PKG-INFO
[4.592s] writing dependency_links to ../../build/agri_orchestrator/agri_orchestrator.egg-info/dependency_links.txt
[4.594s] writing requirements to ../../build/agri_orchestrator/agri_orchestrator.egg-info/requires.txt
[4.595s] writing top-level names to ../../build/agri_orchestrator/agri_orchestrator.egg-info/top_level.txt
[4.595s] writing manifest file '../../build/agri_orchestrator/agri_orchestrator.egg-info/SOURCES.txt'
[4.773s] reading manifest file '../../build/agri_orchestrator/agri_orchestrator.egg-info/SOURCES.txt'
[4.775s] writing manifest file '../../build/agri_orchestrator/agri_orchestrator.egg-info/SOURCES.txt'
[4.775s] running build
[4.775s] running build_py
[4.775s] creating /home/maria/agri_ws/build/agri_orchestrator/build/lib/agri_orchestrator
[4.776s] copying agri_orchestrator/__init__.py -> /home/maria/agri_ws/build/agri_orchestrator/build/lib/agri_orchestrator
[4.778s] copying agri_orchestrator/py.typed -> /home/maria/agri_ws/build/agri_orchestrator/build/lib/agri_orchestrator
[4.778s] running install
[4.791s] running install_lib
[4.861s] creating /home/maria/agri_ws/install/agri_orchestrator/lib/python3.14/site-packages/agri_orchestrator
[4.861s] copying /home/maria/agri_ws/build/agri_orchestrator/build/lib/agri_orchestrator/__init__.py -> /home/maria/agri_ws/install/agri_orchestrator/lib/python3.14/site-packages/agri_orchestrator
[4.862s] copying /home/maria/agri_ws/build/agri_orchestrator/build/lib/agri_orchestrator/py.typed -> /home/maria/agri_ws/install/agri_orchestrator/lib/python3.14/site-packages/agri_orchestrator
[4.863s] byte-compiling /home/maria/agri_ws/install/agri_orchestrator/lib/python3.14/site-packages/agri_orchestrator/__init__.py to __init__.cpython-314.pyc
[4.863s] running install_data
[4.864s] creating /home/maria/agri_ws/install/agri_orchestrator/share/ament_index/resource_index/packages
[4.866s] copying resource/agri_orchestrator -> /home/maria/agri_ws/install/agri_orchestrator/share/ament_index/resource_index/packages
[4.866s] copying package.xml -> /home/maria/agri_ws/install/agri_orchestrator/share/agri_orchestrator
[4.867s] running install_egg_info
[4.950s] Copying ../../build/agri_orchestrator/agri_orchestrator.egg-info to /home/maria/agri_ws/install/agri_orchestrator/lib/python3.14/site-packages/agri_orchestrator-0.0.0-py3.14.egg-info
[4.954s] running install_scripts
[5.336s] writing list of installed files to '/home/maria/agri_ws/build/agri_orchestrator/install.log'
[5.471s] Invoked command in '/home/maria/agri_ws/src/agri_orchestrator' returned '0': DEBUGINFOD_URLS=https://debuginfod.ubuntu.com PYTHONPATH=/home/maria/agri_ws/build/agri_orchestrator/prefix_override:/usr/lib/python3/dist-packages/colcon_core/task/python/colcon_distutils_commands:/home/maria/agri_ws/install/agri_orchestrator/lib/python3.14/site-packages:${PYTHONPATH} /usr/bin/python3 -W ignore:setup.py install is deprecated -W ignore:easy_install command is deprecated setup.py egg_info --egg-base ../../build/agri_orchestrator build --build-base /home/maria/agri_ws/build/agri_orchestrator/build install --record /home/maria/agri_ws/build/agri_orchestrator/install.log --install-scripts $base/lib/agri_orchestrator --single-version-externally-managed install_data
