[5.711s] Invoking command in '/home/maria/agri_ws/src/agri_irrigation': DEBUGINFOD_URLS=https://debuginfod.ubuntu.com PYTHONPATH=/home/maria/agri_ws/build/agri_irrigation/prefix_override:/usr/lib/python3/dist-packages/colcon_core/task/python/colcon_distutils_commands:/home/maria/agri_ws/install/agri_irrigation/lib/python3.14/site-packages:${PYTHONPATH} /usr/bin/python3 -W ignore:setup.py install is deprecated -W ignore:easy_install command is deprecated setup.py egg_info --egg-base ../../build/agri_irrigation build --build-base /home/maria/agri_ws/build/agri_irrigation/build install --record /home/maria/agri_ws/build/agri_irrigation/install.log --install-scripts $base/lib/agri_irrigation --single-version-externally-managed install_data
[6.737s] running egg_info
[6.809s] writing ../../build/agri_irrigation/agri_irrigation.egg-info/PKG-INFO
[6.811s] writing dependency_links to ../../build/agri_irrigation/agri_irrigation.egg-info/dependency_links.txt
[6.811s] writing entry points to ../../build/agri_irrigation/agri_irrigation.egg-info/entry_points.txt
[6.812s] writing requirements to ../../build/agri_irrigation/agri_irrigation.egg-info/requires.txt
[6.813s] writing top-level names to ../../build/agri_irrigation/agri_irrigation.egg-info/top_level.txt
[6.973s] reading manifest file '../../build/agri_irrigation/agri_irrigation.egg-info/SOURCES.txt'
[6.977s] writing manifest file '../../build/agri_irrigation/agri_irrigation.egg-info/SOURCES.txt'
[6.977s] running build
[6.977s] running build_py
[6.979s] copying agri_irrigation/__init__.py -> /home/maria/agri_ws/build/agri_irrigation/build/lib/agri_irrigation
[6.979s] copying agri_irrigation/irrigation_valve_node.py -> /home/maria/agri_ws/build/agri_irrigation/build/lib/agri_irrigation
[6.980s] copying agri_irrigation/py.typed -> /home/maria/agri_ws/build/agri_irrigation/build/lib/agri_irrigation
[6.981s] running install
[6.995s] running install_lib
[7.068s] copying /home/maria/agri_ws/build/agri_irrigation/build/lib/agri_irrigation/irrigation_valve_node.py -> /home/maria/agri_ws/install/agri_irrigation/lib/python3.14/site-packages/agri_irrigation
[7.069s] byte-compiling /home/maria/agri_ws/install/agri_irrigation/lib/python3.14/site-packages/agri_irrigation/irrigation_valve_node.py to irrigation_valve_node.cpython-314.pyc
[7.070s] running install_data
[7.071s] copying resource/agri_irrigation -> /home/maria/agri_ws/install/agri_irrigation/share/ament_index/resource_index/packages
[7.072s] copying package.xml -> /home/maria/agri_ws/install/agri_irrigation/share/agri_irrigation
[7.072s] running install_egg_info
[7.153s] removing '/home/maria/agri_ws/install/agri_irrigation/lib/python3.14/site-packages/agri_irrigation-0.0.0-py3.14.egg-info' (and everything under it)
[7.156s] Copying ../../build/agri_irrigation/agri_irrigation.egg-info to /home/maria/agri_ws/install/agri_irrigation/lib/python3.14/site-packages/agri_irrigation-0.0.0-py3.14.egg-info
[7.159s] running install_scripts
[7.510s] Installing irrigation_valve_node script to /home/maria/agri_ws/install/agri_irrigation/lib/agri_irrigation
[7.511s] writing list of installed files to '/home/maria/agri_ws/build/agri_irrigation/install.log'
[7.593s] Invoked command in '/home/maria/agri_ws/src/agri_irrigation' returned '0': DEBUGINFOD_URLS=https://debuginfod.ubuntu.com PYTHONPATH=/home/maria/agri_ws/build/agri_irrigation/prefix_override:/usr/lib/python3/dist-packages/colcon_core/task/python/colcon_distutils_commands:/home/maria/agri_ws/install/agri_irrigation/lib/python3.14/site-packages:${PYTHONPATH} /usr/bin/python3 -W ignore:setup.py install is deprecated -W ignore:easy_install command is deprecated setup.py egg_info --egg-base ../../build/agri_irrigation build --build-base /home/maria/agri_ws/build/agri_irrigation/build install --record /home/maria/agri_ws/build/agri_irrigation/install.log --install-scripts $base/lib/agri_irrigation --single-version-externally-managed install_data
