[2.920s] Invoking command in '/home/maria/agri_ws/src/agri_irrigation': DEBUGINFOD_URLS=https://debuginfod.ubuntu.com PYTHONPATH=/home/maria/agri_ws/build/agri_irrigation/prefix_override:/usr/lib/python3/dist-packages/colcon_core/task/python/colcon_distutils_commands:/home/maria/agri_ws/install/agri_irrigation/lib/python3.14/site-packages: /usr/bin/python3 -W ignore:setup.py install is deprecated -W ignore:easy_install command is deprecated setup.py egg_info --egg-base ../../build/agri_irrigation build --build-base /home/maria/agri_ws/build/agri_irrigation/build install --record /home/maria/agri_ws/build/agri_irrigation/install.log --install-scripts $base/lib/agri_irrigation --single-version-externally-managed install_data
[3.563s] running egg_info
[3.619s] writing ../../build/agri_irrigation/agri_irrigation.egg-info/PKG-INFO
[3.619s] writing dependency_links to ../../build/agri_irrigation/agri_irrigation.egg-info/dependency_links.txt
[3.620s] writing entry points to ../../build/agri_irrigation/agri_irrigation.egg-info/entry_points.txt
[3.620s] writing requirements to ../../build/agri_irrigation/agri_irrigation.egg-info/requires.txt
[3.620s] writing top-level names to ../../build/agri_irrigation/agri_irrigation.egg-info/top_level.txt
[3.733s] reading manifest file '../../build/agri_irrigation/agri_irrigation.egg-info/SOURCES.txt'
[3.739s] writing manifest file '../../build/agri_irrigation/agri_irrigation.egg-info/SOURCES.txt'
[3.740s] running build
[3.740s] running build_py
[3.740s] copying agri_irrigation/__init__.py -> /home/maria/agri_ws/build/agri_irrigation/build/lib/agri_irrigation
[3.741s] copying agri_irrigation/irrigation_valve_node.py -> /home/maria/agri_ws/build/agri_irrigation/build/lib/agri_irrigation
[3.743s] copying agri_irrigation/py.typed -> /home/maria/agri_ws/build/agri_irrigation/build/lib/agri_irrigation
[3.743s] running install
[3.774s] running install_lib
[3.883s] running install_data
[3.886s] copying resource/agri_irrigation -> /home/maria/agri_ws/install/agri_irrigation/share/ament_index/resource_index/packages
[3.887s] copying package.xml -> /home/maria/agri_ws/install/agri_irrigation/share/agri_irrigation
[3.888s] running install_egg_info
[3.969s] removing '/home/maria/agri_ws/install/agri_irrigation/lib/python3.14/site-packages/agri_irrigation-0.0.0-py3.14.egg-info' (and everything under it)
[3.970s] Copying ../../build/agri_irrigation/agri_irrigation.egg-info to /home/maria/agri_ws/install/agri_irrigation/lib/python3.14/site-packages/agri_irrigation-0.0.0-py3.14.egg-info
[3.972s] running install_scripts
[4.305s] Installing irrigation_valve_node script to /home/maria/agri_ws/install/agri_irrigation/lib/agri_irrigation
[4.306s] writing list of installed files to '/home/maria/agri_ws/build/agri_irrigation/install.log'
[4.428s] Invoked command in '/home/maria/agri_ws/src/agri_irrigation' returned '0': DEBUGINFOD_URLS=https://debuginfod.ubuntu.com PYTHONPATH=/home/maria/agri_ws/build/agri_irrigation/prefix_override:/usr/lib/python3/dist-packages/colcon_core/task/python/colcon_distutils_commands:/home/maria/agri_ws/install/agri_irrigation/lib/python3.14/site-packages: /usr/bin/python3 -W ignore:setup.py install is deprecated -W ignore:easy_install command is deprecated setup.py egg_info --egg-base ../../build/agri_irrigation build --build-base /home/maria/agri_ws/build/agri_irrigation/build install --record /home/maria/agri_ws/build/agri_irrigation/install.log --install-scripts $base/lib/agri_irrigation --single-version-externally-managed install_data
