[4.043s] Invoking command in '/home/maria/agri_ws/src/agri_sensors': AMENT_PREFIX_PATH=/home/maria/agri_ws/install/agri_interfaces:${AMENT_PREFIX_PATH} CMAKE_PREFIX_PATH=/home/maria/agri_ws/install/agri_interfaces:${CMAKE_PREFIX_PATH} DEBUGINFOD_URLS=https://debuginfod.ubuntu.com LD_LIBRARY_PATH=/home/maria/agri_ws/install/agri_interfaces/lib:${LD_LIBRARY_PATH} PYTHONPATH=/home/maria/agri_ws/build/agri_sensors/prefix_override:/usr/lib/python3/dist-packages/colcon_core/task/python/colcon_distutils_commands:/home/maria/agri_ws/install/agri_sensors/lib/python3.14/site-packages:/home/maria/agri_ws/install/agri_interfaces/lib/python3.14/site-packages:${PYTHONPATH} /usr/bin/python3 -W ignore:setup.py install is deprecated -W ignore:easy_install command is deprecated setup.py egg_info --egg-base ../../build/agri_sensors build --build-base /home/maria/agri_ws/build/agri_sensors/build install --record /home/maria/agri_ws/build/agri_sensors/install.log --install-scripts $base/lib/agri_sensors --single-version-externally-managed install_data
[4.948s] running egg_info
[5.055s] writing ../../build/agri_sensors/agri_sensors.egg-info/PKG-INFO
[5.060s] writing dependency_links to ../../build/agri_sensors/agri_sensors.egg-info/dependency_links.txt
[5.060s] writing entry points to ../../build/agri_sensors/agri_sensors.egg-info/entry_points.txt
[5.061s] writing requirements to ../../build/agri_sensors/agri_sensors.egg-info/requires.txt
[5.061s] writing top-level names to ../../build/agri_sensors/agri_sensors.egg-info/top_level.txt
[5.278s] reading manifest file '../../build/agri_sensors/agri_sensors.egg-info/SOURCES.txt'
[5.279s] writing manifest file '../../build/agri_sensors/agri_sensors.egg-info/SOURCES.txt'
[5.280s] running build
[5.282s] running build_py
[5.283s] copying agri_sensors/__init__.py -> /home/maria/agri_ws/build/agri_sensors/build/lib/agri_sensors
[5.283s] copying agri_sensors/soil_sensor_node.py -> /home/maria/agri_ws/build/agri_sensors/build/lib/agri_sensors
[5.284s] copying agri_sensors/py.typed -> /home/maria/agri_ws/build/agri_sensors/build/lib/agri_sensors
[5.287s] running install
[5.305s] running install_lib
[5.407s] running install_data
[5.408s] copying resource/agri_sensors -> /home/maria/agri_ws/install/agri_sensors/share/ament_index/resource_index/packages
[5.411s] copying package.xml -> /home/maria/agri_ws/install/agri_sensors/share/agri_sensors
[5.414s] running install_egg_info
[5.493s] removing '/home/maria/agri_ws/install/agri_sensors/lib/python3.14/site-packages/agri_sensors-0.0.0-py3.14.egg-info' (and everything under it)
[5.495s] Copying ../../build/agri_sensors/agri_sensors.egg-info to /home/maria/agri_ws/install/agri_sensors/lib/python3.14/site-packages/agri_sensors-0.0.0-py3.14.egg-info
[5.495s] running install_scripts
[5.844s] Installing soil_sensor_node script to /home/maria/agri_ws/install/agri_sensors/lib/agri_sensors
[5.847s] writing list of installed files to '/home/maria/agri_ws/build/agri_sensors/install.log'
[5.982s] Invoked command in '/home/maria/agri_ws/src/agri_sensors' returned '0': AMENT_PREFIX_PATH=/home/maria/agri_ws/install/agri_interfaces:${AMENT_PREFIX_PATH} CMAKE_PREFIX_PATH=/home/maria/agri_ws/install/agri_interfaces:${CMAKE_PREFIX_PATH} DEBUGINFOD_URLS=https://debuginfod.ubuntu.com LD_LIBRARY_PATH=/home/maria/agri_ws/install/agri_interfaces/lib:${LD_LIBRARY_PATH} PYTHONPATH=/home/maria/agri_ws/build/agri_sensors/prefix_override:/usr/lib/python3/dist-packages/colcon_core/task/python/colcon_distutils_commands:/home/maria/agri_ws/install/agri_sensors/lib/python3.14/site-packages:/home/maria/agri_ws/install/agri_interfaces/lib/python3.14/site-packages:${PYTHONPATH} /usr/bin/python3 -W ignore:setup.py install is deprecated -W ignore:easy_install command is deprecated setup.py egg_info --egg-base ../../build/agri_sensors build --build-base /home/maria/agri_ws/build/agri_sensors/build install --record /home/maria/agri_ws/build/agri_sensors/install.log --install-scripts $base/lib/agri_sensors --single-version-externally-managed install_data
