[7.158s] Invoking command in '/home/maria/agri_ws/build/agri_orchestrator': CMAKE_PREFIX_PATH=/home/maria/agri_ws/install/agri_interfaces:/home/maria/agri_ws/install/agri_simulation:/home/maria/ros2_lyrical/ros2-linux/opt/gz_math_vendor:/home/maria/ros2_lyrical/ros2-linux/opt/gz_utils_vendor:/home/maria/ros2_lyrical/ros2-linux/opt/gz_cmake_vendor:/home/maria/ros2_lyrical/ros2-linux:/opt/ros/lyrical/opt/gz_sim_vendor:/opt/ros/lyrical/opt/gz_sensors_vendor:/opt/ros/lyrical/opt/gz_gui_vendor:/opt/ros/lyrical/opt/gz_transport_vendor:/opt/ros/lyrical/opt/gz_physics_vendor:/opt/ros/lyrical/opt/sdformat_vendor:/opt/ros/lyrical/opt/gz_rendering_vendor:/opt/ros/lyrical/opt/gz_plugin_vendor:/opt/ros/lyrical/opt/gz_fuel_tools_vendor:/opt/ros/lyrical/opt/gz_msgs_vendor:/opt/ros/lyrical/opt/gz_common_vendor:/opt/ros/lyrical/opt/gz_math_vendor:/opt/ros/lyrical/opt/gz_utils_vendor:/opt/ros/lyrical/opt/gz_tools_vendor:/opt/ros/lyrical/opt/gz_ogre_next_vendor:/opt/ros/lyrical/opt/gz_dartsim_vendor:/opt/ros/lyrical/opt/gz_cmake_vendor DEBUGINFOD_URLS=https://debuginfod.ubuntu.com PYTHONPATH=/home/maria/agri_ws/build/agri_orchestrator/prefix_override:/usr/lib/python3/dist-packages/colcon_core/task/python/colcon_distutils_commands:/home/maria/agri_ws/install/agri_orchestrator/lib/python3.14/site-packages:/home/maria/agri_ws/install/agri_interfaces/lib/python3.14/site-packages:/home/maria/agri_ws/install/agri_sensors/lib/python3.14/site-packages:/home/maria/agri_ws/build/agri_robot_control:/home/maria/agri_ws/install/agri_robot_control/lib/python3.14/site-packages:/home/maria/agri_ws/install/agri_orchestrator/lib/python3.14/site-packages:/home/maria/agri_ws/install/agri_irrigation/lib/python3.14/site-packages:/home/maria/ros2_lyrical/ros2-linux/opt/gz_math_vendor/lib/python:/home/maria/ros2_lyrical/ros2-linux/lib/python3.14/site-packages:/opt/ros/lyrical/opt/gz_sim_vendor/lib/python:/opt/ros/lyrical/opt/gz_transport_vendor/lib/python:/opt/ros/lyrical/opt/sdformat_vendor/lib/python:/opt/ros/lyrical/opt/gz_msgs_vendor/lib/python:/opt/ros/lyrical/opt/gz_math_vendor/lib/python:/opt/ros/lyrical/lib/python3.14/site-packages /usr/bin/python3 -W ignore:setup.py install is deprecated -W ignore:easy_install command is deprecated setup.py develop --editable --build-directory /home/maria/agri_ws/build/agri_orchestrator/build --no-deps symlink_data
[9.948s] running develop
[11.764s] running egg_info
[11.963s] creating agri_orchestrator.egg-info
[11.976s] writing agri_orchestrator.egg-info/PKG-INFO
[11.977s] writing dependency_links to agri_orchestrator.egg-info/dependency_links.txt
[11.977s] writing entry points to agri_orchestrator.egg-info/entry_points.txt
[11.977s] writing requirements to agri_orchestrator.egg-info/requires.txt
[11.977s] writing top-level names to agri_orchestrator.egg-info/top_level.txt
[11.978s] writing manifest file 'agri_orchestrator.egg-info/SOURCES.txt'
[12.368s] reading manifest file 'agri_orchestrator.egg-info/SOURCES.txt'
[12.379s] writing manifest file 'agri_orchestrator.egg-info/SOURCES.txt'
[12.599s] running build_ext
[12.600s] Creating /home/maria/agri_ws/install/agri_orchestrator/lib/python3.14/site-packages/agri-orchestrator.egg-link (link to .)
[12.601s] Installing farm_orchestrator_node script to /home/maria/agri_ws/install/agri_orchestrator/lib/agri_orchestrator
[12.602s] 
[12.603s] Installed /home/maria/agri_ws/build/agri_orchestrator
[12.603s] running symlink_data
[12.603s] creating /home/maria/agri_ws/install/agri_orchestrator/share/ament_index/resource_index/packages
[12.603s] symbolically linking /home/maria/agri_ws/build/agri_orchestrator/resource/agri_orchestrator -> /home/maria/agri_ws/install/agri_orchestrator/share/ament_index/resource_index/packages
[12.603s] symbolically linking /home/maria/agri_ws/build/agri_orchestrator/package.xml -> /home/maria/agri_ws/install/agri_orchestrator/share/agri_orchestrator
[12.778s] Invoked command in '/home/maria/agri_ws/build/agri_orchestrator' returned '0': CMAKE_PREFIX_PATH=/home/maria/agri_ws/install/agri_interfaces:/home/maria/agri_ws/install/agri_simulation:/home/maria/ros2_lyrical/ros2-linux/opt/gz_math_vendor:/home/maria/ros2_lyrical/ros2-linux/opt/gz_utils_vendor:/home/maria/ros2_lyrical/ros2-linux/opt/gz_cmake_vendor:/home/maria/ros2_lyrical/ros2-linux:/opt/ros/lyrical/opt/gz_sim_vendor:/opt/ros/lyrical/opt/gz_sensors_vendor:/opt/ros/lyrical/opt/gz_gui_vendor:/opt/ros/lyrical/opt/gz_transport_vendor:/opt/ros/lyrical/opt/gz_physics_vendor:/opt/ros/lyrical/opt/sdformat_vendor:/opt/ros/lyrical/opt/gz_rendering_vendor:/opt/ros/lyrical/opt/gz_plugin_vendor:/opt/ros/lyrical/opt/gz_fuel_tools_vendor:/opt/ros/lyrical/opt/gz_msgs_vendor:/opt/ros/lyrical/opt/gz_common_vendor:/opt/ros/lyrical/opt/gz_math_vendor:/opt/ros/lyrical/opt/gz_utils_vendor:/opt/ros/lyrical/opt/gz_tools_vendor:/opt/ros/lyrical/opt/gz_ogre_next_vendor:/opt/ros/lyrical/opt/gz_dartsim_vendor:/opt/ros/lyrical/opt/gz_cmake_vendor DEBUGINFOD_URLS=https://debuginfod.ubuntu.com PYTHONPATH=/home/maria/agri_ws/build/agri_orchestrator/prefix_override:/usr/lib/python3/dist-packages/colcon_core/task/python/colcon_distutils_commands:/home/maria/agri_ws/install/agri_orchestrator/lib/python3.14/site-packages:/home/maria/agri_ws/install/agri_interfaces/lib/python3.14/site-packages:/home/maria/agri_ws/install/agri_sensors/lib/python3.14/site-packages:/home/maria/agri_ws/build/agri_robot_control:/home/maria/agri_ws/install/agri_robot_control/lib/python3.14/site-packages:/home/maria/agri_ws/install/agri_orchestrator/lib/python3.14/site-packages:/home/maria/agri_ws/install/agri_irrigation/lib/python3.14/site-packages:/home/maria/ros2_lyrical/ros2-linux/opt/gz_math_vendor/lib/python:/home/maria/ros2_lyrical/ros2-linux/lib/python3.14/site-packages:/opt/ros/lyrical/opt/gz_sim_vendor/lib/python:/opt/ros/lyrical/opt/gz_transport_vendor/lib/python:/opt/ros/lyrical/opt/sdformat_vendor/lib/python:/opt/ros/lyrical/opt/gz_msgs_vendor/lib/python:/opt/ros/lyrical/opt/gz_math_vendor/lib/python:/opt/ros/lyrical/lib/python3.14/site-packages /usr/bin/python3 -W ignore:setup.py install is deprecated -W ignore:easy_install command is deprecated setup.py develop --editable --build-directory /home/maria/agri_ws/build/agri_orchestrator/build --no-deps symlink_data
