[3.478s] Invoking command in '/home/maria/agri_ws/src/agri_irrigation': DEBUGINFOD_URLS=https://debuginfod.ubuntu.com PYTHONPATH=/home/maria/agri_ws/build/agri_irrigation/prefix_override:/usr/lib/python3/dist-packages/colcon_core/task/python/colcon_distutils_commands:/home/maria/agri_ws/install/agri_irrigation/lib/python3.14/site-packages:${PYTHONPATH} /usr/bin/python3 -W ignore:setup.py install is deprecated -W ignore:easy_install command is deprecated setup.py egg_info --egg-base ../../build/agri_irrigation build --build-base /home/maria/agri_ws/build/agri_irrigation/build install --record /home/maria/agri_ws/build/agri_irrigation/install.log --install-scripts $base/lib/agri_irrigation --single-version-externally-managed install_data
[4.419s] running egg_info
[4.497s] writing ../../build/agri_irrigation/agri_irrigation.egg-info/PKG-INFO
[4.501s] writing dependency_links to ../../build/agri_irrigation/agri_irrigation.egg-info/dependency_links.txt
[4.502s] writing requirements to ../../build/agri_irrigation/agri_irrigation.egg-info/requires.txt
[4.507s] writing top-level names to ../../build/agri_irrigation/agri_irrigation.egg-info/top_level.txt
[4.668s] reading manifest file '../../build/agri_irrigation/agri_irrigation.egg-info/SOURCES.txt'
[4.671s] writing manifest file '../../build/agri_irrigation/agri_irrigation.egg-info/SOURCES.txt'
[4.671s] running build
[4.672s] running build_py
[4.678s] copying agri_irrigation/__init__.py -> /home/maria/agri_ws/build/agri_irrigation/build/lib/agri_irrigation
[4.678s] copying agri_irrigation/py.typed -> /home/maria/agri_ws/build/agri_irrigation/build/lib/agri_irrigation
[4.678s] running install
[4.706s] running install_lib
[4.793s] running install_data
[4.794s] copying resource/agri_irrigation -> /home/maria/agri_ws/install/agri_irrigation/share/ament_index/resource_index/packages
[4.794s] copying package.xml -> /home/maria/agri_ws/install/agri_irrigation/share/agri_irrigation
[4.794s] running install_egg_info
[4.864s] removing '/home/maria/agri_ws/install/agri_irrigation/lib/python3.14/site-packages/agri_irrigation-0.0.0-py3.14.egg-info' (and everything under it)
[4.865s] Copying ../../build/agri_irrigation/agri_irrigation.egg-info to /home/maria/agri_ws/install/agri_irrigation/lib/python3.14/site-packages/agri_irrigation-0.0.0-py3.14.egg-info
[4.867s] running install_scripts
[5.469s] writing list of installed files to '/home/maria/agri_ws/build/agri_irrigation/install.log'
[5.644s] Invoked command in '/home/maria/agri_ws/src/agri_irrigation' returned '0': DEBUGINFOD_URLS=https://debuginfod.ubuntu.com PYTHONPATH=/home/maria/agri_ws/build/agri_irrigation/prefix_override:/usr/lib/python3/dist-packages/colcon_core/task/python/colcon_distutils_commands:/home/maria/agri_ws/install/agri_irrigation/lib/python3.14/site-packages:${PYTHONPATH} /usr/bin/python3 -W ignore:setup.py install is deprecated -W ignore:easy_install command is deprecated setup.py egg_info --egg-base ../../build/agri_irrigation build --build-base /home/maria/agri_ws/build/agri_irrigation/build install --record /home/maria/agri_ws/build/agri_irrigation/install.log --install-scripts $base/lib/agri_irrigation --single-version-externally-managed install_data
