[2.848s] Invoking command in '/home/maria/agri_ws/src/agri_sensors': DEBUGINFOD_URLS=https://debuginfod.ubuntu.com PYTHONPATH=/home/maria/agri_ws/build/agri_sensors/prefix_override:/usr/lib/python3/dist-packages/colcon_core/task/python/colcon_distutils_commands:/home/maria/agri_ws/install/agri_sensors/lib/python3.14/site-packages: /usr/bin/python3 -W ignore:setup.py install is deprecated -W ignore:easy_install command is deprecated setup.py egg_info --egg-base ../../build/agri_sensors build --build-base /home/maria/agri_ws/build/agri_sensors/build install --record /home/maria/agri_ws/build/agri_sensors/install.log --install-scripts $base/lib/agri_sensors --single-version-externally-managed install_data
[3.514s] running egg_info
[3.563s] writing ../../build/agri_sensors/agri_sensors.egg-info/PKG-INFO
[3.565s] writing dependency_links to ../../build/agri_sensors/agri_sensors.egg-info/dependency_links.txt
[3.565s] writing entry points to ../../build/agri_sensors/agri_sensors.egg-info/entry_points.txt
[3.565s] writing requirements to ../../build/agri_sensors/agri_sensors.egg-info/requires.txt
[3.566s] writing top-level names to ../../build/agri_sensors/agri_sensors.egg-info/top_level.txt
[3.670s] reading manifest file '../../build/agri_sensors/agri_sensors.egg-info/SOURCES.txt'
[3.679s] writing manifest file '../../build/agri_sensors/agri_sensors.egg-info/SOURCES.txt'
[3.680s] running build
[3.680s] running build_py
[3.681s] copying agri_sensors/__init__.py -> /home/maria/agri_ws/build/agri_sensors/build/lib/agri_sensors
[3.682s] copying agri_sensors/soil_sensor_node.py -> /home/maria/agri_ws/build/agri_sensors/build/lib/agri_sensors
[3.682s] copying agri_sensors/py.typed -> /home/maria/agri_ws/build/agri_sensors/build/lib/agri_sensors
[3.684s] running install
[3.700s] running install_lib
[3.755s] running install_data
[3.756s] copying resource/agri_sensors -> /home/maria/agri_ws/install/agri_sensors/share/ament_index/resource_index/packages
[3.759s] copying package.xml -> /home/maria/agri_ws/install/agri_sensors/share/agri_sensors
[3.759s] running install_egg_info
[3.813s] removing '/home/maria/agri_ws/install/agri_sensors/lib/python3.14/site-packages/agri_sensors-0.0.0-py3.14.egg-info' (and everything under it)
[3.814s] Copying ../../build/agri_sensors/agri_sensors.egg-info to /home/maria/agri_ws/install/agri_sensors/lib/python3.14/site-packages/agri_sensors-0.0.0-py3.14.egg-info
[3.817s] running install_scripts
[4.060s] Installing soil_sensor_node script to /home/maria/agri_ws/install/agri_sensors/lib/agri_sensors
[4.062s] writing list of installed files to '/home/maria/agri_ws/build/agri_sensors/install.log'
[4.158s] Invoked command in '/home/maria/agri_ws/src/agri_sensors' returned '0': DEBUGINFOD_URLS=https://debuginfod.ubuntu.com PYTHONPATH=/home/maria/agri_ws/build/agri_sensors/prefix_override:/usr/lib/python3/dist-packages/colcon_core/task/python/colcon_distutils_commands:/home/maria/agri_ws/install/agri_sensors/lib/python3.14/site-packages: /usr/bin/python3 -W ignore:setup.py install is deprecated -W ignore:easy_install command is deprecated setup.py egg_info --egg-base ../../build/agri_sensors build --build-base /home/maria/agri_ws/build/agri_sensors/build install --record /home/maria/agri_ws/build/agri_sensors/install.log --install-scripts $base/lib/agri_sensors --single-version-externally-managed install_data
