[-1787784956397921024.000s] DEBUG:colcon:Command line arguments: ['/usr/bin/colcon', 'build', '--packages-select', 'agri_interfaces']
[-1787784956397921024.000s] DEBUG:colcon:Parsed command line arguments: Namespace(log_base=None, log_level=None, verb_name='build', build_base='build', install_base='install', merge_install=False, symlink_install=False, test_result_base=None, continue_on_error=False, executor='parallel', parallel_workers=3, event_handlers=None, ignore_user_meta=False, metas=['./colcon.meta'], base_paths=['.'], packages_ignore=None, packages_ignore_regex=None, paths=None, packages_up_to=None, packages_up_to_regex=None, packages_above=None, packages_above_and_dependencies=None, packages_above_depth=None, packages_select_by_dep=None, packages_skip_by_dep=None, packages_skip_up_to=None, packages_select_build_failed=False, packages_skip_build_finished=False, packages_select_test_failures=False, packages_skip_test_passed=False, packages_select=['agri_interfaces'], packages_skip=None, packages_select_regex=None, packages_skip_regex=None, packages_start=None, packages_end=None, allow_overriding=[], cmake_args=None, cmake_target=None, cmake_target_skip_unavailable=False, cmake_clean_cache=False, cmake_clean_first=False, cmake_force_configure=False, ament_cmake_args=None, catkin_cmake_args=None, catkin_skip_building_tests=False, mixin_files=None, mixin=None, verb_parser=<colcon_mixin.mixin.mixin_argument.MixinArgumentDecorator object at 0x765808eb7ed0>, verb_extension=<colcon_core.verb.build.BuildVerb object at 0x765808df7a10>, main=<bound method BuildVerb.main of <colcon_core.verb.build.BuildVerb object at 0x765808df7a10>>, mixin_verb=('build',))
[-1787784956397921024.000s] Level 1:colcon.colcon_core.package_discovery:discover_packages(colcon_meta) check parameters
[-1787784956397921024.000s] Level 1:colcon.colcon_core.package_discovery:discover_packages(recursive) check parameters
[-1787784956397921024.000s] Level 1:colcon.colcon_core.package_discovery:discover_packages(ignore) check parameters
[-1787784956397921024.000s] Level 1:colcon.colcon_core.package_discovery:discover_packages(path) check parameters
[-1787784956397921024.000s] Level 1:colcon.colcon_core.package_discovery:discover_packages(colcon_meta) discover
[-1787784956397921024.000s] Level 1:colcon.colcon_core.package_discovery:discover_packages(recursive) discover
[-1787784956397921024.000s] INFO:colcon.colcon_core.package_discovery:Crawling recursively for packages in '/home/maria/agri_ws'
[-1787784956397921024.000s] Level 1:colcon.colcon_core.package_identification:_identify(.) by extensions ['ignore', 'ignore_ament_install']
[-1787784956397921024.000s] Level 1:colcon.colcon_core.package_identification:_identify(.) by extension 'ignore'
[-1787784956397921024.000s] Level 1:colcon.colcon_core.package_identification:_identify(.) by extension 'ignore_ament_install'
[-1787784956397921024.000s] Level 1:colcon.colcon_core.package_identification:_identify(.) by extensions ['colcon_pkg']
[-1787784956397921024.000s] Level 1:colcon.colcon_core.package_identification:_identify(.) by extension 'colcon_pkg'
[-1787784956397921024.000s] Level 1:colcon.colcon_core.package_identification:_identify(.) by extensions ['colcon_meta']
[-1787784956397921024.000s] Level 1:colcon.colcon_core.package_identification:_identify(.) by extension 'colcon_meta'
[-1787784956397921024.000s] Level 1:colcon.colcon_core.package_identification:_identify(.) by extensions ['ros']
[-1787784956397921024.000s] Level 1:colcon.colcon_core.package_identification:_identify(.) by extension 'ros'
[-1787784956397921024.000s] Level 1:colcon.colcon_core.package_identification:_identify(.) by extensions ['cmake', 'python']
[-1787784956397921024.000s] Level 1:colcon.colcon_core.package_identification:_identify(.) by extension 'cmake'
[-1787784956397921024.000s] Level 1:colcon.colcon_core.package_identification:_identify(.) by extension 'python'
[-1787784956397921024.000s] Level 1:colcon.colcon_core.package_identification:_identify(.) by extensions ['python_setup_py']
[-1787784956397921024.000s] Level 1:colcon.colcon_core.package_identification:_identify(.) by extension 'python_setup_py'
[-1787784956397921024.000s] Level 1:colcon.colcon_core.package_identification:_identify(agri_interfaces) by extensions ['ignore', 'ignore_ament_install']
[-1787784956397921024.000s] Level 1:colcon.colcon_core.package_identification:_identify(agri_interfaces) by extension 'ignore'
[-1787784956397921024.000s] Level 1:colcon.colcon_core.package_identification:_identify(agri_interfaces) by extension 'ignore_ament_install'
[-1787784956397921024.000s] Level 1:colcon.colcon_core.package_identification:_identify(agri_interfaces) by extensions ['colcon_pkg']
[-1787784956397921024.000s] Level 1:colcon.colcon_core.package_identification:_identify(agri_interfaces) by extension 'colcon_pkg'
[-1787784956397921024.000s] Level 1:colcon.colcon_core.package_identification:_identify(agri_interfaces) by extensions ['colcon_meta']
[-1787784956397921024.000s] Level 1:colcon.colcon_core.package_identification:_identify(agri_interfaces) by extension 'colcon_meta'
[-1787784956397921024.000s] Level 1:colcon.colcon_core.package_identification:_identify(agri_interfaces) by extensions ['ros']
[-1787784956397921024.000s] Level 1:colcon.colcon_core.package_identification:_identify(agri_interfaces) by extension 'ros'
[-1787784956397921024.000s] DEBUG:colcon.colcon_core.package_identification:Found ROS schema reference in package manifest in 'agri_interfaces'
[-1787784956397921024.000s] WARNING:colcon.colcon_core.package_identification:Failed to parse ROS package manifest in 'agri_interfaces': Error(s) in package 'agri_interfaces/package.xml':
Error(s):
- The generic dependency on 'builtin_interfaces' is redundant with: exec_depend
[-1787784956397921024.000s] Level 1:colcon.colcon_core.package_identification:_identify(agri_interfaces) by extensions ['cmake', 'python']
[-1787784956397921024.000s] Level 1:colcon.colcon_core.package_identification:_identify(agri_interfaces) by extension 'cmake'
[-1787784956397921024.000s] Level 1:colcon.colcon_core.package_identification:_identify(agri_interfaces) by extension 'python'
[-1787784956397921024.000s] DEBUG:colcon.colcon_core.package_identification:Package 'agri_interfaces' with type 'cmake' and name 'agri_interfaces'
[-1787784956397921024.000s] Level 1:colcon.colcon_core.package_identification:_identify(build) by extensions ['ignore', 'ignore_ament_install']
[-1787784956397921024.000s] Level 1:colcon.colcon_core.package_identification:_identify(build) by extension 'ignore'
[-1787784956397921024.000s] Level 1:colcon.colcon_core.package_identification:_identify(build) ignored
[-1787784956397921024.000s] Level 1:colcon.colcon_core.package_identification:_identify(install) by extensions ['ignore', 'ignore_ament_install']
[-1787784956397921024.000s] Level 1:colcon.colcon_core.package_identification:_identify(install) by extension 'ignore'
[-1787784956397921024.000s] Level 1:colcon.colcon_core.package_identification:_identify(install) ignored
[-1787784956397921024.000s] Level 1:colcon.colcon_core.package_identification:_identify(log) by extensions ['ignore', 'ignore_ament_install']
[-1787784956397921024.000s] Level 1:colcon.colcon_core.package_identification:_identify(log) by extension 'ignore'
[-1787784956397921024.000s] Level 1:colcon.colcon_core.package_identification:_identify(log) ignored
[-1787784956397921024.000s] Level 1:colcon.colcon_core.package_identification:_identify(src) by extensions ['ignore', 'ignore_ament_install']
[-1787784956397921024.000s] Level 1:colcon.colcon_core.package_identification:_identify(src) by extension 'ignore'
[-1787784956397921024.000s] Level 1:colcon.colcon_core.package_identification:_identify(src) by extension 'ignore_ament_install'
[-1787784956397921024.000s] Level 1:colcon.colcon_core.package_identification:_identify(src) by extensions ['colcon_pkg']
[-1787784956397921024.000s] Level 1:colcon.colcon_core.package_identification:_identify(src) by extension 'colcon_pkg'
[-1787784956397921024.000s] Level 1:colcon.colcon_core.package_identification:_identify(src) by extensions ['colcon_meta']
[-1787784956397921024.000s] Level 1:colcon.colcon_core.package_identification:_identify(src) by extension 'colcon_meta'
[-1787784956397921024.000s] Level 1:colcon.colcon_core.package_identification:_identify(src) by extensions ['ros']
[-1787784956397921024.000s] Level 1:colcon.colcon_core.package_identification:_identify(src) by extension 'ros'
[-1787784956397921024.000s] Level 1:colcon.colcon_core.package_identification:_identify(src) by extensions ['cmake', 'python']
[-1787784956397921024.000s] Level 1:colcon.colcon_core.package_identification:_identify(src) by extension 'cmake'
[-1787784956397921024.000s] Level 1:colcon.colcon_core.package_identification:_identify(src) by extension 'python'
[-1787784956397921024.000s] Level 1:colcon.colcon_core.package_identification:_identify(src) by extensions ['python_setup_py']
[-1787784956397921024.000s] Level 1:colcon.colcon_core.package_identification:_identify(src) by extension 'python_setup_py'
[-1787784956397921024.000s] Level 1:colcon.colcon_core.package_identification:_identify(src/agri_irrigation) by extensions ['ignore', 'ignore_ament_install']
[-1787784956397921024.000s] Level 1:colcon.colcon_core.package_identification:_identify(src/agri_irrigation) by extension 'ignore'
[-1787784956397921024.000s] Level 1:colcon.colcon_core.package_identification:_identify(src/agri_irrigation) by extension 'ignore_ament_install'
[-1787784956397921024.000s] Level 1:colcon.colcon_core.package_identification:_identify(src/agri_irrigation) by extensions ['colcon_pkg']
[-1787784956397921024.000s] Level 1:colcon.colcon_core.package_identification:_identify(src/agri_irrigation) by extension 'colcon_pkg'
[-1787784956397921024.000s] Level 1:colcon.colcon_core.package_identification:_identify(src/agri_irrigation) by extensions ['colcon_meta']
[-1787784956397921024.000s] Level 1:colcon.colcon_core.package_identification:_identify(src/agri_irrigation) by extension 'colcon_meta'
[-1787784956397921024.000s] Level 1:colcon.colcon_core.package_identification:_identify(src/agri_irrigation) by extensions ['ros']
[-1787784956397921024.000s] Level 1:colcon.colcon_core.package_identification:_identify(src/agri_irrigation) by extension 'ros'
[-1787784956397921024.000s] DEBUG:colcon.colcon_core.package_identification:Package 'src/agri_irrigation' with type 'ros.ament_python' and name 'agri_irrigation'
[-1787784956397921024.000s] Level 1:colcon.colcon_core.package_identification:_identify(src/agri_orchestrator) by extensions ['ignore', 'ignore_ament_install']
[-1787784956397921024.000s] Level 1:colcon.colcon_core.package_identification:_identify(src/agri_orchestrator) by extension 'ignore'
[-1787784956397921024.000s] Level 1:colcon.colcon_core.package_identification:_identify(src/agri_orchestrator) by extension 'ignore_ament_install'
[-1787784956397921024.000s] Level 1:colcon.colcon_core.package_identification:_identify(src/agri_orchestrator) by extensions ['colcon_pkg']
[-1787784956397921024.000s] Level 1:colcon.colcon_core.package_identification:_identify(src/agri_orchestrator) by extension 'colcon_pkg'
[-1787784956397921024.000s] Level 1:colcon.colcon_core.package_identification:_identify(src/agri_orchestrator) by extensions ['colcon_meta']
[-1787784956397921024.000s] Level 1:colcon.colcon_core.package_identification:_identify(src/agri_orchestrator) by extension 'colcon_meta'
[-1787784956397921024.000s] Level 1:colcon.colcon_core.package_identification:_identify(src/agri_orchestrator) by extensions ['ros']
[-1787784956397921024.000s] Level 1:colcon.colcon_core.package_identification:_identify(src/agri_orchestrator) by extension 'ros'
[-1787784956397921024.000s] DEBUG:colcon.colcon_core.package_identification:Package 'src/agri_orchestrator' with type 'ros.ament_python' and name 'agri_orchestrator'
[-1787784956397921024.000s] Level 1:colcon.colcon_core.package_identification:_identify(src/agri_sensors) by extensions ['ignore', 'ignore_ament_install']
[-1787784956397921024.000s] Level 1:colcon.colcon_core.package_identification:_identify(src/agri_sensors) by extension 'ignore'
[-1787784956397921024.000s] Level 1:colcon.colcon_core.package_identification:_identify(src/agri_sensors) by extension 'ignore_ament_install'
[-1787784956397921024.000s] Level 1:colcon.colcon_core.package_identification:_identify(src/agri_sensors) by extensions ['colcon_pkg']
[-1787784956397921024.000s] Level 1:colcon.colcon_core.package_identification:_identify(src/agri_sensors) by extension 'colcon_pkg'
[-1787784956397921024.000s] Level 1:colcon.colcon_core.package_identification:_identify(src/agri_sensors) by extensions ['colcon_meta']
[-1787784956397921024.000s] Level 1:colcon.colcon_core.package_identification:_identify(src/agri_sensors) by extension 'colcon_meta'
[-1787784956397921024.000s] Level 1:colcon.colcon_core.package_identification:_identify(src/agri_sensors) by extensions ['ros']
[-1787784956397921024.000s] Level 1:colcon.colcon_core.package_identification:_identify(src/agri_sensors) by extension 'ros'
[-1787784956397921024.000s] DEBUG:colcon.colcon_core.package_identification:Package 'src/agri_sensors' with type 'ros.ament_python' and name 'agri_sensors'
[-1787784956397921024.000s] Level 1:colcon.colcon_core.package_identification:_identify(src/build) by extensions ['ignore', 'ignore_ament_install']
[-1787784956397921024.000s] Level 1:colcon.colcon_core.package_identification:_identify(src/build) by extension 'ignore'
[-1787784956397921024.000s] Level 1:colcon.colcon_core.package_identification:_identify(src/build) ignored
[-1787784956397921024.000s] Level 1:colcon.colcon_core.package_identification:_identify(src/install) by extensions ['ignore', 'ignore_ament_install']
[-1787784956397921024.000s] Level 1:colcon.colcon_core.package_identification:_identify(src/install) by extension 'ignore'
[-1787784956397921024.000s] Level 1:colcon.colcon_core.package_identification:_identify(src/install) ignored
[-1787784956397921024.000s] Level 1:colcon.colcon_core.package_identification:_identify(src/log) by extensions ['ignore', 'ignore_ament_install']
[-1787784956397921024.000s] Level 1:colcon.colcon_core.package_identification:_identify(src/log) by extension 'ignore'
[-1787784956397921024.000s] Level 1:colcon.colcon_core.package_identification:_identify(src/log) ignored
[-1787784956397921024.000s] Level 1:colcon.colcon_core.package_discovery:discover_packages(recursive) using defaults
[-1787784956397921024.000s] Level 1:colcon.colcon_core.package_discovery:discover_packages(ignore) discover
[-1787784956397921024.000s] Level 1:colcon.colcon_core.package_discovery:discover_packages(ignore) using defaults
[-1787784956397921024.000s] Level 1:colcon.colcon_core.package_discovery:discover_packages(path) discover
[-1787784956397921024.000s] Level 1:colcon.colcon_core.package_discovery:discover_packages(path) using defaults
[-1787784956397921024.000s] INFO:colcon.colcon_core.package_selection:Skipping not selected package 'agri_irrigation' in 'src/agri_irrigation'
[-1787784956397921024.000s] INFO:colcon.colcon_core.package_selection:Skipping not selected package 'agri_orchestrator' in 'src/agri_orchestrator'
[-1787784956397921024.000s] INFO:colcon.colcon_core.package_selection:Skipping not selected package 'agri_sensors' in 'src/agri_sensors'
[-1787784956397921024.000s] Level 1:colcon.colcon_core.package_discovery:discover_packages(prefix_path) check parameters
[-1787784956397921024.000s] Level 1:colcon.colcon_core.package_discovery:discover_packages(prefix_path) discover
[-1787784956397921024.000s] DEBUG:colcon.colcon_installed_package_information.package_discovery:Found 372 installed packages in /home/maria/ros2_lyrical/ros2-linux
[-1787784956397921024.000s] DEBUG:colcon.colcon_installed_package_information.package_discovery:Found 3 installed packages in /home/maria/agri_ws/install
[-1787784956397921024.000s] DEBUG:colcon.colcon_installed_package_information.package_discovery:Found 3 installed packages in /home/maria/agri_ws/src/install
[-1787784956397921024.000s] Level 1:colcon.colcon_core.package_discovery:discover_packages(prefix_path) using defaults
[-1787784956397921024.000s] Level 5:colcon.colcon_core.verb:set package 'agri_interfaces' build argument 'cmake_args' from command line to 'None'
[-1787784956397921024.000s] Level 5:colcon.colcon_core.verb:set package 'agri_interfaces' build argument 'cmake_target' from command line to 'None'
[-1787784956397921024.000s] Level 5:colcon.colcon_core.verb:set package 'agri_interfaces' build argument 'cmake_target_skip_unavailable' from command line to 'False'
[-1787784956397921024.000s] Level 5:colcon.colcon_core.verb:set package 'agri_interfaces' build argument 'cmake_clean_cache' from command line to 'False'
[-1787784956397921024.000s] Level 5:colcon.colcon_core.verb:set package 'agri_interfaces' build argument 'cmake_clean_first' from command line to 'False'
[-1787784956397921024.000s] Level 5:colcon.colcon_core.verb:set package 'agri_interfaces' build argument 'cmake_force_configure' from command line to 'False'
[-1787784956397921024.000s] Level 5:colcon.colcon_core.verb:set package 'agri_interfaces' build argument 'ament_cmake_args' from command line to 'None'
[-1787784956397921024.000s] Level 5:colcon.colcon_core.verb:set package 'agri_interfaces' build argument 'catkin_cmake_args' from command line to 'None'
[-1787784956397921024.000s] Level 5:colcon.colcon_core.verb:set package 'agri_interfaces' build argument 'catkin_skip_building_tests' from command line to 'False'
[-1787784956397921024.000s] DEBUG:colcon.colcon_core.verb:Building package 'agri_interfaces' with the following arguments: {'ament_cmake_args': None, 'build_base': '/home/maria/agri_ws/build/agri_interfaces', 'catkin_cmake_args': None, 'catkin_skip_building_tests': False, 'cmake_args': None, 'cmake_clean_cache': False, 'cmake_clean_first': False, 'cmake_force_configure': False, 'cmake_target': None, 'cmake_target_skip_unavailable': False, 'install_base': '/home/maria/agri_ws/install/agri_interfaces', 'merge_install': False, 'path': '/home/maria/agri_ws/agri_interfaces', 'symlink_install': False, 'test_result_base': None}
[-1787784956397921024.000s] INFO:colcon.colcon_core.executor:Executing jobs using 'parallel' executor
[-1787784956397921024.000s] DEBUG:colcon.colcon_parallel_executor.executor.parallel:run_until_complete
[-1787784956397921024.000s] INFO:colcon.colcon_cmake.task.cmake.build:Building CMake package in '/home/maria/agri_ws/agri_interfaces'
[-1787784956397921024.000s] INFO:colcon.colcon_core.plugin_system:Skipping extension 'colcon_core.shell.bat': Not used on non-Windows systems
[-1787784956397921024.000s] INFO:colcon.colcon_core.shell:Skip shell extension 'powershell' for command environment: Not usable outside of PowerShell
[-1787784956397921024.000s] DEBUG:colcon.colcon_core.shell:Skip shell extension 'dsv' for command environment
[-1787784956397921024.000s] DEBUG:colcon.colcon_core.event_handler.log_command:Invoking command in '/home/maria/agri_ws/build/agri_interfaces': DEBUGINFOD_URLS=https://debuginfod.ubuntu.com /usr/bin/cmake /home/maria/agri_ws/agri_interfaces -DCMAKE_INSTALL_PREFIX=/home/maria/agri_ws/install/agri_interfaces
[-1787784956397921024.000s] DEBUG:colcon.colcon_core.event_handler.log_command:Invoked command in '/home/maria/agri_ws/build/agri_interfaces' returned '1': DEBUGINFOD_URLS=https://debuginfod.ubuntu.com /usr/bin/cmake /home/maria/agri_ws/agri_interfaces -DCMAKE_INSTALL_PREFIX=/home/maria/agri_ws/install/agri_interfaces
[-1787784956397921024.000s] DEBUG:colcon.colcon_parallel_executor.executor.parallel:closing loop
[-1787784956397921024.000s] DEBUG:colcon.colcon_parallel_executor.executor.parallel:loop closed
[-1787784956397921024.000s] DEBUG:colcon.colcon_parallel_executor.executor.parallel:run_until_complete finished with '1'
[-1787784956397921024.000s] DEBUG:colcon.colcon_core.event_reactor:joining thread
[-1787784956397921024.000s] INFO:colcon.colcon_core.plugin_system:Skipping extension 'colcon_notification.desktop_notification.terminal_notifier': Not used on non-Darwin systems
[-1787784956397921024.000s] INFO:colcon.colcon_core.plugin_system:Skipping extension 'colcon_notification.desktop_notification.win32': Not used on non-Windows systems
[-1787784956397921024.000s] INFO:colcon.colcon_notification.desktop_notification:Sending desktop notification using 'notify2'
[-1787784956397921024.000s] DEBUG:colcon.colcon_core.event_reactor:joined thread
[-1787784956397921024.000s] INFO:colcon.colcon_core.shell:Creating prefix script '/home/maria/agri_ws/install/local_setup.ps1'
[-1787784956397921024.000s] INFO:colcon.colcon_core.shell:Creating prefix util module '/home/maria/agri_ws/install/_local_setup_util_ps1.py'
[-1787784956397921024.000s] INFO:colcon.colcon_core.shell:Creating prefix chain script '/home/maria/agri_ws/install/setup.ps1'
[-1787784956397921024.000s] INFO:colcon.colcon_core.shell:Creating prefix script '/home/maria/agri_ws/install/local_setup.sh'
[-1787784956397921024.000s] INFO:colcon.colcon_core.shell:Creating prefix util module '/home/maria/agri_ws/install/_local_setup_util_sh.py'
[-1787784956397921024.000s] INFO:colcon.colcon_core.shell:Creating prefix chain script '/home/maria/agri_ws/install/setup.sh'
[-1787784956397921024.000s] INFO:colcon.colcon_core.shell:Creating prefix script '/home/maria/agri_ws/install/local_setup.bash'
[-1787784956397921024.000s] INFO:colcon.colcon_core.shell:Creating prefix chain script '/home/maria/agri_ws/install/setup.bash'
[-1787784956397921024.000s] INFO:colcon.colcon_core.shell:Creating prefix script '/home/maria/agri_ws/install/local_setup.zsh'
[-1787784956397921024.000s] INFO:colcon.colcon_core.shell:Creating prefix chain script '/home/maria/agri_ws/install/setup.zsh'
