[3.881s] Invoking command in '/home/maria/agri_ws/src/agri_irrigation': DEBUGINFOD_URLS=https://debuginfod.ubuntu.com PYTHONPATH=/home/maria/agri_ws/build/agri_irrigation/prefix_override:/usr/lib/python3/dist-packages/colcon_core/task/python/colcon_distutils_commands:/home/maria/agri_ws/install/agri_irrigation/lib/python3.14/site-packages:${PYTHONPATH} /usr/bin/python3 -W ignore:setup.py install is deprecated -W ignore:easy_install command is deprecated setup.py egg_info --egg-base ../../build/agri_irrigation build --build-base /home/maria/agri_ws/build/agri_irrigation/build install --record /home/maria/agri_ws/build/agri_irrigation/install.log --install-scripts $base/lib/agri_irrigation --single-version-externally-managed install_data
[4.847s] running egg_info
[4.985s] writing ../../build/agri_irrigation/agri_irrigation.egg-info/PKG-INFO
[4.997s] writing dependency_links to ../../build/agri_irrigation/agri_irrigation.egg-info/dependency_links.txt
[5.003s] writing entry points to ../../build/agri_irrigation/agri_irrigation.egg-info/entry_points.txt
[5.005s] writing requirements to ../../build/agri_irrigation/agri_irrigation.egg-info/requires.txt
[5.005s] writing top-level names to ../../build/agri_irrigation/agri_irrigation.egg-info/top_level.txt
[5.257s] reading manifest file '../../build/agri_irrigation/agri_irrigation.egg-info/SOURCES.txt'
[5.264s] writing manifest file '../../build/agri_irrigation/agri_irrigation.egg-info/SOURCES.txt'
[5.266s] running build
[5.268s] running build_py
[5.269s] copying agri_irrigation/__init__.py -> /home/maria/agri_ws/build/agri_irrigation/build/lib/agri_irrigation
[5.269s] copying agri_irrigation/irrigation_valve_node.py -> /home/maria/agri_ws/build/agri_irrigation/build/lib/agri_irrigation
[5.274s] copying agri_irrigation/py.typed -> /home/maria/agri_ws/build/agri_irrigation/build/lib/agri_irrigation
[5.275s] running install
[5.298s] running install_lib
[5.494s] running install_data
[5.494s] copying resource/agri_irrigation -> /home/maria/agri_ws/install/agri_irrigation/share/ament_index/resource_index/packages
[5.494s] copying package.xml -> /home/maria/agri_ws/install/agri_irrigation/share/agri_irrigation
[5.496s] running install_egg_info
[5.649s] removing '/home/maria/agri_ws/install/agri_irrigation/lib/python3.14/site-packages/agri_irrigation-0.0.0-py3.14.egg-info' (and everything under it)
[5.650s] Copying ../../build/agri_irrigation/agri_irrigation.egg-info to /home/maria/agri_ws/install/agri_irrigation/lib/python3.14/site-packages/agri_irrigation-0.0.0-py3.14.egg-info
[5.672s] running install_scripts
[6.500s] Installing irrigation_valve_node script to /home/maria/agri_ws/install/agri_irrigation/lib/agri_irrigation
[6.502s] writing list of installed files to '/home/maria/agri_ws/build/agri_irrigation/install.log'
[6.750s] Invoked command in '/home/maria/agri_ws/src/agri_irrigation' returned '0': DEBUGINFOD_URLS=https://debuginfod.ubuntu.com PYTHONPATH=/home/maria/agri_ws/build/agri_irrigation/prefix_override:/usr/lib/python3/dist-packages/colcon_core/task/python/colcon_distutils_commands:/home/maria/agri_ws/install/agri_irrigation/lib/python3.14/site-packages:${PYTHONPATH} /usr/bin/python3 -W ignore:setup.py install is deprecated -W ignore:easy_install command is deprecated setup.py egg_info --egg-base ../../build/agri_irrigation build --build-base /home/maria/agri_ws/build/agri_irrigation/build install --record /home/maria/agri_ws/build/agri_irrigation/install.log --install-scripts $base/lib/agri_irrigation --single-version-externally-managed install_data
