[3.458s] Invoking command in '/home/maria/agri_ws/src/agri_irrigation': DEBUGINFOD_URLS=https://debuginfod.ubuntu.com PYTHONPATH=/home/maria/agri_ws/src/build/agri_irrigation/prefix_override:/usr/lib/python3/dist-packages/colcon_core/task/python/colcon_distutils_commands:/home/maria/agri_ws/src/install/agri_irrigation/lib/python3.14/site-packages:${PYTHONPATH} /usr/bin/python3 -W ignore:setup.py install is deprecated -W ignore:easy_install command is deprecated setup.py egg_info --egg-base ../build/agri_irrigation build --build-base /home/maria/agri_ws/src/build/agri_irrigation/build install --record /home/maria/agri_ws/src/build/agri_irrigation/install.log --install-scripts $base/lib/agri_irrigation --single-version-externally-managed install_data
[4.352s] running egg_info
[4.450s] creating ../build/agri_irrigation/agri_irrigation.egg-info
[4.460s] writing ../build/agri_irrigation/agri_irrigation.egg-info/PKG-INFO
[4.460s] writing dependency_links to ../build/agri_irrigation/agri_irrigation.egg-info/dependency_links.txt
[4.463s] writing requirements to ../build/agri_irrigation/agri_irrigation.egg-info/requires.txt
[4.463s] writing top-level names to ../build/agri_irrigation/agri_irrigation.egg-info/top_level.txt
[4.464s] writing manifest file '../build/agri_irrigation/agri_irrigation.egg-info/SOURCES.txt'
[4.617s] reading manifest file '../build/agri_irrigation/agri_irrigation.egg-info/SOURCES.txt'
[4.617s] writing manifest file '../build/agri_irrigation/agri_irrigation.egg-info/SOURCES.txt'
[4.618s] running build
[4.618s] running build_py
[4.619s] creating /home/maria/agri_ws/src/build/agri_irrigation/build/lib/agri_irrigation
[4.619s] copying agri_irrigation/__init__.py -> /home/maria/agri_ws/src/build/agri_irrigation/build/lib/agri_irrigation
[4.620s] copying agri_irrigation/py.typed -> /home/maria/agri_ws/src/build/agri_irrigation/build/lib/agri_irrigation
[4.621s] running install
[4.636s] running install_lib
[4.740s] creating /home/maria/agri_ws/src/install/agri_irrigation/lib/python3.14/site-packages/agri_irrigation
[4.741s] copying /home/maria/agri_ws/src/build/agri_irrigation/build/lib/agri_irrigation/__init__.py -> /home/maria/agri_ws/src/install/agri_irrigation/lib/python3.14/site-packages/agri_irrigation
[4.741s] copying /home/maria/agri_ws/src/build/agri_irrigation/build/lib/agri_irrigation/py.typed -> /home/maria/agri_ws/src/install/agri_irrigation/lib/python3.14/site-packages/agri_irrigation
[4.741s] byte-compiling /home/maria/agri_ws/src/install/agri_irrigation/lib/python3.14/site-packages/agri_irrigation/__init__.py to __init__.cpython-314.pyc
[4.741s] running install_data
[4.741s] creating /home/maria/agri_ws/src/install/agri_irrigation/share/ament_index/resource_index/packages
[4.741s] copying resource/agri_irrigation -> /home/maria/agri_ws/src/install/agri_irrigation/share/ament_index/resource_index/packages
[4.741s] copying package.xml -> /home/maria/agri_ws/src/install/agri_irrigation/share/agri_irrigation
[4.742s] running install_egg_info
[4.808s] Copying ../build/agri_irrigation/agri_irrigation.egg-info to /home/maria/agri_ws/src/install/agri_irrigation/lib/python3.14/site-packages/agri_irrigation-0.0.0-py3.14.egg-info
[4.810s] running install_scripts
[5.136s] writing list of installed files to '/home/maria/agri_ws/src/build/agri_irrigation/install.log'
[5.210s] Invoked command in '/home/maria/agri_ws/src/agri_irrigation' returned '0': DEBUGINFOD_URLS=https://debuginfod.ubuntu.com PYTHONPATH=/home/maria/agri_ws/src/build/agri_irrigation/prefix_override:/usr/lib/python3/dist-packages/colcon_core/task/python/colcon_distutils_commands:/home/maria/agri_ws/src/install/agri_irrigation/lib/python3.14/site-packages:${PYTHONPATH} /usr/bin/python3 -W ignore:setup.py install is deprecated -W ignore:easy_install command is deprecated setup.py egg_info --egg-base ../build/agri_irrigation build --build-base /home/maria/agri_ws/src/build/agri_irrigation/build install --record /home/maria/agri_ws/src/build/agri_irrigation/install.log --install-scripts $base/lib/agri_irrigation --single-version-externally-managed install_data
