[3.578s] Invoking command in '/home/maria/agri_ws/src/agri_sensors': DEBUGINFOD_URLS=https://debuginfod.ubuntu.com PYTHONPATH=/home/maria/agri_ws/build/agri_sensors/prefix_override:/usr/lib/python3/dist-packages/colcon_core/task/python/colcon_distutils_commands:/home/maria/agri_ws/install/agri_sensors/lib/python3.14/site-packages:${PYTHONPATH} /usr/bin/python3 -W ignore:setup.py install is deprecated -W ignore:easy_install command is deprecated setup.py egg_info --egg-base ../../build/agri_sensors build --build-base /home/maria/agri_ws/build/agri_sensors/build install --record /home/maria/agri_ws/build/agri_sensors/install.log --install-scripts $base/lib/agri_sensors --single-version-externally-managed install_data
[4.449s] running egg_info
[4.533s] creating ../../build/agri_sensors/agri_sensors.egg-info
[4.534s] writing ../../build/agri_sensors/agri_sensors.egg-info/PKG-INFO
[4.534s] writing dependency_links to ../../build/agri_sensors/agri_sensors.egg-info/dependency_links.txt
[4.535s] writing entry points to ../../build/agri_sensors/agri_sensors.egg-info/entry_points.txt
[4.536s] writing requirements to ../../build/agri_sensors/agri_sensors.egg-info/requires.txt
[4.538s] writing top-level names to ../../build/agri_sensors/agri_sensors.egg-info/top_level.txt
[4.538s] writing manifest file '../../build/agri_sensors/agri_sensors.egg-info/SOURCES.txt'
[4.697s] reading manifest file '../../build/agri_sensors/agri_sensors.egg-info/SOURCES.txt'
[4.699s] writing manifest file '../../build/agri_sensors/agri_sensors.egg-info/SOURCES.txt'
[4.702s] running build
[4.703s] running build_py
[4.704s] creating /home/maria/agri_ws/build/agri_sensors/build/lib/agri_sensors
[4.704s] copying agri_sensors/__init__.py -> /home/maria/agri_ws/build/agri_sensors/build/lib/agri_sensors
[4.705s] copying agri_sensors/soil_sensor_node.py -> /home/maria/agri_ws/build/agri_sensors/build/lib/agri_sensors
[4.706s] copying agri_sensors/py.typed -> /home/maria/agri_ws/build/agri_sensors/build/lib/agri_sensors
[4.706s] running install
[4.721s] running install_lib
[4.798s] creating /home/maria/agri_ws/install/agri_sensors/lib/python3.14/site-packages/agri_sensors
[4.799s] copying /home/maria/agri_ws/build/agri_sensors/build/lib/agri_sensors/__init__.py -> /home/maria/agri_ws/install/agri_sensors/lib/python3.14/site-packages/agri_sensors
[4.799s] copying /home/maria/agri_ws/build/agri_sensors/build/lib/agri_sensors/py.typed -> /home/maria/agri_ws/install/agri_sensors/lib/python3.14/site-packages/agri_sensors
[4.800s] copying /home/maria/agri_ws/build/agri_sensors/build/lib/agri_sensors/soil_sensor_node.py -> /home/maria/agri_ws/install/agri_sensors/lib/python3.14/site-packages/agri_sensors
[4.800s] byte-compiling /home/maria/agri_ws/install/agri_sensors/lib/python3.14/site-packages/agri_sensors/__init__.py to __init__.cpython-314.pyc
[4.801s] byte-compiling /home/maria/agri_ws/install/agri_sensors/lib/python3.14/site-packages/agri_sensors/soil_sensor_node.py to soil_sensor_node.cpython-314.pyc
[4.803s] running install_data
[4.804s] creating /home/maria/agri_ws/install/agri_sensors/share/ament_index/resource_index/packages
[4.805s] copying resource/agri_sensors -> /home/maria/agri_ws/install/agri_sensors/share/ament_index/resource_index/packages
[4.805s] copying package.xml -> /home/maria/agri_ws/install/agri_sensors/share/agri_sensors
[4.807s] running install_egg_info
[4.877s] Copying ../../build/agri_sensors/agri_sensors.egg-info to /home/maria/agri_ws/install/agri_sensors/lib/python3.14/site-packages/agri_sensors-0.0.0-py3.14.egg-info
[4.880s] running install_scripts
[5.294s] Installing soil_sensor_node script to /home/maria/agri_ws/install/agri_sensors/lib/agri_sensors
[5.295s] writing list of installed files to '/home/maria/agri_ws/build/agri_sensors/install.log'
[5.416s] Invoked command in '/home/maria/agri_ws/src/agri_sensors' returned '0': DEBUGINFOD_URLS=https://debuginfod.ubuntu.com PYTHONPATH=/home/maria/agri_ws/build/agri_sensors/prefix_override:/usr/lib/python3/dist-packages/colcon_core/task/python/colcon_distutils_commands:/home/maria/agri_ws/install/agri_sensors/lib/python3.14/site-packages:${PYTHONPATH} /usr/bin/python3 -W ignore:setup.py install is deprecated -W ignore:easy_install command is deprecated setup.py egg_info --egg-base ../../build/agri_sensors build --build-base /home/maria/agri_ws/build/agri_sensors/build install --record /home/maria/agri_ws/build/agri_sensors/install.log --install-scripts $base/lib/agri_sensors --single-version-externally-managed install_data
