[-1788626877652420096.000s] DEBUG:colcon:Command line arguments: ['/usr/bin/colcon', 'build', '--packages-select', 'agri_interfaces']
[-1788626877652420096.000s] DEBUG:colcon:Parsed command line arguments: Namespace(log_base=None, log_level=None, verb_name='build', build_base='build', install_base='install', merge_install=False, symlink_install=False, test_result_base=None, continue_on_error=False, executor='parallel', parallel_workers=4, event_handlers=None, ignore_user_meta=False, metas=['./colcon.meta'], base_paths=['.'], packages_ignore=None, packages_ignore_regex=None, paths=None, packages_up_to=None, packages_up_to_regex=None, packages_above=None, packages_above_and_dependencies=None, packages_above_depth=None, packages_select_by_dep=None, packages_skip_by_dep=None, packages_skip_up_to=None, packages_select_build_failed=False, packages_skip_build_finished=False, packages_select_test_failures=False, packages_skip_test_passed=False, packages_select=['agri_interfaces'], packages_skip=None, packages_select_regex=None, packages_skip_regex=None, packages_start=None, packages_end=None, allow_overriding=[], cmake_args=None, cmake_target=None, cmake_target_skip_unavailable=False, cmake_clean_cache=False, cmake_clean_first=False, cmake_force_configure=False, ament_cmake_args=None, catkin_cmake_args=None, catkin_skip_building_tests=False, mixin_files=None, mixin=None, verb_parser=<colcon_mixin.mixin.mixin_argument.MixinArgumentDecorator object at 0x78b1294e7d90>, verb_extension=<colcon_core.verb.build.BuildVerb object at 0x78b129197b60>, main=<bound method BuildVerb.main of <colcon_core.verb.build.BuildVerb object at 0x78b129197b60>>, mixin_verb=('build',))
[-1788626877652420096.000s] Level 1:colcon.colcon_core.package_discovery:discover_packages(colcon_meta) check parameters
[-1788626877652420096.000s] Level 1:colcon.colcon_core.package_discovery:discover_packages(recursive) check parameters
[-1788626877652420096.000s] Level 1:colcon.colcon_core.package_discovery:discover_packages(ignore) check parameters
[-1788626877652420096.000s] Level 1:colcon.colcon_core.package_discovery:discover_packages(path) check parameters
[-1788626877652420096.000s] Level 1:colcon.colcon_core.package_discovery:discover_packages(colcon_meta) discover
[-1788626877652420096.000s] Level 1:colcon.colcon_core.package_discovery:discover_packages(recursive) discover
[-1788626877652420096.000s] INFO:colcon.colcon_core.package_discovery:Crawling recursively for packages in '/home/maria/agri_ws/src/agri_interfaces/msg'
[-1788626877652420096.000s] Level 1:colcon.colcon_core.package_identification:_identify(.) by extensions ['ignore', 'ignore_ament_install']
[-1788626877652420096.000s] Level 1:colcon.colcon_core.package_identification:_identify(.) by extension 'ignore'
[-1788626877652420096.000s] Level 1:colcon.colcon_core.package_identification:_identify(.) by extension 'ignore_ament_install'
[-1788626877652420096.000s] Level 1:colcon.colcon_core.package_identification:_identify(.) by extensions ['colcon_pkg']
[-1788626877652420096.000s] Level 1:colcon.colcon_core.package_identification:_identify(.) by extension 'colcon_pkg'
[-1788626877652420096.000s] Level 1:colcon.colcon_core.package_identification:_identify(.) by extensions ['colcon_meta']
[-1788626877652420096.000s] Level 1:colcon.colcon_core.package_identification:_identify(.) by extension 'colcon_meta'
[-1788626877652420096.000s] Level 1:colcon.colcon_core.package_identification:_identify(.) by extensions ['ros']
[-1788626877652420096.000s] Level 1:colcon.colcon_core.package_identification:_identify(.) by extension 'ros'
[-1788626877652420096.000s] Level 1:colcon.colcon_core.package_identification:_identify(.) by extensions ['cmake', 'python']
[-1788626877652420096.000s] Level 1:colcon.colcon_core.package_identification:_identify(.) by extension 'cmake'
[-1788626877652420096.000s] Level 1:colcon.colcon_core.package_identification:_identify(.) by extension 'python'
[-1788626877652420096.000s] Level 1:colcon.colcon_core.package_identification:_identify(.) by extensions ['python_setup_py']
[-1788626877652420096.000s] Level 1:colcon.colcon_core.package_identification:_identify(.) by extension 'python_setup_py'
[-1788626877652420096.000s] Level 1:colcon.colcon_core.package_identification:_identify(build) by extensions ['ignore', 'ignore_ament_install']
[-1788626877652420096.000s] Level 1:colcon.colcon_core.package_identification:_identify(build) by extension 'ignore'
[-1788626877652420096.000s] Level 1:colcon.colcon_core.package_identification:_identify(build) ignored
[-1788626877652420096.000s] Level 1:colcon.colcon_core.package_identification:_identify(install) by extensions ['ignore', 'ignore_ament_install']
[-1788626877652420096.000s] Level 1:colcon.colcon_core.package_identification:_identify(install) by extension 'ignore'
[-1788626877652420096.000s] Level 1:colcon.colcon_core.package_identification:_identify(install) ignored
[-1788626877652420096.000s] Level 1:colcon.colcon_core.package_identification:_identify(log) by extensions ['ignore', 'ignore_ament_install']
[-1788626877652420096.000s] Level 1:colcon.colcon_core.package_identification:_identify(log) by extension 'ignore'
[-1788626877652420096.000s] Level 1:colcon.colcon_core.package_identification:_identify(log) ignored
[-1788626877652420096.000s] Level 1:colcon.colcon_core.package_discovery:discover_packages(recursive) using defaults
[-1788626877652420096.000s] Level 1:colcon.colcon_core.package_discovery:discover_packages(ignore) discover
[-1788626877652420096.000s] Level 1:colcon.colcon_core.package_discovery:discover_packages(ignore) using defaults
[-1788626877652420096.000s] Level 1:colcon.colcon_core.package_discovery:discover_packages(path) discover
[-1788626877652420096.000s] Level 1:colcon.colcon_core.package_discovery:discover_packages(path) using defaults
[-1788626877652420096.000s] WARNING:colcon.colcon_core.package_selection:ignoring unknown package 'agri_interfaces' in --packages-select
[-1788626877652420096.000s] Level 1:colcon.colcon_core.package_discovery:discover_packages(prefix_path) check parameters
[-1788626877652420096.000s] Level 1:colcon.colcon_core.package_discovery:discover_packages(prefix_path) discover
[-1788626877652420096.000s] WARNING:colcon.colcon_ros.prefix_path.ament:The path '/home/maria/agri_ws/install/agri_interfaces' in the environment variable AMENT_PREFIX_PATH doesn't exist
[-1788626877652420096.000s] WARNING:colcon.colcon_ros.prefix_path.catkin:The path '/home/maria/agri_ws/install/agri_interfaces' in the environment variable CMAKE_PREFIX_PATH doesn't exist
[-1788626877652420096.000s] DEBUG:colcon.colcon_installed_package_information.package_discovery:Found 5 installed packages in /home/maria/agri_ws/install
[-1788626877652420096.000s] DEBUG:colcon.colcon_installed_package_information.package_discovery:Found 372 installed packages in /home/maria/ros2_lyrical/ros2-linux
[-1788626877652420096.000s] DEBUG:colcon.colcon_installed_package_information.package_discovery:Found 212 installed packages in /opt/ros/lyrical
[-1788626877652420096.000s] Level 1:colcon.colcon_core.package_discovery:discover_packages(prefix_path) using defaults
[-1788626877652420096.000s] INFO:colcon.colcon_core.executor:Executing jobs using 'parallel' executor
[-1788626877652420096.000s] DEBUG:colcon.colcon_parallel_executor.executor.parallel:run_until_complete
[-1788626877652420096.000s] DEBUG:colcon.colcon_parallel_executor.executor.parallel:closing loop
[-1788626877652420096.000s] DEBUG:colcon.colcon_parallel_executor.executor.parallel:loop closed
[-1788626877652420096.000s] DEBUG:colcon.colcon_parallel_executor.executor.parallel:run_until_complete finished with '0'
[-1788626877652420096.000s] DEBUG:colcon.colcon_core.event_reactor:joining thread
[-1788626877652420096.000s] INFO:colcon.colcon_core.plugin_system:Skipping extension 'colcon_notification.desktop_notification.terminal_notifier': Not used on non-Darwin systems
[-1788626877652420096.000s] INFO:colcon.colcon_core.plugin_system:Skipping extension 'colcon_notification.desktop_notification.win32': Not used on non-Windows systems
[-1788626877652420096.000s] INFO:colcon.colcon_notification.desktop_notification:Sending desktop notification using 'notify2'
[-1788626877652420096.000s] DEBUG:colcon.colcon_core.event_reactor:joined thread
[-1788626877652420096.000s] INFO:colcon.colcon_core.plugin_system:Skipping extension 'colcon_core.shell.bat': Not used on non-Windows systems
[-1788626877652420096.000s] INFO:colcon.colcon_core.shell:Creating prefix script '/home/maria/agri_ws/src/agri_interfaces/msg/install/local_setup.ps1'
[-1788626877652420096.000s] INFO:colcon.colcon_core.shell:Creating prefix util module '/home/maria/agri_ws/src/agri_interfaces/msg/install/_local_setup_util_ps1.py'
[-1788626877652420096.000s] INFO:colcon.colcon_core.shell:Creating prefix chain script '/home/maria/agri_ws/src/agri_interfaces/msg/install/setup.ps1'
[-1788626877652420096.000s] INFO:colcon.colcon_core.shell:Creating prefix script '/home/maria/agri_ws/src/agri_interfaces/msg/install/local_setup.sh'
[-1788626877652420096.000s] INFO:colcon.colcon_core.shell:Creating prefix util module '/home/maria/agri_ws/src/agri_interfaces/msg/install/_local_setup_util_sh.py'
[-1788626877652420096.000s] INFO:colcon.colcon_core.shell:Creating prefix chain script '/home/maria/agri_ws/src/agri_interfaces/msg/install/setup.sh'
[-1788626877652420096.000s] INFO:colcon.colcon_core.shell:Creating prefix script '/home/maria/agri_ws/src/agri_interfaces/msg/install/local_setup.bash'
[-1788626877652420096.000s] INFO:colcon.colcon_core.shell:Creating prefix chain script '/home/maria/agri_ws/src/agri_interfaces/msg/install/setup.bash'
[-1788626877652420096.000s] INFO:colcon.colcon_core.shell:Creating prefix script '/home/maria/agri_ws/src/agri_interfaces/msg/install/local_setup.zsh'
[-1788626877652420096.000s] INFO:colcon.colcon_core.shell:Creating prefix chain script '/home/maria/agri_ws/src/agri_interfaces/msg/install/setup.zsh'
