running egg_info
writing ../../build/agri_irrigation/agri_irrigation.egg-info/PKG-INFO
writing dependency_links to ../../build/agri_irrigation/agri_irrigation.egg-info/dependency_links.txt
writing entry points to ../../build/agri_irrigation/agri_irrigation.egg-info/entry_points.txt
writing requirements to ../../build/agri_irrigation/agri_irrigation.egg-info/requires.txt
writing top-level names to ../../build/agri_irrigation/agri_irrigation.egg-info/top_level.txt
reading manifest file '../../build/agri_irrigation/agri_irrigation.egg-info/SOURCES.txt'
writing manifest file '../../build/agri_irrigation/agri_irrigation.egg-info/SOURCES.txt'
running build
running build_py
copying agri_irrigation/__init__.py -> /home/maria/agri_ws/build/agri_irrigation/build/lib/agri_irrigation
copying agri_irrigation/irrigation_valve_node.py -> /home/maria/agri_ws/build/agri_irrigation/build/lib/agri_irrigation
copying agri_irrigation/py.typed -> /home/maria/agri_ws/build/agri_irrigation/build/lib/agri_irrigation
running install
running install_lib
running install_data
copying resource/agri_irrigation -> /home/maria/agri_ws/install/agri_irrigation/share/ament_index/resource_index/packages
copying package.xml -> /home/maria/agri_ws/install/agri_irrigation/share/agri_irrigation
running install_egg_info
removing '/home/maria/agri_ws/install/agri_irrigation/lib/python3.14/site-packages/agri_irrigation-0.0.0-py3.14.egg-info' (and everything under it)
Copying ../../build/agri_irrigation/agri_irrigation.egg-info to /home/maria/agri_ws/install/agri_irrigation/lib/python3.14/site-packages/agri_irrigation-0.0.0-py3.14.egg-info
running install_scripts
Installing irrigation_valve_node script to /home/maria/agri_ws/install/agri_irrigation/lib/agri_irrigation
writing list of installed files to '/home/maria/agri_ws/build/agri_irrigation/install.log'
