[3.391s] Invoking command in '/home/maria/agri_ws/src/agri_irrigation': DEBUGINFOD_URLS=https://debuginfod.ubuntu.com PYTHONPATH=/home/maria/agri_ws/build/agri_irrigation/prefix_override:/usr/lib/python3/dist-packages/colcon_core/task/python/colcon_distutils_commands:/home/maria/agri_ws/install/agri_irrigation/lib/python3.14/site-packages:/home/maria/agri_ws/install/agri_interfaces/lib/python3.14/site-packages:/home/maria/agri_ws/install/agri_sensors/lib/python3.14/site-packages:/home/maria/agri_ws/install/agri_orchestrator/lib/python3.14/site-packages:/home/maria/agri_ws/install/agri_irrigation/lib/python3.14/site-packages:/home/maria/ros2_lyrical/ros2-linux/opt/gz_math_vendor/lib/python:/home/maria/ros2_lyrical/ros2-linux/lib/python3.14/site-packages /usr/bin/python3 -W ignore:setup.py install is deprecated -W ignore:easy_install command is deprecated setup.py egg_info --egg-base ../../build/agri_irrigation build --build-base /home/maria/agri_ws/build/agri_irrigation/build install --record /home/maria/agri_ws/build/agri_irrigation/install.log --install-scripts $base/lib/agri_irrigation --single-version-externally-managed install_data
[4.284s] running egg_info
[4.348s] writing ../../build/agri_irrigation/agri_irrigation.egg-info/PKG-INFO
[4.349s] writing dependency_links to ../../build/agri_irrigation/agri_irrigation.egg-info/dependency_links.txt
[4.349s] writing entry points to ../../build/agri_irrigation/agri_irrigation.egg-info/entry_points.txt
[4.350s] writing requirements to ../../build/agri_irrigation/agri_irrigation.egg-info/requires.txt
[4.352s] writing top-level names to ../../build/agri_irrigation/agri_irrigation.egg-info/top_level.txt
[4.473s] reading manifest file '../../build/agri_irrigation/agri_irrigation.egg-info/SOURCES.txt'
[4.475s] writing manifest file '../../build/agri_irrigation/agri_irrigation.egg-info/SOURCES.txt'
[4.476s] running build
[4.476s] running build_py
[4.479s] copying agri_irrigation/__init__.py -> /home/maria/agri_ws/build/agri_irrigation/build/lib/agri_irrigation
[4.479s] copying agri_irrigation/irrigation_valve_node.py -> /home/maria/agri_ws/build/agri_irrigation/build/lib/agri_irrigation
[4.480s] copying agri_irrigation/py.typed -> /home/maria/agri_ws/build/agri_irrigation/build/lib/agri_irrigation
[4.480s] running install
[4.494s] running install_lib
[4.562s] running install_data
[4.562s] copying resource/agri_irrigation -> /home/maria/agri_ws/install/agri_irrigation/share/ament_index/resource_index/packages
[4.563s] copying package.xml -> /home/maria/agri_ws/install/agri_irrigation/share/agri_irrigation
[4.563s] running install_egg_info
[4.627s] removing '/home/maria/agri_ws/install/agri_irrigation/lib/python3.14/site-packages/agri_irrigation-0.0.0-py3.14.egg-info' (and everything under it)
[4.627s] Copying ../../build/agri_irrigation/agri_irrigation.egg-info to /home/maria/agri_ws/install/agri_irrigation/lib/python3.14/site-packages/agri_irrigation-0.0.0-py3.14.egg-info
[4.629s] running install_scripts
[5.015s] Installing irrigation_valve_node script to /home/maria/agri_ws/install/agri_irrigation/lib/agri_irrigation
[5.015s] writing list of installed files to '/home/maria/agri_ws/build/agri_irrigation/install.log'
[5.119s] Invoked command in '/home/maria/agri_ws/src/agri_irrigation' returned '0': DEBUGINFOD_URLS=https://debuginfod.ubuntu.com PYTHONPATH=/home/maria/agri_ws/build/agri_irrigation/prefix_override:/usr/lib/python3/dist-packages/colcon_core/task/python/colcon_distutils_commands:/home/maria/agri_ws/install/agri_irrigation/lib/python3.14/site-packages:/home/maria/agri_ws/install/agri_interfaces/lib/python3.14/site-packages:/home/maria/agri_ws/install/agri_sensors/lib/python3.14/site-packages:/home/maria/agri_ws/install/agri_orchestrator/lib/python3.14/site-packages:/home/maria/agri_ws/install/agri_irrigation/lib/python3.14/site-packages:/home/maria/ros2_lyrical/ros2-linux/opt/gz_math_vendor/lib/python:/home/maria/ros2_lyrical/ros2-linux/lib/python3.14/site-packages /usr/bin/python3 -W ignore:setup.py install is deprecated -W ignore:easy_install command is deprecated setup.py egg_info --egg-base ../../build/agri_irrigation build --build-base /home/maria/agri_ws/build/agri_irrigation/build install --record /home/maria/agri_ws/build/agri_irrigation/install.log --install-scripts $base/lib/agri_irrigation --single-version-externally-managed install_data
