[0.045s] Invoking command in '/home/maria/agri_ws/build/agri_interfaces': DEBUGINFOD_URLS=https://debuginfod.ubuntu.com /usr/bin/cmake --build /home/maria/agri_ws/build/agri_interfaces -- -j3 -l3
[0.277s] [  1%] Built target agri_interfaces__rosidl_generator_type_description
[0.334s] [  5%] Built target agri_interfaces__cpp
[0.335s] [  5%] Built target agri_interfaces__rs
[0.406s] [ 25%] Built target agri_interfaces__rosidl_generator_c
[0.486s] [ 34%] Built target agri_interfaces__rosidl_typesupport_cpp
[0.557s] [ 43%] Built target agri_interfaces__rosidl_typesupport_introspection_c
[0.585s] [ 52%] Built target agri_interfaces__rosidl_typesupport_c
[0.627s] [ 61%] Built target agri_interfaces__rosidl_typesupport_fastrtps_cpp
[0.635s] [ 70%] Built target agri_interfaces__rosidl_typesupport_fastrtps_c
[0.675s] [ 80%] Built target agri_interfaces__rosidl_typesupport_introspection_cpp
[0.712s] [ 80%] Built target agri_interfaces
[0.746s] [ 81%] Built target agri_interfaces__py
[0.794s] [ 89%] Built target agri_interfaces__rosidl_generator_py
[0.848s] [ 92%] Built target agri_interfaces_s__rosidl_typesupport_fastrtps_c
[0.869s] [ 92%] Built target ament_cmake_python_sync_agri_interfaces
[0.872s] [ 96%] Built target agri_interfaces_s__rosidl_typesupport_introspection_c
[0.918s] [100%] Built target agri_interfaces_s__rosidl_typesupport_c
[1.438s] running egg_info
[1.498s] writing agri_interfaces.egg-info/PKG-INFO
[1.499s] writing dependency_links to agri_interfaces.egg-info/dependency_links.txt
[1.500s] writing top-level names to agri_interfaces.egg-info/top_level.txt
[1.823s] reading manifest file 'agri_interfaces.egg-info/SOURCES.txt'
[1.828s] writing manifest file 'agri_interfaces.egg-info/SOURCES.txt'
[1.954s] [100%] Built target ament_cmake_python_build_agri_interfaces_egg
[1.997s] Invoked command in '/home/maria/agri_ws/build/agri_interfaces' returned '0': DEBUGINFOD_URLS=https://debuginfod.ubuntu.com /usr/bin/cmake --build /home/maria/agri_ws/build/agri_interfaces -- -j3 -l3
[2.035s] Invoking command in '/home/maria/agri_ws/build/agri_interfaces': DEBUGINFOD_URLS=https://debuginfod.ubuntu.com /usr/bin/cmake --install /home/maria/agri_ws/build/agri_interfaces
[2.063s] -- Install configuration: ""
[2.064s] -- Up-to-date: /home/maria/agri_ws/install/agri_interfaces/share/ament_index/resource_index/rosidl_interfaces/agri_interfaces
[2.064s] -- Up-to-date: /home/maria/agri_ws/install/agri_interfaces/share/agri_interfaces/msg/SoilMoisture.json
[2.064s] -- Up-to-date: /home/maria/agri_ws/install/agri_interfaces/share/agri_interfaces/msg/IrrigationCommand.json
[2.065s] -- Up-to-date: /home/maria/agri_ws/install/agri_interfaces/share/agri_interfaces/msg/IrrigationState.json
[2.065s] -- Up-to-date: /home/maria/agri_ws/install/agri_interfaces/include/agri_interfaces/agri_interfaces
[2.066s] -- Up-to-date: /home/maria/agri_ws/install/agri_interfaces/include/agri_interfaces/agri_interfaces/msg
[2.067s] -- Up-to-date: /home/maria/agri_ws/install/agri_interfaces/include/agri_interfaces/agri_interfaces/msg/detail
[2.067s] -- Up-to-date: /home/maria/agri_ws/install/agri_interfaces/include/agri_interfaces/agri_interfaces/msg/detail/irrigation_state__description.c
[2.067s] -- Up-to-date: /home/maria/agri_ws/install/agri_interfaces/include/agri_interfaces/agri_interfaces/msg/detail/irrigation_state__struct.h
[2.068s] -- Up-to-date: /home/maria/agri_ws/install/agri_interfaces/include/agri_interfaces/agri_interfaces/msg/detail/irrigation_command__functions.h
[2.068s] -- Installing: /home/maria/agri_ws/install/agri_interfaces/include/agri_interfaces/agri_interfaces/msg/detail/irrigation_state__type_support.c
[2.069s] -- Up-to-date: /home/maria/agri_ws/install/agri_interfaces/include/agri_interfaces/agri_interfaces/msg/detail/soil_moisture__description.c
[2.069s] -- Up-to-date: /home/maria/agri_ws/install/agri_interfaces/include/agri_interfaces/agri_interfaces/msg/detail/soil_moisture__functions.h
[2.070s] -- Installing: /home/maria/agri_ws/install/agri_interfaces/include/agri_interfaces/agri_interfaces/msg/detail/irrigation_command__type_support.c
[2.071s] -- Up-to-date: /home/maria/agri_ws/install/agri_interfaces/include/agri_interfaces/agri_interfaces/msg/detail/irrigation_command__description.c
[2.071s] -- Up-to-date: /home/maria/agri_ws/install/agri_interfaces/include/agri_interfaces/agri_interfaces/msg/detail/irrigation_state__type_support.h
[2.071s] -- Up-to-date: /home/maria/agri_ws/install/agri_interfaces/include/agri_interfaces/agri_interfaces/msg/detail/irrigation_command__type_support.h
[2.072s] -- Up-to-date: /home/maria/agri_ws/install/agri_interfaces/include/agri_interfaces/agri_interfaces/msg/detail/soil_moisture__type_support.h
[2.072s] -- Up-to-date: /home/maria/agri_ws/install/agri_interfaces/include/agri_interfaces/agri_interfaces/msg/detail/soil_moisture__struct.h
[2.073s] -- Up-to-date: /home/maria/agri_ws/install/agri_interfaces/include/agri_interfaces/agri_interfaces/msg/detail/soil_moisture__functions.c
[2.074s] -- Up-to-date: /home/maria/agri_ws/install/agri_interfaces/include/agri_interfaces/agri_interfaces/msg/detail/irrigation_state__functions.c
[2.074s] -- Up-to-date: /home/maria/agri_ws/install/agri_interfaces/include/agri_interfaces/agri_interfaces/msg/detail/irrigation_command__struct.h
[2.075s] -- Up-to-date: /home/maria/agri_ws/install/agri_interfaces/include/agri_interfaces/agri_interfaces/msg/detail/irrigation_state__functions.h
[2.075s] -- Installing: /home/maria/agri_ws/install/agri_interfaces/include/agri_interfaces/agri_interfaces/msg/detail/soil_moisture__type_support.c
[2.076s] -- Up-to-date: /home/maria/agri_ws/install/agri_interfaces/include/agri_interfaces/agri_interfaces/msg/detail/irrigation_command__functions.c
[2.076s] -- Up-to-date: /home/maria/agri_ws/install/agri_interfaces/include/agri_interfaces/agri_interfaces/msg/irrigation_command.h
[2.077s] -- Up-to-date: /home/maria/agri_ws/install/agri_interfaces/include/agri_interfaces/agri_interfaces/msg/rosidl_generator_c__visibility_control.h
[2.077s] -- Up-to-date: /home/maria/agri_ws/install/agri_interfaces/include/agri_interfaces/agri_interfaces/msg/irrigation_state.h
[2.077s] -- Up-to-date: /home/maria/agri_ws/install/agri_interfaces/include/agri_interfaces/agri_interfaces/msg/soil_moisture.h
[2.077s] -- Up-to-date: /home/maria/agri_ws/install/agri_interfaces/share/agri_interfaces/environment/library_path.sh
[2.078s] -- Up-to-date: /home/maria/agri_ws/install/agri_interfaces/share/agri_interfaces/environment/library_path.dsv
[2.079s] -- Up-to-date: /home/maria/agri_ws/install/agri_interfaces/lib/libagri_interfaces__rosidl_generator_c.so
[2.080s] -- Up-to-date: /home/maria/agri_ws/install/agri_interfaces/include/agri_interfaces/agri_interfaces
[2.081s] -- Up-to-date: /home/maria/agri_ws/install/agri_interfaces/include/agri_interfaces/agri_interfaces/msg
[2.081s] -- Up-to-date: /home/maria/agri_ws/install/agri_interfaces/include/agri_interfaces/agri_interfaces/msg/detail
[2.081s] -- Up-to-date: /home/maria/agri_ws/install/agri_interfaces/include/agri_interfaces/agri_interfaces/msg/detail/irrigation_state__rosidl_typesupport_fastrtps_c.h
[2.082s] -- Up-to-date: /home/maria/agri_ws/install/agri_interfaces/include/agri_interfaces/agri_interfaces/msg/detail/soil_moisture__rosidl_typesupport_fastrtps_c.h
[2.082s] -- Up-to-date: /home/maria/agri_ws/install/agri_interfaces/include/agri_interfaces/agri_interfaces/msg/detail/irrigation_command__rosidl_typesupport_fastrtps_c.h
[2.082s] -- Up-to-date: /home/maria/agri_ws/install/agri_interfaces/include/agri_interfaces/agri_interfaces/msg/rosidl_typesupport_fastrtps_c__visibility_control.h
[2.085s] -- Up-to-date: /home/maria/agri_ws/install/agri_interfaces/lib/libagri_interfaces__rosidl_typesupport_fastrtps_c.so
[2.085s] -- Up-to-date: /home/maria/agri_ws/install/agri_interfaces/include/agri_interfaces/agri_interfaces
[2.085s] -- Up-to-date: /home/maria/agri_ws/install/agri_interfaces/include/agri_interfaces/agri_interfaces/msg
[2.086s] -- Up-to-date: /home/maria/agri_ws/install/agri_interfaces/include/agri_interfaces/agri_interfaces/msg/detail
[2.086s] -- Up-to-date: /home/maria/agri_ws/install/agri_interfaces/include/agri_interfaces/agri_interfaces/msg/detail/irrigation_state__rosidl_typesupport_introspection_c.h
[2.086s] -- Up-to-date: /home/maria/agri_ws/install/agri_interfaces/include/agri_interfaces/agri_interfaces/msg/detail/soil_moisture__rosidl_typesupport_introspection_c.h
[2.087s] -- Installing: /home/maria/agri_ws/install/agri_interfaces/include/agri_interfaces/agri_interfaces/msg/detail/irrigation_state__type_support.c
[2.087s] -- Installing: /home/maria/agri_ws/install/agri_interfaces/include/agri_interfaces/agri_interfaces/msg/detail/irrigation_command__type_support.c
[2.088s] -- Up-to-date: /home/maria/agri_ws/install/agri_interfaces/include/agri_interfaces/agri_interfaces/msg/detail/irrigation_command__rosidl_typesupport_introspection_c.h
[2.089s] -- Installing: /home/maria/agri_ws/install/agri_interfaces/include/agri_interfaces/agri_interfaces/msg/detail/soil_moisture__type_support.c
[2.090s] -- Up-to-date: /home/maria/agri_ws/install/agri_interfaces/include/agri_interfaces/agri_interfaces/msg/rosidl_typesupport_introspection_c__visibility_control.h
[2.092s] -- Up-to-date: /home/maria/agri_ws/install/agri_interfaces/lib/libagri_interfaces__rosidl_typesupport_introspection_c.so
[2.095s] -- Up-to-date: /home/maria/agri_ws/install/agri_interfaces/lib/libagri_interfaces__rosidl_typesupport_c.so
[2.096s] -- Up-to-date: /home/maria/agri_ws/install/agri_interfaces/include/agri_interfaces/agri_interfaces
[2.097s] -- Up-to-date: /home/maria/agri_ws/install/agri_interfaces/include/agri_interfaces/agri_interfaces/msg
[2.097s] -- Up-to-date: /home/maria/agri_ws/install/agri_interfaces/include/agri_interfaces/agri_interfaces/msg/detail
[2.098s] -- Up-to-date: /home/maria/agri_ws/install/agri_interfaces/include/agri_interfaces/agri_interfaces/msg/detail/irrigation_command__traits.hpp
[2.098s] -- Up-to-date: /home/maria/agri_ws/install/agri_interfaces/include/agri_interfaces/agri_interfaces/msg/detail/soil_moisture__type_support.hpp
[2.099s] -- Up-to-date: /home/maria/agri_ws/install/agri_interfaces/include/agri_interfaces/agri_interfaces/msg/detail/soil_moisture__builder.hpp
[2.100s] -- Up-to-date: /home/maria/agri_ws/install/agri_interfaces/include/agri_interfaces/agri_interfaces/msg/detail/irrigation_command__struct.hpp
[2.101s] -- Up-to-date: /home/maria/agri_ws/install/agri_interfaces/include/agri_interfaces/agri_interfaces/msg/detail/irrigation_state__type_support.hpp
[2.102s] -- Up-to-date: /home/maria/agri_ws/install/agri_interfaces/include/agri_interfaces/agri_interfaces/msg/detail/irrigation_state__struct.hpp
[2.103s] -- Up-to-date: /home/maria/agri_ws/install/agri_interfaces/include/agri_interfaces/agri_interfaces/msg/detail/irrigation_command__type_support.hpp
[2.104s] -- Up-to-date: /home/maria/agri_ws/install/agri_interfaces/include/agri_interfaces/agri_interfaces/msg/detail/soil_moisture__struct.hpp
[2.104s] -- Up-to-date: /home/maria/agri_ws/install/agri_interfaces/include/agri_interfaces/agri_interfaces/msg/detail/soil_moisture__traits.hpp
[2.105s] -- Up-to-date: /home/maria/agri_ws/install/agri_interfaces/include/agri_interfaces/agri_interfaces/msg/detail/irrigation_command__builder.hpp
[2.105s] -- Up-to-date: /home/maria/agri_ws/install/agri_interfaces/include/agri_interfaces/agri_interfaces/msg/detail/irrigation_state__traits.hpp
[2.106s] -- Up-to-date: /home/maria/agri_ws/install/agri_interfaces/include/agri_interfaces/agri_interfaces/msg/detail/irrigation_state__builder.hpp
[2.108s] -- Up-to-date: /home/maria/agri_ws/install/agri_interfaces/include/agri_interfaces/agri_interfaces/msg/irrigation_command.hpp
[2.108s] -- Up-to-date: /home/maria/agri_ws/install/agri_interfaces/include/agri_interfaces/agri_interfaces/msg/irrigation_state.hpp
[2.108s] -- Up-to-date: /home/maria/agri_ws/install/agri_interfaces/include/agri_interfaces/agri_interfaces/msg/soil_moisture.hpp
[2.109s] -- Up-to-date: /home/maria/agri_ws/install/agri_interfaces/include/agri_interfaces/agri_interfaces/msg/rosidl_generator_cpp__visibility_control.hpp
[2.110s] -- Up-to-date: /home/maria/agri_ws/install/agri_interfaces/include/agri_interfaces/agri_interfaces
[2.112s] -- Up-to-date: /home/maria/agri_ws/install/agri_interfaces/include/agri_interfaces/agri_interfaces/msg
[2.113s] -- Up-to-date: /home/maria/agri_ws/install/agri_interfaces/include/agri_interfaces/agri_interfaces/msg/detail
[2.114s] -- Up-to-date: /home/maria/agri_ws/install/agri_interfaces/include/agri_interfaces/agri_interfaces/msg/detail/irrigation_command__rosidl_typesupport_fastrtps_cpp.hpp
[2.114s] -- Up-to-date: /home/maria/agri_ws/install/agri_interfaces/include/agri_interfaces/agri_interfaces/msg/detail/irrigation_state__rosidl_typesupport_fastrtps_cpp.hpp
[2.114s] -- Up-to-date: /home/maria/agri_ws/install/agri_interfaces/include/agri_interfaces/agri_interfaces/msg/detail/dds_fastrtps
[2.115s] -- Up-to-date: /home/maria/agri_ws/install/agri_interfaces/include/agri_interfaces/agri_interfaces/msg/detail/soil_moisture__rosidl_typesupport_fastrtps_cpp.hpp
[2.115s] -- Up-to-date: /home/maria/agri_ws/install/agri_interfaces/include/agri_interfaces/agri_interfaces/msg/rosidl_typesupport_fastrtps_cpp__visibility_control.h
[2.116s] -- Up-to-date: /home/maria/agri_ws/install/agri_interfaces/lib/libagri_interfaces__rosidl_typesupport_fastrtps_cpp.so
[2.117s] -- Up-to-date: /home/maria/agri_ws/install/agri_interfaces/include/agri_interfaces/agri_interfaces
[2.118s] -- Up-to-date: /home/maria/agri_ws/install/agri_interfaces/include/agri_interfaces/agri_interfaces/msg
[2.118s] -- Up-to-date: /home/maria/agri_ws/install/agri_interfaces/include/agri_interfaces/agri_interfaces/msg/detail
[2.118s] -- Up-to-date: /home/maria/agri_ws/install/agri_interfaces/include/agri_interfaces/agri_interfaces/msg/detail/irrigation_command__type_support.cpp
[2.119s] -- Up-to-date: /home/maria/agri_ws/install/agri_interfaces/include/agri_interfaces/agri_interfaces/msg/detail/soil_moisture__rosidl_typesupport_introspection_cpp.hpp
[2.119s] -- Up-to-date: /home/maria/agri_ws/install/agri_interfaces/include/agri_interfaces/agri_interfaces/msg/detail/soil_moisture__type_support.cpp
[2.119s] -- Up-to-date: /home/maria/agri_ws/install/agri_interfaces/include/agri_interfaces/agri_interfaces/msg/detail/irrigation_state__type_support.cpp
[2.119s] -- Up-to-date: /home/maria/agri_ws/install/agri_interfaces/include/agri_interfaces/agri_interfaces/msg/detail/irrigation_state__rosidl_typesupport_introspection_cpp.hpp
[2.120s] -- Up-to-date: /home/maria/agri_ws/install/agri_interfaces/include/agri_interfaces/agri_interfaces/msg/detail/irrigation_command__rosidl_typesupport_introspection_cpp.hpp
[2.121s] -- Up-to-date: /home/maria/agri_ws/install/agri_interfaces/lib/libagri_interfaces__rosidl_typesupport_introspection_cpp.so
[2.122s] -- Up-to-date: /home/maria/agri_ws/install/agri_interfaces/lib/libagri_interfaces__rosidl_typesupport_cpp.so
[2.124s] -- Up-to-date: /home/maria/agri_ws/install/agri_interfaces/share/agri_interfaces/environment/pythonpath.sh
[2.124s] -- Up-to-date: /home/maria/agri_ws/install/agri_interfaces/share/agri_interfaces/environment/pythonpath.dsv
[2.125s] -- Up-to-date: /home/maria/agri_ws/install/agri_interfaces/lib/python3.14/site-packages/agri_interfaces/agri_interfaces_s__rosidl_typesupport_fastrtps_c.so
[2.125s] -- Up-to-date: /home/maria/agri_ws/install/agri_interfaces/lib/python3.14/site-packages/agri_interfaces/agri_interfaces_s__rosidl_typesupport_introspection_c.so
[2.126s] -- Up-to-date: /home/maria/agri_ws/install/agri_interfaces/lib/python3.14/site-packages/agri_interfaces/agri_interfaces_s__rosidl_typesupport_c.so
[2.127s] -- Up-to-date: /home/maria/agri_ws/install/agri_interfaces/lib/libagri_interfaces__rosidl_generator_py.so
[2.127s] -- Up-to-date: /home/maria/agri_ws/install/agri_interfaces/share/ament_index/resource_index/rust_packages/agri_interfaces
[2.128s] -- Up-to-date: /home/maria/agri_ws/install/agri_interfaces/share/agri_interfaces/rust
[2.129s] -- Up-to-date: /home/maria/agri_ws/install/agri_interfaces/share/agri_interfaces/rust/src
[2.130s] -- Up-to-date: /home/maria/agri_ws/install/agri_interfaces/share/agri_interfaces/rust/src/msg
[2.131s] -- Up-to-date: /home/maria/agri_ws/install/agri_interfaces/share/agri_interfaces/rust/src/msg/rmw.rs
[2.132s] -- Up-to-date: /home/maria/agri_ws/install/agri_interfaces/share/agri_interfaces/rust/src/msg.rs
[2.133s] -- Up-to-date: /home/maria/agri_ws/install/agri_interfaces/share/agri_interfaces/rust/src/lib.rs
[2.133s] -- Up-to-date: /home/maria/agri_ws/install/agri_interfaces/share/agri_interfaces/rust/Cargo.toml
[2.134s] -- Up-to-date: /home/maria/agri_ws/install/agri_interfaces/share/agri_interfaces/rust/build.rs
[2.135s] -- Up-to-date: /home/maria/agri_ws/install/agri_interfaces/share/agri_interfaces/msg/SoilMoisture.idl
[2.136s] -- Up-to-date: /home/maria/agri_ws/install/agri_interfaces/share/agri_interfaces/msg/IrrigationCommand.idl
[2.136s] -- Up-to-date: /home/maria/agri_ws/install/agri_interfaces/share/agri_interfaces/msg/IrrigationState.idl
[2.137s] -- Up-to-date: /home/maria/agri_ws/install/agri_interfaces/share/agri_interfaces/msg/SoilMoisture.msg
[2.138s] -- Up-to-date: /home/maria/agri_ws/install/agri_interfaces/share/agri_interfaces/msg/IrrigationCommand.msg
[2.139s] -- Up-to-date: /home/maria/agri_ws/install/agri_interfaces/share/agri_interfaces/msg/IrrigationState.msg
[2.139s] -- Up-to-date: /home/maria/agri_ws/install/agri_interfaces/share/ament_index/resource_index/package_run_dependencies/agri_interfaces
[2.139s] -- Up-to-date: /home/maria/agri_ws/install/agri_interfaces/share/ament_index/resource_index/parent_prefix_path/agri_interfaces
[2.140s] -- Up-to-date: /home/maria/agri_ws/install/agri_interfaces/share/agri_interfaces/environment/ament_prefix_path.sh
[2.140s] -- Up-to-date: /home/maria/agri_ws/install/agri_interfaces/share/agri_interfaces/environment/ament_prefix_path.dsv
[2.140s] -- Up-to-date: /home/maria/agri_ws/install/agri_interfaces/share/agri_interfaces/environment/path.sh
[2.142s] -- Up-to-date: /home/maria/agri_ws/install/agri_interfaces/share/agri_interfaces/environment/path.dsv
[2.143s] -- Up-to-date: /home/maria/agri_ws/install/agri_interfaces/share/agri_interfaces/local_setup.bash
[2.144s] -- Up-to-date: /home/maria/agri_ws/install/agri_interfaces/share/agri_interfaces/local_setup.fish
[2.144s] -- Up-to-date: /home/maria/agri_ws/install/agri_interfaces/share/agri_interfaces/local_setup.sh
[2.144s] -- Up-to-date: /home/maria/agri_ws/install/agri_interfaces/share/agri_interfaces/local_setup.zsh
[2.145s] -- Up-to-date: /home/maria/agri_ws/install/agri_interfaces/share/agri_interfaces/local_setup.dsv
[2.146s] -- Installing: /home/maria/agri_ws/install/agri_interfaces/share/agri_interfaces/package.dsv
[2.146s] -- Up-to-date: /home/maria/agri_ws/install/agri_interfaces/share/ament_index/resource_index/packages/agri_interfaces
[2.147s] -- Up-to-date: /home/maria/agri_ws/install/agri_interfaces/share/agri_interfaces/cmake/export_agri_interfaces__rosidl_generator_cExport.cmake
[2.148s] -- Up-to-date: /home/maria/agri_ws/install/agri_interfaces/share/agri_interfaces/cmake/export_agri_interfaces__rosidl_generator_cExport-noconfig.cmake
[2.149s] -- Up-to-date: /home/maria/agri_ws/install/agri_interfaces/share/agri_interfaces/cmake/export_agri_interfaces__rosidl_typesupport_fastrtps_cExport.cmake
[2.150s] -- Up-to-date: /home/maria/agri_ws/install/agri_interfaces/share/agri_interfaces/cmake/export_agri_interfaces__rosidl_typesupport_fastrtps_cExport-noconfig.cmake
[2.150s] -- Up-to-date: /home/maria/agri_ws/install/agri_interfaces/share/agri_interfaces/cmake/agri_interfaces__rosidl_typesupport_introspection_cExport.cmake
[2.151s] -- Up-to-date: /home/maria/agri_ws/install/agri_interfaces/share/agri_interfaces/cmake/agri_interfaces__rosidl_typesupport_introspection_cExport-noconfig.cmake
[2.152s] -- Up-to-date: /home/maria/agri_ws/install/agri_interfaces/share/agri_interfaces/cmake/agri_interfaces__rosidl_typesupport_cExport.cmake
[2.153s] -- Up-to-date: /home/maria/agri_ws/install/agri_interfaces/share/agri_interfaces/cmake/agri_interfaces__rosidl_typesupport_cExport-noconfig.cmake
[2.154s] -- Up-to-date: /home/maria/agri_ws/install/agri_interfaces/share/agri_interfaces/cmake/export_agri_interfaces__rosidl_generator_cppExport.cmake
[2.154s] -- Up-to-date: /home/maria/agri_ws/install/agri_interfaces/share/agri_interfaces/cmake/export_agri_interfaces__rosidl_typesupport_fastrtps_cppExport.cmake
[2.155s] -- Up-to-date: /home/maria/agri_ws/install/agri_interfaces/share/agri_interfaces/cmake/export_agri_interfaces__rosidl_typesupport_fastrtps_cppExport-noconfig.cmake
[2.156s] -- Up-to-date: /home/maria/agri_ws/install/agri_interfaces/share/agri_interfaces/cmake/agri_interfaces__rosidl_typesupport_introspection_cppExport.cmake
[2.156s] -- Up-to-date: /home/maria/agri_ws/install/agri_interfaces/share/agri_interfaces/cmake/agri_interfaces__rosidl_typesupport_introspection_cppExport-noconfig.cmake
[2.157s] -- Up-to-date: /home/maria/agri_ws/install/agri_interfaces/share/agri_interfaces/cmake/agri_interfaces__rosidl_typesupport_cppExport.cmake
[2.157s] -- Up-to-date: /home/maria/agri_ws/install/agri_interfaces/share/agri_interfaces/cmake/agri_interfaces__rosidl_typesupport_cppExport-noconfig.cmake
[2.159s] -- Up-to-date: /home/maria/agri_ws/install/agri_interfaces/share/agri_interfaces/cmake/export_agri_interfaces__rosidl_generator_pyExport.cmake
[2.160s] -- Up-to-date: /home/maria/agri_ws/install/agri_interfaces/share/agri_interfaces/cmake/export_agri_interfaces__rosidl_generator_pyExport-noconfig.cmake
[2.160s] -- Up-to-date: /home/maria/agri_ws/install/agri_interfaces/lib/python3.14/site-packages/agri_interfaces-0.0.0-py3.14.egg-info
[2.161s] -- Installing: /home/maria/agri_ws/install/agri_interfaces/lib/python3.14/site-packages/agri_interfaces-0.0.0-py3.14.egg-info/top_level.txt
[2.161s] -- Installing: /home/maria/agri_ws/install/agri_interfaces/lib/python3.14/site-packages/agri_interfaces-0.0.0-py3.14.egg-info/dependency_links.txt
[2.161s] -- Installing: /home/maria/agri_ws/install/agri_interfaces/lib/python3.14/site-packages/agri_interfaces-0.0.0-py3.14.egg-info/SOURCES.txt
[2.162s] -- Installing: /home/maria/agri_ws/install/agri_interfaces/lib/python3.14/site-packages/agri_interfaces-0.0.0-py3.14.egg-info/PKG-INFO
[2.163s] -- Up-to-date: /home/maria/agri_ws/install/agri_interfaces/lib/python3.14/site-packages/agri_interfaces
[2.163s] -- Up-to-date: /home/maria/agri_ws/install/agri_interfaces/lib/python3.14/site-packages/agri_interfaces/msg
[2.164s] -- Up-to-date: /home/maria/agri_ws/install/agri_interfaces/lib/python3.14/site-packages/agri_interfaces/msg/_irrigation_command.py
[2.164s] -- Up-to-date: /home/maria/agri_ws/install/agri_interfaces/lib/python3.14/site-packages/agri_interfaces/msg/__init__.py
[2.164s] -- Up-to-date: /home/maria/agri_ws/install/agri_interfaces/lib/python3.14/site-packages/agri_interfaces/msg/_soil_moisture.py
[2.165s] -- Up-to-date: /home/maria/agri_ws/install/agri_interfaces/lib/python3.14/site-packages/agri_interfaces/msg/_irrigation_state_s.c
[2.167s] -- Up-to-date: /home/maria/agri_ws/install/agri_interfaces/lib/python3.14/site-packages/agri_interfaces/msg/_irrigation_state.py
[2.168s] -- Up-to-date: /home/maria/agri_ws/install/agri_interfaces/lib/python3.14/site-packages/agri_interfaces/msg/_soil_moisture_s.c
[2.168s] -- Up-to-date: /home/maria/agri_ws/install/agri_interfaces/lib/python3.14/site-packages/agri_interfaces/msg/_irrigation_command_s.c
[2.169s] -- Up-to-date: /home/maria/agri_ws/install/agri_interfaces/lib/python3.14/site-packages/agri_interfaces/__init__.py
[2.170s] -- Up-to-date: /home/maria/agri_ws/install/agri_interfaces/lib/python3.14/site-packages/agri_interfaces/py.typed
[2.171s] -- Up-to-date: /home/maria/agri_ws/install/agri_interfaces/lib/python3.14/site-packages/agri_interfaces/_agri_interfaces_s.ep.rosidl_typesupport_c.c
[2.171s] -- Up-to-date: /home/maria/agri_ws/install/agri_interfaces/lib/python3.14/site-packages/agri_interfaces/_agri_interfaces_s.ep.rosidl_typesupport_introspection_c.c
[2.172s] -- Up-to-date: /home/maria/agri_ws/install/agri_interfaces/lib/python3.14/site-packages/agri_interfaces/agri_interfaces_s__rosidl_typesupport_fastrtps_c.so
[2.172s] -- Up-to-date: /home/maria/agri_ws/install/agri_interfaces/lib/python3.14/site-packages/agri_interfaces/agri_interfaces_s__rosidl_typesupport_c.so
[2.172s] -- Up-to-date: /home/maria/agri_ws/install/agri_interfaces/lib/python3.14/site-packages/agri_interfaces/agri_interfaces_s__rosidl_typesupport_introspection_c.so
[2.173s] -- Up-to-date: /home/maria/agri_ws/install/agri_interfaces/lib/python3.14/site-packages/agri_interfaces/_agri_interfaces_s.ep.rosidl_typesupport_fastrtps_c.c
[2.329s] Listing '/home/maria/agri_ws/install/agri_interfaces/lib/python3.14/site-packages/agri_interfaces'...
[2.329s] Listing '/home/maria/agri_ws/install/agri_interfaces/lib/python3.14/site-packages/agri_interfaces/msg'...
[2.361s] -- Up-to-date: /home/maria/agri_ws/install/agri_interfaces/share/agri_interfaces/cmake/rosidl_cmake-extras.cmake
[2.362s] -- Up-to-date: /home/maria/agri_ws/install/agri_interfaces/share/agri_interfaces/cmake/ament_cmake_export_dependencies-extras.cmake
[2.362s] -- Up-to-date: /home/maria/agri_ws/install/agri_interfaces/share/agri_interfaces/cmake/ament_cmake_export_include_directories-extras.cmake
[2.362s] -- Up-to-date: /home/maria/agri_ws/install/agri_interfaces/share/agri_interfaces/cmake/ament_cmake_export_libraries-extras.cmake
[2.363s] -- Up-to-date: /home/maria/agri_ws/install/agri_interfaces/share/agri_interfaces/cmake/ament_cmake_export_targets-extras.cmake
[2.363s] -- Up-to-date: /home/maria/agri_ws/install/agri_interfaces/share/agri_interfaces/cmake/rosidl_cmake_export_typesupport_targets-extras.cmake
[2.363s] -- Up-to-date: /home/maria/agri_ws/install/agri_interfaces/share/agri_interfaces/cmake/rosidl_cmake_export_typesupport_libraries-extras.cmake
[2.364s] -- Up-to-date: /home/maria/agri_ws/install/agri_interfaces/share/agri_interfaces/cmake/rosidl_cmake_aggregate_target-extras.cmake
[2.364s] -- Up-to-date: /home/maria/agri_ws/install/agri_interfaces/share/agri_interfaces/cmake/agri_interfacesConfig.cmake
[2.364s] -- Up-to-date: /home/maria/agri_ws/install/agri_interfaces/share/agri_interfaces/cmake/agri_interfacesConfig-version.cmake
[2.365s] -- Up-to-date: /home/maria/agri_ws/install/agri_interfaces/share/agri_interfaces/package.xml
[2.367s] Invoked command in '/home/maria/agri_ws/build/agri_interfaces' returned '0': DEBUGINFOD_URLS=https://debuginfod.ubuntu.com /usr/bin/cmake --install /home/maria/agri_ws/build/agri_interfaces
