[0.053s] Invoking command in '/home/maria/agri_ws/build/agri_interfaces': CMAKE_PREFIX_PATH=${CMAKE_PREFIX_PATH}:/home/maria/agri_ws/install/agri_sensors:/home/maria/agri_ws/install/agri_orchestrator:/home/maria/agri_ws/install/agri_irrigation DEBUGINFOD_URLS=https://debuginfod.ubuntu.com /usr/bin/cmake --build /home/maria/agri_ws/build/agri_interfaces -- -j4 -l4
[0.248s] [  3%] Built target agri_interfaces__rs
[0.249s] [  3%] Built target agri_interfaces__rosidl_generator_type_description
[0.316s] [  5%] Built target agri_interfaces__cpp
[0.381s] [ 25%] Built target agri_interfaces__rosidl_generator_c
[0.449s] [ 34%] Built target agri_interfaces__rosidl_typesupport_fastrtps_c
[0.452s] [ 52%] Built target agri_interfaces__rosidl_typesupport_cpp
[0.453s] [ 52%] Built target agri_interfaces__rosidl_typesupport_introspection_cpp
[0.501s] [ 61%] Built target agri_interfaces__rosidl_typesupport_c
[0.502s] [ 70%] Built target agri_interfaces__rosidl_typesupport_introspection_c
[0.512s] [ 80%] Built target agri_interfaces__rosidl_typesupport_fastrtps_cpp
[0.556s] [ 80%] Built target agri_interfaces
[0.597s] [ 81%] Built target agri_interfaces__py
[0.661s] [ 89%] Built target agri_interfaces__rosidl_generator_py
[0.672s] [ 89%] Built target ament_cmake_python_sync_agri_interfaces
[0.724s] [ 92%] Built target agri_interfaces_s__rosidl_typesupport_introspection_c
[0.728s] [ 96%] Built target agri_interfaces_s__rosidl_typesupport_c
[0.732s] [100%] Built target agri_interfaces_s__rosidl_typesupport_fastrtps_c
[1.469s] running egg_info
[1.537s] writing agri_interfaces.egg-info/PKG-INFO
[1.540s] writing dependency_links to agri_interfaces.egg-info/dependency_links.txt
[1.540s] writing top-level names to agri_interfaces.egg-info/top_level.txt
[1.778s] reading manifest file 'agri_interfaces.egg-info/SOURCES.txt'
[1.780s] writing manifest file 'agri_interfaces.egg-info/SOURCES.txt'
[1.842s] [100%] Built target ament_cmake_python_build_agri_interfaces_egg
[1.864s] Invoked command in '/home/maria/agri_ws/build/agri_interfaces' returned '0': CMAKE_PREFIX_PATH=${CMAKE_PREFIX_PATH}:/home/maria/agri_ws/install/agri_sensors:/home/maria/agri_ws/install/agri_orchestrator:/home/maria/agri_ws/install/agri_irrigation DEBUGINFOD_URLS=https://debuginfod.ubuntu.com /usr/bin/cmake --build /home/maria/agri_ws/build/agri_interfaces -- -j4 -l4
[1.881s] Invoking command in '/home/maria/agri_ws/build/agri_interfaces': CMAKE_PREFIX_PATH=${CMAKE_PREFIX_PATH}:/home/maria/agri_ws/install/agri_sensors:/home/maria/agri_ws/install/agri_orchestrator:/home/maria/agri_ws/install/agri_irrigation DEBUGINFOD_URLS=https://debuginfod.ubuntu.com /usr/bin/cmake --install /home/maria/agri_ws/build/agri_interfaces
[1.894s] -- Install configuration: ""
[1.894s] -- Up-to-date: /home/maria/agri_ws/install/agri_interfaces/share/ament_index/resource_index/rosidl_interfaces/agri_interfaces
[1.895s] -- Up-to-date: /home/maria/agri_ws/install/agri_interfaces/share/agri_interfaces/msg/SoilMoisture.json
[1.895s] -- Up-to-date: /home/maria/agri_ws/install/agri_interfaces/share/agri_interfaces/msg/IrrigationCommand.json
[1.895s] -- Up-to-date: /home/maria/agri_ws/install/agri_interfaces/share/agri_interfaces/msg/IrrigationState.json
[1.896s] -- Up-to-date: /home/maria/agri_ws/install/agri_interfaces/include/agri_interfaces/agri_interfaces
[1.896s] -- Up-to-date: /home/maria/agri_ws/install/agri_interfaces/include/agri_interfaces/agri_interfaces/msg
[1.896s] -- Up-to-date: /home/maria/agri_ws/install/agri_interfaces/include/agri_interfaces/agri_interfaces/msg/detail
[1.896s] -- Up-to-date: /home/maria/agri_ws/install/agri_interfaces/include/agri_interfaces/agri_interfaces/msg/detail/irrigation_state__description.c
[1.897s] -- Up-to-date: /home/maria/agri_ws/install/agri_interfaces/include/agri_interfaces/agri_interfaces/msg/detail/irrigation_state__struct.h
[1.897s] -- Up-to-date: /home/maria/agri_ws/install/agri_interfaces/include/agri_interfaces/agri_interfaces/msg/detail/irrigation_command__functions.h
[1.897s] -- Installing: /home/maria/agri_ws/install/agri_interfaces/include/agri_interfaces/agri_interfaces/msg/detail/irrigation_state__type_support.c
[1.898s] -- Up-to-date: /home/maria/agri_ws/install/agri_interfaces/include/agri_interfaces/agri_interfaces/msg/detail/soil_moisture__description.c
[1.898s] -- Up-to-date: /home/maria/agri_ws/install/agri_interfaces/include/agri_interfaces/agri_interfaces/msg/detail/soil_moisture__functions.h
[1.899s] -- Installing: /home/maria/agri_ws/install/agri_interfaces/include/agri_interfaces/agri_interfaces/msg/detail/irrigation_command__type_support.c
[1.899s] -- Up-to-date: /home/maria/agri_ws/install/agri_interfaces/include/agri_interfaces/agri_interfaces/msg/detail/irrigation_command__description.c
[1.899s] -- Up-to-date: /home/maria/agri_ws/install/agri_interfaces/include/agri_interfaces/agri_interfaces/msg/detail/irrigation_state__type_support.h
[1.899s] -- Up-to-date: /home/maria/agri_ws/install/agri_interfaces/include/agri_interfaces/agri_interfaces/msg/detail/irrigation_command__type_support.h
[1.900s] -- Up-to-date: /home/maria/agri_ws/install/agri_interfaces/include/agri_interfaces/agri_interfaces/msg/detail/soil_moisture__type_support.h
[1.900s] -- Up-to-date: /home/maria/agri_ws/install/agri_interfaces/include/agri_interfaces/agri_interfaces/msg/detail/soil_moisture__struct.h
[1.900s] -- Up-to-date: /home/maria/agri_ws/install/agri_interfaces/include/agri_interfaces/agri_interfaces/msg/detail/soil_moisture__functions.c
[1.900s] -- Up-to-date: /home/maria/agri_ws/install/agri_interfaces/include/agri_interfaces/agri_interfaces/msg/detail/irrigation_state__functions.c
[1.900s] -- Up-to-date: /home/maria/agri_ws/install/agri_interfaces/include/agri_interfaces/agri_interfaces/msg/detail/irrigation_command__struct.h
[1.901s] -- Up-to-date: /home/maria/agri_ws/install/agri_interfaces/include/agri_interfaces/agri_interfaces/msg/detail/irrigation_state__functions.h
[1.901s] -- Installing: /home/maria/agri_ws/install/agri_interfaces/include/agri_interfaces/agri_interfaces/msg/detail/soil_moisture__type_support.c
[1.901s] -- Up-to-date: /home/maria/agri_ws/install/agri_interfaces/include/agri_interfaces/agri_interfaces/msg/detail/irrigation_command__functions.c
[1.901s] -- Up-to-date: /home/maria/agri_ws/install/agri_interfaces/include/agri_interfaces/agri_interfaces/msg/irrigation_command.h
[1.902s] -- Up-to-date: /home/maria/agri_ws/install/agri_interfaces/include/agri_interfaces/agri_interfaces/msg/rosidl_generator_c__visibility_control.h
[1.902s] -- Up-to-date: /home/maria/agri_ws/install/agri_interfaces/include/agri_interfaces/agri_interfaces/msg/irrigation_state.h
[1.902s] -- Up-to-date: /home/maria/agri_ws/install/agri_interfaces/include/agri_interfaces/agri_interfaces/msg/soil_moisture.h
[1.902s] -- Up-to-date: /home/maria/agri_ws/install/agri_interfaces/share/agri_interfaces/environment/library_path.sh
[1.902s] -- Up-to-date: /home/maria/agri_ws/install/agri_interfaces/share/agri_interfaces/environment/library_path.dsv
[1.903s] -- Up-to-date: /home/maria/agri_ws/install/agri_interfaces/lib/libagri_interfaces__rosidl_generator_c.so
[1.903s] -- Up-to-date: /home/maria/agri_ws/install/agri_interfaces/include/agri_interfaces/agri_interfaces
[1.903s] -- Up-to-date: /home/maria/agri_ws/install/agri_interfaces/include/agri_interfaces/agri_interfaces/msg
[1.903s] -- Up-to-date: /home/maria/agri_ws/install/agri_interfaces/include/agri_interfaces/agri_interfaces/msg/detail
[1.903s] -- Up-to-date: /home/maria/agri_ws/install/agri_interfaces/include/agri_interfaces/agri_interfaces/msg/detail/irrigation_state__rosidl_typesupport_fastrtps_c.h
[1.903s] -- Up-to-date: /home/maria/agri_ws/install/agri_interfaces/include/agri_interfaces/agri_interfaces/msg/detail/soil_moisture__rosidl_typesupport_fastrtps_c.h
[1.904s] -- Up-to-date: /home/maria/agri_ws/install/agri_interfaces/include/agri_interfaces/agri_interfaces/msg/detail/irrigation_command__rosidl_typesupport_fastrtps_c.h
[1.904s] -- Up-to-date: /home/maria/agri_ws/install/agri_interfaces/include/agri_interfaces/agri_interfaces/msg/rosidl_typesupport_fastrtps_c__visibility_control.h
[1.904s] -- Up-to-date: /home/maria/agri_ws/install/agri_interfaces/lib/libagri_interfaces__rosidl_typesupport_fastrtps_c.so
[1.904s] -- Up-to-date: /home/maria/agri_ws/install/agri_interfaces/include/agri_interfaces/agri_interfaces
[1.905s] -- Up-to-date: /home/maria/agri_ws/install/agri_interfaces/include/agri_interfaces/agri_interfaces/msg
[1.905s] -- Up-to-date: /home/maria/agri_ws/install/agri_interfaces/include/agri_interfaces/agri_interfaces/msg/detail
[1.905s] -- Up-to-date: /home/maria/agri_ws/install/agri_interfaces/include/agri_interfaces/agri_interfaces/msg/detail/irrigation_state__rosidl_typesupport_introspection_c.h
[1.906s] -- Up-to-date: /home/maria/agri_ws/install/agri_interfaces/include/agri_interfaces/agri_interfaces/msg/detail/soil_moisture__rosidl_typesupport_introspection_c.h
[1.906s] -- Installing: /home/maria/agri_ws/install/agri_interfaces/include/agri_interfaces/agri_interfaces/msg/detail/irrigation_state__type_support.c
[1.906s] -- Installing: /home/maria/agri_ws/install/agri_interfaces/include/agri_interfaces/agri_interfaces/msg/detail/irrigation_command__type_support.c
[1.907s] -- Up-to-date: /home/maria/agri_ws/install/agri_interfaces/include/agri_interfaces/agri_interfaces/msg/detail/irrigation_command__rosidl_typesupport_introspection_c.h
[1.907s] -- Installing: /home/maria/agri_ws/install/agri_interfaces/include/agri_interfaces/agri_interfaces/msg/detail/soil_moisture__type_support.c
[1.907s] -- Up-to-date: /home/maria/agri_ws/install/agri_interfaces/include/agri_interfaces/agri_interfaces/msg/rosidl_typesupport_introspection_c__visibility_control.h
[1.907s] -- Up-to-date: /home/maria/agri_ws/install/agri_interfaces/lib/libagri_interfaces__rosidl_typesupport_introspection_c.so
[1.908s] -- Up-to-date: /home/maria/agri_ws/install/agri_interfaces/lib/libagri_interfaces__rosidl_typesupport_c.so
[1.908s] -- Up-to-date: /home/maria/agri_ws/install/agri_interfaces/include/agri_interfaces/agri_interfaces
[1.909s] -- Up-to-date: /home/maria/agri_ws/install/agri_interfaces/include/agri_interfaces/agri_interfaces/msg
[1.909s] -- Up-to-date: /home/maria/agri_ws/install/agri_interfaces/include/agri_interfaces/agri_interfaces/msg/detail
[1.909s] -- Up-to-date: /home/maria/agri_ws/install/agri_interfaces/include/agri_interfaces/agri_interfaces/msg/detail/irrigation_command__traits.hpp
[1.910s] -- Up-to-date: /home/maria/agri_ws/install/agri_interfaces/include/agri_interfaces/agri_interfaces/msg/detail/soil_moisture__type_support.hpp
[1.910s] -- Up-to-date: /home/maria/agri_ws/install/agri_interfaces/include/agri_interfaces/agri_interfaces/msg/detail/soil_moisture__builder.hpp
[1.910s] -- Up-to-date: /home/maria/agri_ws/install/agri_interfaces/include/agri_interfaces/agri_interfaces/msg/detail/irrigation_command__struct.hpp
[1.911s] -- Up-to-date: /home/maria/agri_ws/install/agri_interfaces/include/agri_interfaces/agri_interfaces/msg/detail/irrigation_state__type_support.hpp
[1.911s] -- Up-to-date: /home/maria/agri_ws/install/agri_interfaces/include/agri_interfaces/agri_interfaces/msg/detail/irrigation_state__struct.hpp
[1.911s] -- Up-to-date: /home/maria/agri_ws/install/agri_interfaces/include/agri_interfaces/agri_interfaces/msg/detail/irrigation_command__type_support.hpp
[1.912s] -- Up-to-date: /home/maria/agri_ws/install/agri_interfaces/include/agri_interfaces/agri_interfaces/msg/detail/soil_moisture__struct.hpp
[1.912s] -- Up-to-date: /home/maria/agri_ws/install/agri_interfaces/include/agri_interfaces/agri_interfaces/msg/detail/soil_moisture__traits.hpp
[1.912s] -- Up-to-date: /home/maria/agri_ws/install/agri_interfaces/include/agri_interfaces/agri_interfaces/msg/detail/irrigation_command__builder.hpp
[1.912s] -- Up-to-date: /home/maria/agri_ws/install/agri_interfaces/include/agri_interfaces/agri_interfaces/msg/detail/irrigation_state__traits.hpp
[1.913s] -- Up-to-date: /home/maria/agri_ws/install/agri_interfaces/include/agri_interfaces/agri_interfaces/msg/detail/irrigation_state__builder.hpp
[1.913s] -- Up-to-date: /home/maria/agri_ws/install/agri_interfaces/include/agri_interfaces/agri_interfaces/msg/irrigation_command.hpp
[1.913s] -- Up-to-date: /home/maria/agri_ws/install/agri_interfaces/include/agri_interfaces/agri_interfaces/msg/irrigation_state.hpp
[1.914s] -- Up-to-date: /home/maria/agri_ws/install/agri_interfaces/include/agri_interfaces/agri_interfaces/msg/soil_moisture.hpp
[1.914s] -- Up-to-date: /home/maria/agri_ws/install/agri_interfaces/include/agri_interfaces/agri_interfaces/msg/rosidl_generator_cpp__visibility_control.hpp
[1.914s] -- Up-to-date: /home/maria/agri_ws/install/agri_interfaces/include/agri_interfaces/agri_interfaces
[1.914s] -- Up-to-date: /home/maria/agri_ws/install/agri_interfaces/include/agri_interfaces/agri_interfaces/msg
[1.914s] -- Up-to-date: /home/maria/agri_ws/install/agri_interfaces/include/agri_interfaces/agri_interfaces/msg/detail
[1.915s] -- Up-to-date: /home/maria/agri_ws/install/agri_interfaces/include/agri_interfaces/agri_interfaces/msg/detail/irrigation_command__rosidl_typesupport_fastrtps_cpp.hpp
[1.915s] -- Up-to-date: /home/maria/agri_ws/install/agri_interfaces/include/agri_interfaces/agri_interfaces/msg/detail/irrigation_state__rosidl_typesupport_fastrtps_cpp.hpp
[1.916s] -- Up-to-date: /home/maria/agri_ws/install/agri_interfaces/include/agri_interfaces/agri_interfaces/msg/detail/dds_fastrtps
[1.916s] -- Up-to-date: /home/maria/agri_ws/install/agri_interfaces/include/agri_interfaces/agri_interfaces/msg/detail/soil_moisture__rosidl_typesupport_fastrtps_cpp.hpp
[1.916s] -- Up-to-date: /home/maria/agri_ws/install/agri_interfaces/include/agri_interfaces/agri_interfaces/msg/rosidl_typesupport_fastrtps_cpp__visibility_control.h
[1.916s] -- Up-to-date: /home/maria/agri_ws/install/agri_interfaces/lib/libagri_interfaces__rosidl_typesupport_fastrtps_cpp.so
[1.917s] -- Up-to-date: /home/maria/agri_ws/install/agri_interfaces/include/agri_interfaces/agri_interfaces
[1.917s] -- Up-to-date: /home/maria/agri_ws/install/agri_interfaces/include/agri_interfaces/agri_interfaces/msg
[1.917s] -- Up-to-date: /home/maria/agri_ws/install/agri_interfaces/include/agri_interfaces/agri_interfaces/msg/detail
[1.918s] -- Up-to-date: /home/maria/agri_ws/install/agri_interfaces/include/agri_interfaces/agri_interfaces/msg/detail/irrigation_command__type_support.cpp
[1.918s] -- Up-to-date: /home/maria/agri_ws/install/agri_interfaces/include/agri_interfaces/agri_interfaces/msg/detail/soil_moisture__rosidl_typesupport_introspection_cpp.hpp
[1.918s] -- Up-to-date: /home/maria/agri_ws/install/agri_interfaces/include/agri_interfaces/agri_interfaces/msg/detail/soil_moisture__type_support.cpp
[1.919s] -- Up-to-date: /home/maria/agri_ws/install/agri_interfaces/include/agri_interfaces/agri_interfaces/msg/detail/irrigation_state__type_support.cpp
[1.919s] -- Up-to-date: /home/maria/agri_ws/install/agri_interfaces/include/agri_interfaces/agri_interfaces/msg/detail/irrigation_state__rosidl_typesupport_introspection_cpp.hpp
[1.919s] -- Up-to-date: /home/maria/agri_ws/install/agri_interfaces/include/agri_interfaces/agri_interfaces/msg/detail/irrigation_command__rosidl_typesupport_introspection_cpp.hpp
[1.919s] -- Up-to-date: /home/maria/agri_ws/install/agri_interfaces/lib/libagri_interfaces__rosidl_typesupport_introspection_cpp.so
[1.920s] -- Up-to-date: /home/maria/agri_ws/install/agri_interfaces/lib/libagri_interfaces__rosidl_typesupport_cpp.so
[1.920s] -- Up-to-date: /home/maria/agri_ws/install/agri_interfaces/share/agri_interfaces/environment/pythonpath.sh
[1.920s] -- Up-to-date: /home/maria/agri_ws/install/agri_interfaces/share/agri_interfaces/environment/pythonpath.dsv
[1.920s] -- Up-to-date: /home/maria/agri_ws/install/agri_interfaces/lib/python3.14/site-packages/agri_interfaces/agri_interfaces_s__rosidl_typesupport_fastrtps_c.so
[1.921s] -- Up-to-date: /home/maria/agri_ws/install/agri_interfaces/lib/python3.14/site-packages/agri_interfaces/agri_interfaces_s__rosidl_typesupport_introspection_c.so
[1.922s] -- Up-to-date: /home/maria/agri_ws/install/agri_interfaces/lib/python3.14/site-packages/agri_interfaces/agri_interfaces_s__rosidl_typesupport_c.so
[1.922s] -- Up-to-date: /home/maria/agri_ws/install/agri_interfaces/lib/libagri_interfaces__rosidl_generator_py.so
[1.924s] -- Up-to-date: /home/maria/agri_ws/install/agri_interfaces/share/ament_index/resource_index/rust_packages/agri_interfaces
[1.924s] -- Up-to-date: /home/maria/agri_ws/install/agri_interfaces/share/agri_interfaces/rust
[1.924s] -- Up-to-date: /home/maria/agri_ws/install/agri_interfaces/share/agri_interfaces/rust/src
[1.924s] -- Up-to-date: /home/maria/agri_ws/install/agri_interfaces/share/agri_interfaces/rust/src/msg
[1.924s] -- Up-to-date: /home/maria/agri_ws/install/agri_interfaces/share/agri_interfaces/rust/src/msg/rmw.rs
[1.924s] -- Up-to-date: /home/maria/agri_ws/install/agri_interfaces/share/agri_interfaces/rust/src/msg.rs
[1.925s] -- Up-to-date: /home/maria/agri_ws/install/agri_interfaces/share/agri_interfaces/rust/src/lib.rs
[1.925s] -- Up-to-date: /home/maria/agri_ws/install/agri_interfaces/share/agri_interfaces/rust/Cargo.toml
[1.925s] -- Up-to-date: /home/maria/agri_ws/install/agri_interfaces/share/agri_interfaces/rust/build.rs
[1.926s] -- Up-to-date: /home/maria/agri_ws/install/agri_interfaces/share/agri_interfaces/msg/SoilMoisture.idl
[1.926s] -- Up-to-date: /home/maria/agri_ws/install/agri_interfaces/share/agri_interfaces/msg/IrrigationCommand.idl
[1.926s] -- Up-to-date: /home/maria/agri_ws/install/agri_interfaces/share/agri_interfaces/msg/IrrigationState.idl
[1.926s] -- Up-to-date: /home/maria/agri_ws/install/agri_interfaces/share/agri_interfaces/msg/SoilMoisture.msg
[1.927s] -- Up-to-date: /home/maria/agri_ws/install/agri_interfaces/share/agri_interfaces/msg/IrrigationCommand.msg
[1.927s] -- Up-to-date: /home/maria/agri_ws/install/agri_interfaces/share/agri_interfaces/msg/IrrigationState.msg
[1.927s] -- Up-to-date: /home/maria/agri_ws/install/agri_interfaces/share/ament_index/resource_index/package_run_dependencies/agri_interfaces
[1.928s] -- Up-to-date: /home/maria/agri_ws/install/agri_interfaces/share/ament_index/resource_index/parent_prefix_path/agri_interfaces
[1.928s] -- Up-to-date: /home/maria/agri_ws/install/agri_interfaces/share/agri_interfaces/environment/ament_prefix_path.sh
[1.928s] -- Up-to-date: /home/maria/agri_ws/install/agri_interfaces/share/agri_interfaces/environment/ament_prefix_path.dsv
[1.928s] -- Up-to-date: /home/maria/agri_ws/install/agri_interfaces/share/agri_interfaces/environment/path.sh
[1.928s] -- Up-to-date: /home/maria/agri_ws/install/agri_interfaces/share/agri_interfaces/environment/path.dsv
[1.929s] -- Up-to-date: /home/maria/agri_ws/install/agri_interfaces/share/agri_interfaces/local_setup.bash
[1.929s] -- Up-to-date: /home/maria/agri_ws/install/agri_interfaces/share/agri_interfaces/local_setup.fish
[1.929s] -- Up-to-date: /home/maria/agri_ws/install/agri_interfaces/share/agri_interfaces/local_setup.sh
[1.929s] -- Up-to-date: /home/maria/agri_ws/install/agri_interfaces/share/agri_interfaces/local_setup.zsh
[1.930s] -- Up-to-date: /home/maria/agri_ws/install/agri_interfaces/share/agri_interfaces/local_setup.dsv
[1.930s] -- Installing: /home/maria/agri_ws/install/agri_interfaces/share/agri_interfaces/package.dsv
[1.930s] -- Up-to-date: /home/maria/agri_ws/install/agri_interfaces/share/ament_index/resource_index/packages/agri_interfaces
[1.930s] -- Up-to-date: /home/maria/agri_ws/install/agri_interfaces/share/agri_interfaces/cmake/export_agri_interfaces__rosidl_generator_cExport.cmake
[1.931s] -- Up-to-date: /home/maria/agri_ws/install/agri_interfaces/share/agri_interfaces/cmake/export_agri_interfaces__rosidl_generator_cExport-noconfig.cmake
[1.931s] -- Up-to-date: /home/maria/agri_ws/install/agri_interfaces/share/agri_interfaces/cmake/export_agri_interfaces__rosidl_typesupport_fastrtps_cExport.cmake
[1.931s] -- Up-to-date: /home/maria/agri_ws/install/agri_interfaces/share/agri_interfaces/cmake/export_agri_interfaces__rosidl_typesupport_fastrtps_cExport-noconfig.cmake
[1.932s] -- Up-to-date: /home/maria/agri_ws/install/agri_interfaces/share/agri_interfaces/cmake/agri_interfaces__rosidl_typesupport_introspection_cExport.cmake
[1.932s] -- Up-to-date: /home/maria/agri_ws/install/agri_interfaces/share/agri_interfaces/cmake/agri_interfaces__rosidl_typesupport_introspection_cExport-noconfig.cmake
[1.932s] -- Up-to-date: /home/maria/agri_ws/install/agri_interfaces/share/agri_interfaces/cmake/agri_interfaces__rosidl_typesupport_cExport.cmake
[1.932s] -- Up-to-date: /home/maria/agri_ws/install/agri_interfaces/share/agri_interfaces/cmake/agri_interfaces__rosidl_typesupport_cExport-noconfig.cmake
[1.933s] -- Up-to-date: /home/maria/agri_ws/install/agri_interfaces/share/agri_interfaces/cmake/export_agri_interfaces__rosidl_generator_cppExport.cmake
[1.934s] -- Up-to-date: /home/maria/agri_ws/install/agri_interfaces/share/agri_interfaces/cmake/export_agri_interfaces__rosidl_typesupport_fastrtps_cppExport.cmake
[1.935s] -- Up-to-date: /home/maria/agri_ws/install/agri_interfaces/share/agri_interfaces/cmake/export_agri_interfaces__rosidl_typesupport_fastrtps_cppExport-noconfig.cmake
[1.935s] -- Up-to-date: /home/maria/agri_ws/install/agri_interfaces/share/agri_interfaces/cmake/agri_interfaces__rosidl_typesupport_introspection_cppExport.cmake
[1.936s] -- Up-to-date: /home/maria/agri_ws/install/agri_interfaces/share/agri_interfaces/cmake/agri_interfaces__rosidl_typesupport_introspection_cppExport-noconfig.cmake
[1.937s] -- Up-to-date: /home/maria/agri_ws/install/agri_interfaces/share/agri_interfaces/cmake/agri_interfaces__rosidl_typesupport_cppExport.cmake
[1.937s] -- Up-to-date: /home/maria/agri_ws/install/agri_interfaces/share/agri_interfaces/cmake/agri_interfaces__rosidl_typesupport_cppExport-noconfig.cmake
[1.938s] -- Up-to-date: /home/maria/agri_ws/install/agri_interfaces/share/agri_interfaces/cmake/export_agri_interfaces__rosidl_generator_pyExport.cmake
[1.938s] -- Up-to-date: /home/maria/agri_ws/install/agri_interfaces/share/agri_interfaces/cmake/export_agri_interfaces__rosidl_generator_pyExport-noconfig.cmake
[1.938s] -- Up-to-date: /home/maria/agri_ws/install/agri_interfaces/lib/python3.14/site-packages/agri_interfaces-0.0.0-py3.14.egg-info
[1.938s] -- Installing: /home/maria/agri_ws/install/agri_interfaces/lib/python3.14/site-packages/agri_interfaces-0.0.0-py3.14.egg-info/top_level.txt
[1.939s] -- Installing: /home/maria/agri_ws/install/agri_interfaces/lib/python3.14/site-packages/agri_interfaces-0.0.0-py3.14.egg-info/dependency_links.txt
[1.939s] -- Installing: /home/maria/agri_ws/install/agri_interfaces/lib/python3.14/site-packages/agri_interfaces-0.0.0-py3.14.egg-info/SOURCES.txt
[1.939s] -- Installing: /home/maria/agri_ws/install/agri_interfaces/lib/python3.14/site-packages/agri_interfaces-0.0.0-py3.14.egg-info/PKG-INFO
[1.939s] -- Up-to-date: /home/maria/agri_ws/install/agri_interfaces/lib/python3.14/site-packages/agri_interfaces
[1.939s] -- Up-to-date: /home/maria/agri_ws/install/agri_interfaces/lib/python3.14/site-packages/agri_interfaces/msg
[1.940s] -- Up-to-date: /home/maria/agri_ws/install/agri_interfaces/lib/python3.14/site-packages/agri_interfaces/msg/_irrigation_command.py
[1.940s] -- Up-to-date: /home/maria/agri_ws/install/agri_interfaces/lib/python3.14/site-packages/agri_interfaces/msg/__init__.py
[1.940s] -- Up-to-date: /home/maria/agri_ws/install/agri_interfaces/lib/python3.14/site-packages/agri_interfaces/msg/_soil_moisture.py
[1.940s] -- Up-to-date: /home/maria/agri_ws/install/agri_interfaces/lib/python3.14/site-packages/agri_interfaces/msg/_irrigation_state_s.c
[1.941s] -- Up-to-date: /home/maria/agri_ws/install/agri_interfaces/lib/python3.14/site-packages/agri_interfaces/msg/_irrigation_state.py
[1.941s] -- Up-to-date: /home/maria/agri_ws/install/agri_interfaces/lib/python3.14/site-packages/agri_interfaces/msg/_soil_moisture_s.c
[1.941s] -- Up-to-date: /home/maria/agri_ws/install/agri_interfaces/lib/python3.14/site-packages/agri_interfaces/msg/_irrigation_command_s.c
[1.941s] -- Up-to-date: /home/maria/agri_ws/install/agri_interfaces/lib/python3.14/site-packages/agri_interfaces/__init__.py
[1.941s] -- Up-to-date: /home/maria/agri_ws/install/agri_interfaces/lib/python3.14/site-packages/agri_interfaces/py.typed
[1.942s] -- Up-to-date: /home/maria/agri_ws/install/agri_interfaces/lib/python3.14/site-packages/agri_interfaces/_agri_interfaces_s.ep.rosidl_typesupport_c.c
[1.942s] -- Up-to-date: /home/maria/agri_ws/install/agri_interfaces/lib/python3.14/site-packages/agri_interfaces/_agri_interfaces_s.ep.rosidl_typesupport_introspection_c.c
[1.942s] -- Up-to-date: /home/maria/agri_ws/install/agri_interfaces/lib/python3.14/site-packages/agri_interfaces/agri_interfaces_s__rosidl_typesupport_fastrtps_c.so
[1.942s] -- Up-to-date: /home/maria/agri_ws/install/agri_interfaces/lib/python3.14/site-packages/agri_interfaces/agri_interfaces_s__rosidl_typesupport_c.so
[1.943s] -- Up-to-date: /home/maria/agri_ws/install/agri_interfaces/lib/python3.14/site-packages/agri_interfaces/agri_interfaces_s__rosidl_typesupport_introspection_c.so
[1.943s] -- Up-to-date: /home/maria/agri_ws/install/agri_interfaces/lib/python3.14/site-packages/agri_interfaces/_agri_interfaces_s.ep.rosidl_typesupport_fastrtps_c.c
[2.030s] Listing '/home/maria/agri_ws/install/agri_interfaces/lib/python3.14/site-packages/agri_interfaces'...
[2.030s] Listing '/home/maria/agri_ws/install/agri_interfaces/lib/python3.14/site-packages/agri_interfaces/msg'...
[2.045s] -- Up-to-date: /home/maria/agri_ws/install/agri_interfaces/share/agri_interfaces/cmake/rosidl_cmake-extras.cmake
[2.045s] -- Up-to-date: /home/maria/agri_ws/install/agri_interfaces/share/agri_interfaces/cmake/ament_cmake_export_dependencies-extras.cmake
[2.046s] -- Up-to-date: /home/maria/agri_ws/install/agri_interfaces/share/agri_interfaces/cmake/ament_cmake_export_include_directories-extras.cmake
[2.046s] -- Up-to-date: /home/maria/agri_ws/install/agri_interfaces/share/agri_interfaces/cmake/ament_cmake_export_libraries-extras.cmake
[2.046s] -- Up-to-date: /home/maria/agri_ws/install/agri_interfaces/share/agri_interfaces/cmake/ament_cmake_export_targets-extras.cmake
[2.047s] -- Up-to-date: /home/maria/agri_ws/install/agri_interfaces/share/agri_interfaces/cmake/rosidl_cmake_export_typesupport_targets-extras.cmake
[2.047s] -- Up-to-date: /home/maria/agri_ws/install/agri_interfaces/share/agri_interfaces/cmake/rosidl_cmake_export_typesupport_libraries-extras.cmake
[2.047s] -- Up-to-date: /home/maria/agri_ws/install/agri_interfaces/share/agri_interfaces/cmake/rosidl_cmake_aggregate_target-extras.cmake
[2.047s] -- Up-to-date: /home/maria/agri_ws/install/agri_interfaces/share/agri_interfaces/cmake/agri_interfacesConfig.cmake
[2.047s] -- Up-to-date: /home/maria/agri_ws/install/agri_interfaces/share/agri_interfaces/cmake/agri_interfacesConfig-version.cmake
[2.047s] -- Up-to-date: /home/maria/agri_ws/install/agri_interfaces/share/agri_interfaces/package.xml
[2.051s] Invoked command in '/home/maria/agri_ws/build/agri_interfaces' returned '0': CMAKE_PREFIX_PATH=${CMAKE_PREFIX_PATH}:/home/maria/agri_ws/install/agri_sensors:/home/maria/agri_ws/install/agri_orchestrator:/home/maria/agri_ws/install/agri_irrigation DEBUGINFOD_URLS=https://debuginfod.ubuntu.com /usr/bin/cmake --install /home/maria/agri_ws/build/agri_interfaces
