[8.487s] Invoking command in '/home/maria/agri_ws/build/agri_sensors': CMAKE_PREFIX_PATH=/home/maria/agri_ws/install/agri_interfaces:/home/maria/agri_ws/install/agri_simulation:/home/maria/ros2_lyrical/ros2-linux/opt/gz_math_vendor:/home/maria/ros2_lyrical/ros2-linux/opt/gz_utils_vendor:/home/maria/ros2_lyrical/ros2-linux/opt/gz_cmake_vendor:/home/maria/ros2_lyrical/ros2-linux:/opt/ros/lyrical/opt/gz_sim_vendor:/opt/ros/lyrical/opt/gz_sensors_vendor:/opt/ros/lyrical/opt/gz_gui_vendor:/opt/ros/lyrical/opt/gz_transport_vendor:/opt/ros/lyrical/opt/gz_physics_vendor:/opt/ros/lyrical/opt/sdformat_vendor:/opt/ros/lyrical/opt/gz_rendering_vendor:/opt/ros/lyrical/opt/gz_plugin_vendor:/opt/ros/lyrical/opt/gz_fuel_tools_vendor:/opt/ros/lyrical/opt/gz_msgs_vendor:/opt/ros/lyrical/opt/gz_common_vendor:/opt/ros/lyrical/opt/gz_math_vendor:/opt/ros/lyrical/opt/gz_utils_vendor:/opt/ros/lyrical/opt/gz_tools_vendor:/opt/ros/lyrical/opt/gz_ogre_next_vendor:/opt/ros/lyrical/opt/gz_dartsim_vendor:/opt/ros/lyrical/opt/gz_cmake_vendor DEBUGINFOD_URLS=https://debuginfod.ubuntu.com PYTHONPATH=/home/maria/agri_ws/build/agri_sensors/prefix_override:/usr/lib/python3/dist-packages/colcon_core/task/python/colcon_distutils_commands:/home/maria/agri_ws/install/agri_sensors/lib/python3.14/site-packages:/home/maria/agri_ws/install/agri_interfaces/lib/python3.14/site-packages:/home/maria/agri_ws/build/agri_sensors:/home/maria/agri_ws/install/agri_sensors/lib/python3.14/site-packages:/home/maria/agri_ws/build/agri_robot_control:/home/maria/agri_ws/install/agri_robot_control/lib/python3.14/site-packages:/home/maria/agri_ws/build/agri_orchestrator:/home/maria/agri_ws/install/agri_orchestrator/lib/python3.14/site-packages:/home/maria/agri_ws/install/agri_irrigation/lib/python3.14/site-packages:/home/maria/ros2_lyrical/ros2-linux/opt/gz_math_vendor/lib/python:/home/maria/ros2_lyrical/ros2-linux/lib/python3.14/site-packages:/opt/ros/lyrical/opt/gz_sim_vendor/lib/python:/opt/ros/lyrical/opt/gz_transport_vendor/lib/python:/opt/ros/lyrical/opt/sdformat_vendor/lib/python:/opt/ros/lyrical/opt/gz_msgs_vendor/lib/python:/opt/ros/lyrical/opt/gz_math_vendor/lib/python:/opt/ros/lyrical/lib/python3.14/site-packages /usr/bin/python3 -W ignore:setup.py install is deprecated -W ignore:easy_install command is deprecated setup.py develop --editable --build-directory /home/maria/agri_ws/build/agri_sensors/build --no-deps symlink_data
[10.495s] running develop
[11.726s] running egg_info
[11.849s] creating agri_sensors.egg-info
[11.851s] writing agri_sensors.egg-info/PKG-INFO
[11.853s] writing dependency_links to agri_sensors.egg-info/dependency_links.txt
[11.856s] writing entry points to agri_sensors.egg-info/entry_points.txt
[11.861s] writing requirements to agri_sensors.egg-info/requires.txt
[11.861s] writing top-level names to agri_sensors.egg-info/top_level.txt
[11.861s] writing manifest file 'agri_sensors.egg-info/SOURCES.txt'
[12.148s] reading manifest file 'agri_sensors.egg-info/SOURCES.txt'
[12.151s] writing manifest file 'agri_sensors.egg-info/SOURCES.txt'
[12.311s] running build_ext
[12.311s] Creating /home/maria/agri_ws/install/agri_sensors/lib/python3.14/site-packages/agri-sensors.egg-link (link to .)
[12.317s] Installing soil_sensor_node script to /home/maria/agri_ws/install/agri_sensors/lib/agri_sensors
[12.318s] 
[12.318s] Installed /home/maria/agri_ws/build/agri_sensors
[12.318s] running symlink_data
[12.318s] creating /home/maria/agri_ws/install/agri_sensors/share/ament_index/resource_index/packages
[12.318s] symbolically linking /home/maria/agri_ws/build/agri_sensors/resource/agri_sensors -> /home/maria/agri_ws/install/agri_sensors/share/ament_index/resource_index/packages
[12.319s] symbolically linking /home/maria/agri_ws/build/agri_sensors/package.xml -> /home/maria/agri_ws/install/agri_sensors/share/agri_sensors
[12.496s] Invoked command in '/home/maria/agri_ws/build/agri_sensors' returned '0': CMAKE_PREFIX_PATH=/home/maria/agri_ws/install/agri_interfaces:/home/maria/agri_ws/install/agri_simulation:/home/maria/ros2_lyrical/ros2-linux/opt/gz_math_vendor:/home/maria/ros2_lyrical/ros2-linux/opt/gz_utils_vendor:/home/maria/ros2_lyrical/ros2-linux/opt/gz_cmake_vendor:/home/maria/ros2_lyrical/ros2-linux:/opt/ros/lyrical/opt/gz_sim_vendor:/opt/ros/lyrical/opt/gz_sensors_vendor:/opt/ros/lyrical/opt/gz_gui_vendor:/opt/ros/lyrical/opt/gz_transport_vendor:/opt/ros/lyrical/opt/gz_physics_vendor:/opt/ros/lyrical/opt/sdformat_vendor:/opt/ros/lyrical/opt/gz_rendering_vendor:/opt/ros/lyrical/opt/gz_plugin_vendor:/opt/ros/lyrical/opt/gz_fuel_tools_vendor:/opt/ros/lyrical/opt/gz_msgs_vendor:/opt/ros/lyrical/opt/gz_common_vendor:/opt/ros/lyrical/opt/gz_math_vendor:/opt/ros/lyrical/opt/gz_utils_vendor:/opt/ros/lyrical/opt/gz_tools_vendor:/opt/ros/lyrical/opt/gz_ogre_next_vendor:/opt/ros/lyrical/opt/gz_dartsim_vendor:/opt/ros/lyrical/opt/gz_cmake_vendor DEBUGINFOD_URLS=https://debuginfod.ubuntu.com PYTHONPATH=/home/maria/agri_ws/build/agri_sensors/prefix_override:/usr/lib/python3/dist-packages/colcon_core/task/python/colcon_distutils_commands:/home/maria/agri_ws/install/agri_sensors/lib/python3.14/site-packages:/home/maria/agri_ws/install/agri_interfaces/lib/python3.14/site-packages:/home/maria/agri_ws/build/agri_sensors:/home/maria/agri_ws/install/agri_sensors/lib/python3.14/site-packages:/home/maria/agri_ws/build/agri_robot_control:/home/maria/agri_ws/install/agri_robot_control/lib/python3.14/site-packages:/home/maria/agri_ws/build/agri_orchestrator:/home/maria/agri_ws/install/agri_orchestrator/lib/python3.14/site-packages:/home/maria/agri_ws/install/agri_irrigation/lib/python3.14/site-packages:/home/maria/ros2_lyrical/ros2-linux/opt/gz_math_vendor/lib/python:/home/maria/ros2_lyrical/ros2-linux/lib/python3.14/site-packages:/opt/ros/lyrical/opt/gz_sim_vendor/lib/python:/opt/ros/lyrical/opt/gz_transport_vendor/lib/python:/opt/ros/lyrical/opt/sdformat_vendor/lib/python:/opt/ros/lyrical/opt/gz_msgs_vendor/lib/python:/opt/ros/lyrical/opt/gz_math_vendor/lib/python:/opt/ros/lyrical/lib/python3.14/site-packages /usr/bin/python3 -W ignore:setup.py install is deprecated -W ignore:easy_install command is deprecated setup.py develop --editable --build-directory /home/maria/agri_ws/build/agri_sensors/build --no-deps symlink_data
