[4.904s] Invoking command in '/home/maria/agri_ws/src/agri_irrigation': AMENT_PREFIX_PATH=/home/maria/agri_ws/install/agri_interfaces:${AMENT_PREFIX_PATH} CMAKE_PREFIX_PATH=/home/maria/agri_ws/install/agri_interfaces:${CMAKE_PREFIX_PATH} DEBUGINFOD_URLS=https://debuginfod.ubuntu.com LD_LIBRARY_PATH=/home/maria/agri_ws/install/agri_interfaces/lib:${LD_LIBRARY_PATH} PYTHONPATH=/home/maria/agri_ws/build/agri_irrigation/prefix_override:/usr/lib/python3/dist-packages/colcon_core/task/python/colcon_distutils_commands:/home/maria/agri_ws/install/agri_irrigation/lib/python3.14/site-packages:/home/maria/agri_ws/install/agri_interfaces/lib/python3.14/site-packages:${PYTHONPATH} /usr/bin/python3 -W ignore:setup.py install is deprecated -W ignore:easy_install command is deprecated setup.py egg_info --egg-base ../../build/agri_irrigation build --build-base /home/maria/agri_ws/build/agri_irrigation/build install --record /home/maria/agri_ws/build/agri_irrigation/install.log --install-scripts $base/lib/agri_irrigation --single-version-externally-managed install_data
[6.266s] running egg_info
[6.334s] writing ../../build/agri_irrigation/agri_irrigation.egg-info/PKG-INFO
[6.336s] writing dependency_links to ../../build/agri_irrigation/agri_irrigation.egg-info/dependency_links.txt
[6.336s] writing entry points to ../../build/agri_irrigation/agri_irrigation.egg-info/entry_points.txt
[6.337s] writing requirements to ../../build/agri_irrigation/agri_irrigation.egg-info/requires.txt
[6.338s] writing top-level names to ../../build/agri_irrigation/agri_irrigation.egg-info/top_level.txt
[6.490s] reading manifest file '../../build/agri_irrigation/agri_irrigation.egg-info/SOURCES.txt'
[6.499s] writing manifest file '../../build/agri_irrigation/agri_irrigation.egg-info/SOURCES.txt'
[6.499s] running build
[6.499s] running build_py
[6.501s] copying agri_irrigation/__init__.py -> /home/maria/agri_ws/build/agri_irrigation/build/lib/agri_irrigation
[6.502s] copying agri_irrigation/irrigation_valve_node.py -> /home/maria/agri_ws/build/agri_irrigation/build/lib/agri_irrigation
[6.503s] copying agri_irrigation/py.typed -> /home/maria/agri_ws/build/agri_irrigation/build/lib/agri_irrigation
[6.503s] running install
[6.520s] running install_lib
[6.593s] running install_data
[6.593s] copying resource/agri_irrigation -> /home/maria/agri_ws/install/agri_irrigation/share/ament_index/resource_index/packages
[6.594s] copying package.xml -> /home/maria/agri_ws/install/agri_irrigation/share/agri_irrigation
[6.595s] running install_egg_info
[6.664s] removing '/home/maria/agri_ws/install/agri_irrigation/lib/python3.14/site-packages/agri_irrigation-0.0.0-py3.14.egg-info' (and everything under it)
[6.668s] Copying ../../build/agri_irrigation/agri_irrigation.egg-info to /home/maria/agri_ws/install/agri_irrigation/lib/python3.14/site-packages/agri_irrigation-0.0.0-py3.14.egg-info
[6.671s] running install_scripts
[7.011s] Installing irrigation_valve_node script to /home/maria/agri_ws/install/agri_irrigation/lib/agri_irrigation
[7.011s] writing list of installed files to '/home/maria/agri_ws/build/agri_irrigation/install.log'
[7.086s] Invoked command in '/home/maria/agri_ws/src/agri_irrigation' returned '0': AMENT_PREFIX_PATH=/home/maria/agri_ws/install/agri_interfaces:${AMENT_PREFIX_PATH} CMAKE_PREFIX_PATH=/home/maria/agri_ws/install/agri_interfaces:${CMAKE_PREFIX_PATH} DEBUGINFOD_URLS=https://debuginfod.ubuntu.com LD_LIBRARY_PATH=/home/maria/agri_ws/install/agri_interfaces/lib:${LD_LIBRARY_PATH} PYTHONPATH=/home/maria/agri_ws/build/agri_irrigation/prefix_override:/usr/lib/python3/dist-packages/colcon_core/task/python/colcon_distutils_commands:/home/maria/agri_ws/install/agri_irrigation/lib/python3.14/site-packages:/home/maria/agri_ws/install/agri_interfaces/lib/python3.14/site-packages:${PYTHONPATH} /usr/bin/python3 -W ignore:setup.py install is deprecated -W ignore:easy_install command is deprecated setup.py egg_info --egg-base ../../build/agri_irrigation build --build-base /home/maria/agri_ws/build/agri_irrigation/build install --record /home/maria/agri_ws/build/agri_irrigation/install.log --install-scripts $base/lib/agri_irrigation --single-version-externally-managed install_data
