[0.039s] Invoking command in '/home/maria/agri_ws/build/agri_interfaces': CMAKE_PREFIX_PATH=${CMAKE_PREFIX_PATH}:/home/maria/agri_ws/install/agri_robot_control:/opt/ros/lyrical:/home/maria/agri_ws/install/agri_sensors:/home/maria/agri_ws/install/agri_orchestrator:/home/maria/agri_ws/install/agri_irrigation DEBUGINFOD_URLS=https://debuginfod.ubuntu.com /usr/bin/cmake /home/maria/agri_ws/src/agri_interfaces -DCMAKE_INSTALL_PREFIX=/home/maria/agri_ws/install/agri_interfaces
[0.260s] -- The C compiler identification is GNU 15.2.0
[0.450s] -- The CXX compiler identification is GNU 15.2.0
[0.490s] -- Detecting C compiler ABI info
[0.729s] -- Detecting C compiler ABI info - done
[0.776s] -- Check for working C compiler: /usr/bin/cc - skipped
[0.778s] -- Detecting C compile features
[0.780s] -- Detecting C compile features - done
[0.836s] -- Detecting CXX compiler ABI info
[1.031s] -- Detecting CXX compiler ABI info - done
[1.077s] -- Check for working CXX compiler: /usr/bin/c++ - skipped
[1.078s] -- Detecting CXX compile features
[1.078s] -- Detecting CXX compile features - done
[1.121s] -- Found ament_cmake: 2.8.8 (/home/maria/ros2_lyrical/ros2-linux/share/ament_cmake/cmake)
[2.374s] -- Found rosidl_default_generators: 1.8.1 (/home/maria/ros2_lyrical/ros2-linux/share/rosidl_default_generators/cmake)
[2.403s] -- Using all available rosidl_typesupport_c: rosidl_typesupport_fastrtps_c;rosidl_typesupport_introspection_c
[2.575s] -- Using all available rosidl_typesupport_cpp: rosidl_typesupport_fastrtps_cpp;rosidl_typesupport_introspection_cpp
[2.752s] -- Found rosidl_adapter: 5.2.1 (/home/maria/ros2_lyrical/ros2-linux/share/rosidl_adapter/cmake)
[2.778s] -- Found builtin_interfaces: 2.4.5 (/home/maria/ros2_lyrical/ros2-linux/share/builtin_interfaces/cmake)
[3.076s] -- Found Python3: /usr/bin/python3 (found version "3.14.4") found components: Interpreter
[4.750s] -- Using all available rosidl_typesupport_c: rosidl_typesupport_fastrtps_c;rosidl_typesupport_introspection_c
[5.741s] -- Using all available rosidl_typesupport_cpp: rosidl_typesupport_fastrtps_cpp;rosidl_typesupport_introspection_cpp
[6.576s] -- Found Python3: /usr/bin/python3 (found version "3.14.4") found components: Interpreter Development NumPy Development.Module Development.Embed
[6.686s] -- Found Python3: /usr/bin/python3 (found version "3.14.4") found components: Interpreter
[6.693s] -- Found ament_lint_auto: 0.20.6 (/home/maria/ros2_lyrical/ros2-linux/share/ament_lint_auto/cmake)
[6.796s] -- Added test 'flake8' to check Python code syntax and style conventions
[6.797s] -- Configured 'flake8' exclude dirs and/or files: 
[6.800s] -- Added test 'lint_cmake' to check CMake code style
[6.805s] -- Added test 'pep257' to check Python code against some of the docstring style conventions in PEP 257
[6.812s] -- Added test 'xmllint' to check XML markup files
[6.823s] -- Configuring done (6.7s)
[6.913s] -- Generating done (0.1s)
[6.950s] -- Build files have been written to: /home/maria/agri_ws/build/agri_interfaces
[6.971s] Invoked command in '/home/maria/agri_ws/build/agri_interfaces' returned '0': CMAKE_PREFIX_PATH=${CMAKE_PREFIX_PATH}:/home/maria/agri_ws/install/agri_robot_control:/opt/ros/lyrical:/home/maria/agri_ws/install/agri_sensors:/home/maria/agri_ws/install/agri_orchestrator:/home/maria/agri_ws/install/agri_irrigation DEBUGINFOD_URLS=https://debuginfod.ubuntu.com /usr/bin/cmake /home/maria/agri_ws/src/agri_interfaces -DCMAKE_INSTALL_PREFIX=/home/maria/agri_ws/install/agri_interfaces
[6.971s] Invoking command in '/home/maria/agri_ws/build/agri_interfaces': CMAKE_PREFIX_PATH=${CMAKE_PREFIX_PATH}:/home/maria/agri_ws/install/agri_robot_control:/opt/ros/lyrical:/home/maria/agri_ws/install/agri_sensors:/home/maria/agri_ws/install/agri_orchestrator:/home/maria/agri_ws/install/agri_irrigation DEBUGINFOD_URLS=https://debuginfod.ubuntu.com /usr/bin/cmake --build /home/maria/agri_ws/build/agri_interfaces -- -j4 -l4
[7.079s] [  3%] [1m[34mGenerating type hashes for ROS interfaces[0m
[7.080s] [  3%] [1m[34mGenerating Rust code for ROS interfaces[0m
[7.742s] [  3%] Built target agri_interfaces__rosidl_generator_type_description
[7.768s] [  4%] [1m[34mGenerating C code for ROS interfaces[0m
[7.789s] [  6%] [1m[34mGenerating C++ code for ROS interfaces[0m
[7.873s] [  6%] Built target agri_interfaces__rs
[9.026s] [  6%] Built target agri_interfaces__cpp
[9.369s] [  7%] [32mBuilding C object CMakeFiles/agri_interfaces__rosidl_generator_c.dir/rosidl_generator_c/agri_interfaces/msg/detail/soil_moisture__description.c.o[0m
[9.390s] [  9%] [32mBuilding C object CMakeFiles/agri_interfaces__rosidl_generator_c.dir/rosidl_generator_c/agri_interfaces/msg/detail/irrigation_command__description.c.o[0m
[9.409s] [ 10%] [32mBuilding C object CMakeFiles/agri_interfaces__rosidl_generator_c.dir/rosidl_generator_c/agri_interfaces/msg/detail/soil_moisture__type_support.c.o[0m
[9.476s] [ 12%] [32mBuilding C object CMakeFiles/agri_interfaces__rosidl_generator_c.dir/rosidl_generator_c/agri_interfaces/msg/detail/soil_moisture__functions.c.o[0m
[9.480s] [ 13%] [32mBuilding C object CMakeFiles/agri_interfaces__rosidl_generator_c.dir/rosidl_generator_c/agri_interfaces/msg/detail/irrigation_command__functions.c.o[0m
[9.490s] [ 15%] [32mBuilding C object CMakeFiles/agri_interfaces__rosidl_generator_c.dir/rosidl_generator_c/agri_interfaces/msg/detail/irrigation_command__type_support.c.o[0m
[9.588s] [ 16%] [32mBuilding C object CMakeFiles/agri_interfaces__rosidl_generator_c.dir/rosidl_generator_c/agri_interfaces/msg/detail/irrigation_state__type_support.c.o[0m
[9.590s] [ 18%] [32mBuilding C object CMakeFiles/agri_interfaces__rosidl_generator_c.dir/rosidl_generator_c/agri_interfaces/msg/detail/irrigation_state__description.c.o[0m
[9.591s] [ 20%] [32mBuilding C object CMakeFiles/agri_interfaces__rosidl_generator_c.dir/rosidl_generator_c/agri_interfaces/msg/detail/irrigation_state__functions.c.o[0m
[9.649s] [ 21%] [32mBuilding C object CMakeFiles/agri_interfaces__rosidl_generator_c.dir/rosidl_generator_c/agri_interfaces/msg/detail/robot_command__description.c.o[0m
[9.672s] [ 23%] [32mBuilding C object CMakeFiles/agri_interfaces__rosidl_generator_c.dir/rosidl_generator_c/agri_interfaces/msg/detail/robot_command__functions.c.o[0m
[9.703s] [ 24%] [32mBuilding C object CMakeFiles/agri_interfaces__rosidl_generator_c.dir/rosidl_generator_c/agri_interfaces/msg/detail/robot_command__type_support.c.o[0m
[9.776s] [ 26%] [1m[32mLinking C shared library libagri_interfaces__rosidl_generator_c.so[0m
[9.855s] [ 26%] Built target agri_interfaces__rosidl_generator_c
[9.877s] [ 29%] [1m[34mGenerating C introspection for ROS interfaces[0m
[9.877s] [ 29%] [1m[34mGenerating C type support for eProsima Fast-RTPS[0m
[9.877s] [ 30%] [1m[34mGenerating C type support dispatch for ROS interfaces[0m
[9.885s] [ 32%] [1m[34mGenerating C++ type support for eProsima Fast-RTPS[0m
[11.494s] [ 33%] [32mBuilding CXX object CMakeFiles/agri_interfaces__rosidl_typesupport_c.dir/rosidl_typesupport_c/agri_interfaces/msg/soil_moisture__type_support.cpp.o[0m
[11.708s] [ 35%] [32mBuilding C object CMakeFiles/agri_interfaces__rosidl_typesupport_introspection_c.dir/rosidl_typesupport_introspection_c/agri_interfaces/msg/detail/soil_moisture__type_support.c.o[0m
[11.722s] [ 36%] [32mBuilding CXX object CMakeFiles/agri_interfaces__rosidl_typesupport_c.dir/rosidl_typesupport_c/agri_interfaces/msg/irrigation_command__type_support.cpp.o[0m
[11.904s] [ 38%] [32mBuilding CXX object CMakeFiles/agri_interfaces__rosidl_typesupport_c.dir/rosidl_typesupport_c/agri_interfaces/msg/irrigation_state__type_support.cpp.o[0m
[11.974s] [ 40%] [32mBuilding C object CMakeFiles/agri_interfaces__rosidl_typesupport_introspection_c.dir/rosidl_typesupport_introspection_c/agri_interfaces/msg/detail/irrigation_command__type_support.c.o[0m
[12.034s] [ 41%] [32mBuilding CXX object CMakeFiles/agri_interfaces__rosidl_typesupport_c.dir/rosidl_typesupport_c/agri_interfaces/msg/robot_command__type_support.cpp.o[0m
[12.116s] [ 43%] [32mBuilding C object CMakeFiles/agri_interfaces__rosidl_typesupport_introspection_c.dir/rosidl_typesupport_introspection_c/agri_interfaces/msg/detail/irrigation_state__type_support.c.o[0m
[12.211s] [ 44%] [1m[32mLinking CXX shared library libagri_interfaces__rosidl_typesupport_c.so[0m
[12.264s] [ 46%] [32mBuilding C object CMakeFiles/agri_interfaces__rosidl_typesupport_introspection_c.dir/rosidl_typesupport_introspection_c/agri_interfaces/msg/detail/robot_command__type_support.c.o[0m
[12.300s] [ 47%] [32mBuilding CXX object CMakeFiles/agri_interfaces__rosidl_typesupport_fastrtps_cpp.dir/rosidl_typesupport_fastrtps_cpp/agri_interfaces/msg/detail/dds_fastrtps/soil_moisture__type_support.cpp.o[0m
[12.357s] [ 47%] Built target agri_interfaces__rosidl_typesupport_c
[12.388s] [ 49%] [1m[32mLinking C shared library libagri_interfaces__rosidl_typesupport_introspection_c.so[0m
[12.525s] [ 49%] Built target agri_interfaces__rosidl_typesupport_introspection_c
[12.768s] [ 50%] [32mBuilding CXX object CMakeFiles/agri_interfaces__rosidl_typesupport_fastrtps_c.dir/rosidl_typesupport_fastrtps_c/agri_interfaces/msg/detail/soil_moisture__type_support_c.cpp.o[0m
[14.208s] [ 52%] [32mBuilding CXX object CMakeFiles/agri_interfaces__rosidl_typesupport_fastrtps_cpp.dir/rosidl_typesupport_fastrtps_cpp/agri_interfaces/msg/detail/dds_fastrtps/irrigation_command__type_support.cpp.o[0m
[14.242s] [ 53%] [32mBuilding CXX object CMakeFiles/agri_interfaces__rosidl_typesupport_fastrtps_c.dir/rosidl_typesupport_fastrtps_c/agri_interfaces/msg/detail/irrigation_command__type_support_c.cpp.o[0m
[16.143s] [ 55%] [32mBuilding CXX object CMakeFiles/agri_interfaces__rosidl_typesupport_fastrtps_c.dir/rosidl_typesupport_fastrtps_c/agri_interfaces/msg/detail/irrigation_state__type_support_c.cpp.o[0m
[16.228s] [ 56%] [32mBuilding CXX object CMakeFiles/agri_interfaces__rosidl_typesupport_fastrtps_cpp.dir/rosidl_typesupport_fastrtps_cpp/agri_interfaces/msg/detail/dds_fastrtps/irrigation_state__type_support.cpp.o[0m
[17.662s] [ 58%] [32mBuilding CXX object CMakeFiles/agri_interfaces__rosidl_typesupport_fastrtps_c.dir/rosidl_typesupport_fastrtps_c/agri_interfaces/msg/detail/robot_command__type_support_c.cpp.o[0m
[17.887s] [ 60%] [32mBuilding CXX object CMakeFiles/agri_interfaces__rosidl_typesupport_fastrtps_cpp.dir/rosidl_typesupport_fastrtps_cpp/agri_interfaces/msg/detail/dds_fastrtps/robot_command__type_support.cpp.o[0m
[19.309s] [ 61%] [1m[32mLinking CXX shared library libagri_interfaces__rosidl_typesupport_fastrtps_c.so[0m
[19.520s] [ 61%] Built target agri_interfaces__rosidl_typesupport_fastrtps_c
[19.548s] [ 63%] [1m[34mGenerating C++ type support dispatch for ROS interfaces[0m
[19.657s] [ 64%] [1m[32mLinking CXX shared library libagri_interfaces__rosidl_typesupport_fastrtps_cpp.so[0m
[19.858s] [ 64%] Built target agri_interfaces__rosidl_typesupport_fastrtps_cpp
[20.533s] [ 67%] [32mBuilding CXX object CMakeFiles/agri_interfaces__rosidl_typesupport_cpp.dir/rosidl_typesupport_cpp/agri_interfaces/msg/irrigation_state__type_support.cpp.o[0m
[20.535s] [ 67%] [32mBuilding CXX object CMakeFiles/agri_interfaces__rosidl_typesupport_cpp.dir/rosidl_typesupport_cpp/agri_interfaces/msg/soil_moisture__type_support.cpp.o[0m
[20.549s] [ 69%] [32mBuilding CXX object CMakeFiles/agri_interfaces__rosidl_typesupport_cpp.dir/rosidl_typesupport_cpp/agri_interfaces/msg/irrigation_command__type_support.cpp.o[0m
[21.738s] [ 70%] [32mBuilding CXX object CMakeFiles/agri_interfaces__rosidl_typesupport_cpp.dir/rosidl_typesupport_cpp/agri_interfaces/msg/robot_command__type_support.cpp.o[0m
[22.791s] [ 72%] [1m[32mLinking CXX shared library libagri_interfaces__rosidl_typesupport_cpp.so[0m
[22.880s] [ 72%] Built target agri_interfaces__rosidl_typesupport_cpp
[22.902s] [ 73%] [1m[34mGenerating C++ introspection for ROS interfaces[0m
[23.941s] [ 76%] [32mBuilding CXX object CMakeFiles/agri_interfaces__rosidl_typesupport_introspection_cpp.dir/rosidl_typesupport_introspection_cpp/agri_interfaces/msg/detail/soil_moisture__type_support.cpp.o[0m
[23.941s] [ 78%] [32mBuilding CXX object CMakeFiles/agri_interfaces__rosidl_typesupport_introspection_cpp.dir/rosidl_typesupport_introspection_cpp/agri_interfaces/msg/detail/irrigation_command__type_support.cpp.o[0m
[23.942s] [ 78%] [32mBuilding CXX object CMakeFiles/agri_interfaces__rosidl_typesupport_introspection_cpp.dir/rosidl_typesupport_introspection_cpp/agri_interfaces/msg/detail/irrigation_state__type_support.cpp.o[0m
[25.294s] [ 80%] [32mBuilding CXX object CMakeFiles/agri_interfaces__rosidl_typesupport_introspection_cpp.dir/rosidl_typesupport_introspection_cpp/agri_interfaces/msg/detail/robot_command__type_support.cpp.o[0m
[26.303s] [ 81%] [1m[32mLinking CXX shared library libagri_interfaces__rosidl_typesupport_introspection_cpp.so[0m
[26.438s] [ 81%] Built target agri_interfaces__rosidl_typesupport_introspection_cpp
[26.489s] [ 81%] Built target agri_interfaces
[26.536s] [ 83%] [1m[34mGenerating Python code for ROS interfaces[0m
[28.848s] [ 83%] Built target agri_interfaces__py
[28.899s] [ 84%] [32mBuilding C object CMakeFiles/agri_interfaces__rosidl_generator_py.dir/rosidl_generator_py/agri_interfaces/msg/_soil_moisture_s.c.o[0m
[28.899s] [ 86%] [32mBuilding C object CMakeFiles/agri_interfaces__rosidl_generator_py.dir/rosidl_generator_py/agri_interfaces/msg/_irrigation_command_s.c.o[0m
[29.279s] [ 89%] [32mBuilding C object CMakeFiles/agri_interfaces__rosidl_generator_py.dir/rosidl_generator_py/agri_interfaces/msg/_robot_command_s.c.o[0m
[29.280s] [ 89%] [32mBuilding C object CMakeFiles/agri_interfaces__rosidl_generator_py.dir/rosidl_generator_py/agri_interfaces/msg/_irrigation_state_s.c.o[0m
[29.614s] [ 90%] [1m[32mLinking C shared library libagri_interfaces__rosidl_generator_py.so[0m
[29.738s] [ 90%] Built target agri_interfaces__rosidl_generator_py
[29.819s] [ 90%] Built target ament_cmake_python_sync_agri_interfaces
[29.865s] [ 92%] [32mBuilding C object CMakeFiles/agri_interfaces_s__rosidl_typesupport_c.dir/rosidl_generator_py/agri_interfaces/_agri_interfaces_s.ep.rosidl_typesupport_c.c.o[0m
[30.159s] [ 93%] [1m[32mLinking C shared module rosidl_generator_py/agri_interfaces/agri_interfaces_s__rosidl_typesupport_c.so[0m
[30.245s] [ 93%] Built target agri_interfaces_s__rosidl_typesupport_c
[30.291s] [ 95%] [32mBuilding C object CMakeFiles/agri_interfaces_s__rosidl_typesupport_introspection_c.dir/rosidl_generator_py/agri_interfaces/_agri_interfaces_s.ep.rosidl_typesupport_introspection_c.c.o[0m
[30.604s] [ 96%] [1m[32mLinking C shared module rosidl_generator_py/agri_interfaces/agri_interfaces_s__rosidl_typesupport_introspection_c.so[0m
[30.694s] [ 96%] Built target agri_interfaces_s__rosidl_typesupport_introspection_c
[31.131s] running egg_info
[31.219s] creating agri_interfaces.egg-info
[31.219s] writing agri_interfaces.egg-info/PKG-INFO
[31.223s] writing dependency_links to agri_interfaces.egg-info/dependency_links.txt
[31.224s] writing top-level names to agri_interfaces.egg-info/top_level.txt
[31.224s] writing manifest file 'agri_interfaces.egg-info/SOURCES.txt'
[31.481s] reading manifest file 'agri_interfaces.egg-info/SOURCES.txt'
[31.483s] writing manifest file 'agri_interfaces.egg-info/SOURCES.txt'
[31.558s] [ 96%] Built target ament_cmake_python_build_agri_interfaces_egg
[31.603s] [ 98%] [32mBuilding C object CMakeFiles/agri_interfaces_s__rosidl_typesupport_fastrtps_c.dir/rosidl_generator_py/agri_interfaces/_agri_interfaces_s.ep.rosidl_typesupport_fastrtps_c.c.o[0m
[31.855s] [100%] [1m[32mLinking C shared module rosidl_generator_py/agri_interfaces/agri_interfaces_s__rosidl_typesupport_fastrtps_c.so[0m
[31.934s] [100%] Built target agri_interfaces_s__rosidl_typesupport_fastrtps_c
[31.965s] Invoked command in '/home/maria/agri_ws/build/agri_interfaces' returned '0': CMAKE_PREFIX_PATH=${CMAKE_PREFIX_PATH}:/home/maria/agri_ws/install/agri_robot_control:/opt/ros/lyrical:/home/maria/agri_ws/install/agri_sensors:/home/maria/agri_ws/install/agri_orchestrator:/home/maria/agri_ws/install/agri_irrigation DEBUGINFOD_URLS=https://debuginfod.ubuntu.com /usr/bin/cmake --build /home/maria/agri_ws/build/agri_interfaces -- -j4 -l4
[31.987s] Invoking command in '/home/maria/agri_ws/build/agri_interfaces': CMAKE_PREFIX_PATH=${CMAKE_PREFIX_PATH}:/home/maria/agri_ws/install/agri_robot_control:/opt/ros/lyrical:/home/maria/agri_ws/install/agri_sensors:/home/maria/agri_ws/install/agri_orchestrator:/home/maria/agri_ws/install/agri_irrigation DEBUGINFOD_URLS=https://debuginfod.ubuntu.com /usr/bin/cmake --install /home/maria/agri_ws/build/agri_interfaces
[32.009s] -- Install configuration: ""
[32.010s] -- Installing: /home/maria/agri_ws/install/agri_interfaces/share/ament_index/resource_index/rosidl_interfaces/agri_interfaces
[32.010s] -- Installing: /home/maria/agri_ws/install/agri_interfaces/share/agri_interfaces/msg/SoilMoisture.json
[32.011s] -- Installing: /home/maria/agri_ws/install/agri_interfaces/share/agri_interfaces/msg/IrrigationCommand.json
[32.011s] -- Installing: /home/maria/agri_ws/install/agri_interfaces/share/agri_interfaces/msg/IrrigationState.json
[32.012s] -- Installing: /home/maria/agri_ws/install/agri_interfaces/share/agri_interfaces/msg/RobotCommand.json
[32.012s] -- Installing: /home/maria/agri_ws/install/agri_interfaces/include/agri_interfaces/agri_interfaces
[32.012s] -- Installing: /home/maria/agri_ws/install/agri_interfaces/include/agri_interfaces/agri_interfaces/msg
[32.013s] -- Installing: /home/maria/agri_ws/install/agri_interfaces/include/agri_interfaces/agri_interfaces/msg/detail
[32.013s] -- Installing: /home/maria/agri_ws/install/agri_interfaces/include/agri_interfaces/agri_interfaces/msg/detail/robot_command__description.c
[32.014s] -- Installing: /home/maria/agri_ws/install/agri_interfaces/include/agri_interfaces/agri_interfaces/msg/detail/robot_command__struct.h
[32.015s] -- Installing: /home/maria/agri_ws/install/agri_interfaces/include/agri_interfaces/agri_interfaces/msg/detail/irrigation_state__description.c
[32.015s] -- Installing: /home/maria/agri_ws/install/agri_interfaces/include/agri_interfaces/agri_interfaces/msg/detail/irrigation_state__struct.h
[32.016s] -- Installing: /home/maria/agri_ws/install/agri_interfaces/include/agri_interfaces/agri_interfaces/msg/detail/robot_command__functions.c
[32.016s] -- Installing: /home/maria/agri_ws/install/agri_interfaces/include/agri_interfaces/agri_interfaces/msg/detail/irrigation_command__functions.h
[32.018s] -- Installing: /home/maria/agri_ws/install/agri_interfaces/include/agri_interfaces/agri_interfaces/msg/detail/irrigation_state__type_support.c
[32.019s] -- Installing: /home/maria/agri_ws/install/agri_interfaces/include/agri_interfaces/agri_interfaces/msg/detail/soil_moisture__description.c
[32.020s] -- Installing: /home/maria/agri_ws/install/agri_interfaces/include/agri_interfaces/agri_interfaces/msg/detail/robot_command__type_support.h
[32.020s] -- Installing: /home/maria/agri_ws/install/agri_interfaces/include/agri_interfaces/agri_interfaces/msg/detail/robot_command__type_support.c
[32.020s] -- Installing: /home/maria/agri_ws/install/agri_interfaces/include/agri_interfaces/agri_interfaces/msg/detail/soil_moisture__functions.h
[32.021s] -- Installing: /home/maria/agri_ws/install/agri_interfaces/include/agri_interfaces/agri_interfaces/msg/detail/irrigation_command__type_support.c
[32.021s] -- Installing: /home/maria/agri_ws/install/agri_interfaces/include/agri_interfaces/agri_interfaces/msg/detail/irrigation_command__description.c
[32.021s] -- Installing: /home/maria/agri_ws/install/agri_interfaces/include/agri_interfaces/agri_interfaces/msg/detail/robot_command__functions.h
[32.021s] -- Installing: /home/maria/agri_ws/install/agri_interfaces/include/agri_interfaces/agri_interfaces/msg/detail/irrigation_state__type_support.h
[32.022s] -- Installing: /home/maria/agri_ws/install/agri_interfaces/include/agri_interfaces/agri_interfaces/msg/detail/irrigation_command__type_support.h
[32.022s] -- Installing: /home/maria/agri_ws/install/agri_interfaces/include/agri_interfaces/agri_interfaces/msg/detail/soil_moisture__type_support.h
[32.022s] -- Installing: /home/maria/agri_ws/install/agri_interfaces/include/agri_interfaces/agri_interfaces/msg/detail/soil_moisture__struct.h
[32.022s] -- Installing: /home/maria/agri_ws/install/agri_interfaces/include/agri_interfaces/agri_interfaces/msg/detail/soil_moisture__functions.c
[32.022s] -- Installing: /home/maria/agri_ws/install/agri_interfaces/include/agri_interfaces/agri_interfaces/msg/detail/irrigation_state__functions.c
[32.023s] -- Installing: /home/maria/agri_ws/install/agri_interfaces/include/agri_interfaces/agri_interfaces/msg/detail/irrigation_command__struct.h
[32.023s] -- Installing: /home/maria/agri_ws/install/agri_interfaces/include/agri_interfaces/agri_interfaces/msg/detail/irrigation_state__functions.h
[32.023s] -- Installing: /home/maria/agri_ws/install/agri_interfaces/include/agri_interfaces/agri_interfaces/msg/detail/soil_moisture__type_support.c
[32.023s] -- Installing: /home/maria/agri_ws/install/agri_interfaces/include/agri_interfaces/agri_interfaces/msg/detail/irrigation_command__functions.c
[32.023s] -- Installing: /home/maria/agri_ws/install/agri_interfaces/include/agri_interfaces/agri_interfaces/msg/irrigation_command.h
[32.023s] -- Installing: /home/maria/agri_ws/install/agri_interfaces/include/agri_interfaces/agri_interfaces/msg/rosidl_generator_c__visibility_control.h
[32.024s] -- Installing: /home/maria/agri_ws/install/agri_interfaces/include/agri_interfaces/agri_interfaces/msg/robot_command.h
[32.024s] -- Installing: /home/maria/agri_ws/install/agri_interfaces/include/agri_interfaces/agri_interfaces/msg/irrigation_state.h
[32.024s] -- Installing: /home/maria/agri_ws/install/agri_interfaces/include/agri_interfaces/agri_interfaces/msg/soil_moisture.h
[32.025s] -- Installing: /home/maria/agri_ws/install/agri_interfaces/share/agri_interfaces/environment/library_path.sh
[32.025s] -- Installing: /home/maria/agri_ws/install/agri_interfaces/share/agri_interfaces/environment/library_path.dsv
[32.025s] -- Installing: /home/maria/agri_ws/install/agri_interfaces/lib/libagri_interfaces__rosidl_generator_c.so
[32.028s] -- Set non-toolchain portion of runtime path of "/home/maria/agri_ws/install/agri_interfaces/lib/libagri_interfaces__rosidl_generator_c.so" to ""
[32.028s] -- Up-to-date: /home/maria/agri_ws/install/agri_interfaces/include/agri_interfaces/agri_interfaces
[32.029s] -- Up-to-date: /home/maria/agri_ws/install/agri_interfaces/include/agri_interfaces/agri_interfaces/msg
[32.029s] -- Up-to-date: /home/maria/agri_ws/install/agri_interfaces/include/agri_interfaces/agri_interfaces/msg/detail
[32.029s] -- Installing: /home/maria/agri_ws/install/agri_interfaces/include/agri_interfaces/agri_interfaces/msg/detail/robot_command__rosidl_typesupport_fastrtps_c.h
[32.029s] -- Installing: /home/maria/agri_ws/install/agri_interfaces/include/agri_interfaces/agri_interfaces/msg/detail/irrigation_state__rosidl_typesupport_fastrtps_c.h
[32.030s] -- Installing: /home/maria/agri_ws/install/agri_interfaces/include/agri_interfaces/agri_interfaces/msg/detail/soil_moisture__rosidl_typesupport_fastrtps_c.h
[32.030s] -- Installing: /home/maria/agri_ws/install/agri_interfaces/include/agri_interfaces/agri_interfaces/msg/detail/irrigation_command__rosidl_typesupport_fastrtps_c.h
[32.030s] -- Installing: /home/maria/agri_ws/install/agri_interfaces/include/agri_interfaces/agri_interfaces/msg/rosidl_typesupport_fastrtps_c__visibility_control.h
[32.030s] -- Installing: /home/maria/agri_ws/install/agri_interfaces/lib/libagri_interfaces__rosidl_typesupport_fastrtps_c.so
[32.031s] -- Set non-toolchain portion of runtime path of "/home/maria/agri_ws/install/agri_interfaces/lib/libagri_interfaces__rosidl_typesupport_fastrtps_c.so" to ""
[32.032s] -- Up-to-date: /home/maria/agri_ws/install/agri_interfaces/include/agri_interfaces/agri_interfaces
[32.032s] -- Up-to-date: /home/maria/agri_ws/install/agri_interfaces/include/agri_interfaces/agri_interfaces/msg
[32.032s] -- Up-to-date: /home/maria/agri_ws/install/agri_interfaces/include/agri_interfaces/agri_interfaces/msg/detail
[32.033s] -- Installing: /home/maria/agri_ws/install/agri_interfaces/include/agri_interfaces/agri_interfaces/msg/detail/irrigation_state__rosidl_typesupport_introspection_c.h
[32.033s] -- Installing: /home/maria/agri_ws/install/agri_interfaces/include/agri_interfaces/agri_interfaces/msg/detail/soil_moisture__rosidl_typesupport_introspection_c.h
[32.033s] -- Installing: /home/maria/agri_ws/install/agri_interfaces/include/agri_interfaces/agri_interfaces/msg/detail/irrigation_state__type_support.c
[32.033s] -- Installing: /home/maria/agri_ws/install/agri_interfaces/include/agri_interfaces/agri_interfaces/msg/detail/robot_command__type_support.c
[32.034s] -- Installing: /home/maria/agri_ws/install/agri_interfaces/include/agri_interfaces/agri_interfaces/msg/detail/irrigation_command__type_support.c
[32.034s] -- Installing: /home/maria/agri_ws/install/agri_interfaces/include/agri_interfaces/agri_interfaces/msg/detail/robot_command__rosidl_typesupport_introspection_c.h
[32.034s] -- Installing: /home/maria/agri_ws/install/agri_interfaces/include/agri_interfaces/agri_interfaces/msg/detail/irrigation_command__rosidl_typesupport_introspection_c.h
[32.034s] -- Installing: /home/maria/agri_ws/install/agri_interfaces/include/agri_interfaces/agri_interfaces/msg/detail/soil_moisture__type_support.c
[32.035s] -- Installing: /home/maria/agri_ws/install/agri_interfaces/include/agri_interfaces/agri_interfaces/msg/rosidl_typesupport_introspection_c__visibility_control.h
[32.035s] -- Installing: /home/maria/agri_ws/install/agri_interfaces/lib/libagri_interfaces__rosidl_typesupport_introspection_c.so
[32.037s] -- Set non-toolchain portion of runtime path of "/home/maria/agri_ws/install/agri_interfaces/lib/libagri_interfaces__rosidl_typesupport_introspection_c.so" to ""
[32.037s] -- Installing: /home/maria/agri_ws/install/agri_interfaces/lib/libagri_interfaces__rosidl_typesupport_c.so
[32.037s] -- Set non-toolchain portion of runtime path of "/home/maria/agri_ws/install/agri_interfaces/lib/libagri_interfaces__rosidl_typesupport_c.so" to ""
[32.037s] -- Up-to-date: /home/maria/agri_ws/install/agri_interfaces/include/agri_interfaces/agri_interfaces
[32.038s] -- Up-to-date: /home/maria/agri_ws/install/agri_interfaces/include/agri_interfaces/agri_interfaces/msg
[32.038s] -- Up-to-date: /home/maria/agri_ws/install/agri_interfaces/include/agri_interfaces/agri_interfaces/msg/detail
[32.038s] -- Installing: /home/maria/agri_ws/install/agri_interfaces/include/agri_interfaces/agri_interfaces/msg/detail/robot_command__traits.hpp
[32.039s] -- Installing: /home/maria/agri_ws/install/agri_interfaces/include/agri_interfaces/agri_interfaces/msg/detail/irrigation_command__traits.hpp
[32.039s] -- Installing: /home/maria/agri_ws/install/agri_interfaces/include/agri_interfaces/agri_interfaces/msg/detail/soil_moisture__type_support.hpp
[32.040s] -- Installing: /home/maria/agri_ws/install/agri_interfaces/include/agri_interfaces/agri_interfaces/msg/detail/soil_moisture__builder.hpp
[32.041s] -- Installing: /home/maria/agri_ws/install/agri_interfaces/include/agri_interfaces/agri_interfaces/msg/detail/robot_command__type_support.hpp
[32.043s] -- Installing: /home/maria/agri_ws/install/agri_interfaces/include/agri_interfaces/agri_interfaces/msg/detail/robot_command__struct.hpp
[32.044s] -- Installing: /home/maria/agri_ws/install/agri_interfaces/include/agri_interfaces/agri_interfaces/msg/detail/irrigation_command__struct.hpp
[32.046s] -- Installing: /home/maria/agri_ws/install/agri_interfaces/include/agri_interfaces/agri_interfaces/msg/detail/irrigation_state__type_support.hpp
[32.047s] -- Installing: /home/maria/agri_ws/install/agri_interfaces/include/agri_interfaces/agri_interfaces/msg/detail/irrigation_state__struct.hpp
[32.049s] -- Installing: /home/maria/agri_ws/install/agri_interfaces/include/agri_interfaces/agri_interfaces/msg/detail/irrigation_command__type_support.hpp
[32.051s] -- Installing: /home/maria/agri_ws/install/agri_interfaces/include/agri_interfaces/agri_interfaces/msg/detail/soil_moisture__struct.hpp
[32.052s] -- Installing: /home/maria/agri_ws/install/agri_interfaces/include/agri_interfaces/agri_interfaces/msg/detail/soil_moisture__traits.hpp
[32.053s] -- Installing: /home/maria/agri_ws/install/agri_interfaces/include/agri_interfaces/agri_interfaces/msg/detail/robot_command__builder.hpp
[32.053s] -- Installing: /home/maria/agri_ws/install/agri_interfaces/include/agri_interfaces/agri_interfaces/msg/detail/irrigation_command__builder.hpp
[32.054s] -- Installing: /home/maria/agri_ws/install/agri_interfaces/include/agri_interfaces/agri_interfaces/msg/detail/irrigation_state__traits.hpp
[32.054s] -- Installing: /home/maria/agri_ws/install/agri_interfaces/include/agri_interfaces/agri_interfaces/msg/detail/irrigation_state__builder.hpp
[32.054s] -- Installing: /home/maria/agri_ws/install/agri_interfaces/include/agri_interfaces/agri_interfaces/msg/robot_command.hpp
[32.055s] -- Installing: /home/maria/agri_ws/install/agri_interfaces/include/agri_interfaces/agri_interfaces/msg/irrigation_command.hpp
[32.055s] -- Installing: /home/maria/agri_ws/install/agri_interfaces/include/agri_interfaces/agri_interfaces/msg/irrigation_state.hpp
[32.056s] -- Installing: /home/maria/agri_ws/install/agri_interfaces/include/agri_interfaces/agri_interfaces/msg/soil_moisture.hpp
[32.057s] -- Installing: /home/maria/agri_ws/install/agri_interfaces/include/agri_interfaces/agri_interfaces/msg/rosidl_generator_cpp__visibility_control.hpp
[32.057s] -- Up-to-date: /home/maria/agri_ws/install/agri_interfaces/include/agri_interfaces/agri_interfaces
[32.058s] -- Up-to-date: /home/maria/agri_ws/install/agri_interfaces/include/agri_interfaces/agri_interfaces/msg
[32.058s] -- Up-to-date: /home/maria/agri_ws/install/agri_interfaces/include/agri_interfaces/agri_interfaces/msg/detail
[32.058s] -- Installing: /home/maria/agri_ws/install/agri_interfaces/include/agri_interfaces/agri_interfaces/msg/detail/robot_command__rosidl_typesupport_fastrtps_cpp.hpp
[32.059s] -- Installing: /home/maria/agri_ws/install/agri_interfaces/include/agri_interfaces/agri_interfaces/msg/detail/irrigation_command__rosidl_typesupport_fastrtps_cpp.hpp
[32.059s] -- Installing: /home/maria/agri_ws/install/agri_interfaces/include/agri_interfaces/agri_interfaces/msg/detail/irrigation_state__rosidl_typesupport_fastrtps_cpp.hpp
[32.059s] -- Installing: /home/maria/agri_ws/install/agri_interfaces/include/agri_interfaces/agri_interfaces/msg/detail/dds_fastrtps
[32.060s] -- Installing: /home/maria/agri_ws/install/agri_interfaces/include/agri_interfaces/agri_interfaces/msg/detail/soil_moisture__rosidl_typesupport_fastrtps_cpp.hpp
[32.060s] -- Installing: /home/maria/agri_ws/install/agri_interfaces/include/agri_interfaces/agri_interfaces/msg/rosidl_typesupport_fastrtps_cpp__visibility_control.h
[32.061s] -- Installing: /home/maria/agri_ws/install/agri_interfaces/lib/libagri_interfaces__rosidl_typesupport_fastrtps_cpp.so
[32.061s] -- Set non-toolchain portion of runtime path of "/home/maria/agri_ws/install/agri_interfaces/lib/libagri_interfaces__rosidl_typesupport_fastrtps_cpp.so" to ""
[32.061s] -- Up-to-date: /home/maria/agri_ws/install/agri_interfaces/include/agri_interfaces/agri_interfaces
[32.062s] -- Up-to-date: /home/maria/agri_ws/install/agri_interfaces/include/agri_interfaces/agri_interfaces/msg
[32.062s] -- Up-to-date: /home/maria/agri_ws/install/agri_interfaces/include/agri_interfaces/agri_interfaces/msg/detail
[32.063s] -- Installing: /home/maria/agri_ws/install/agri_interfaces/include/agri_interfaces/agri_interfaces/msg/detail/irrigation_command__type_support.cpp
[32.063s] -- Installing: /home/maria/agri_ws/install/agri_interfaces/include/agri_interfaces/agri_interfaces/msg/detail/soil_moisture__rosidl_typesupport_introspection_cpp.hpp
[32.063s] -- Installing: /home/maria/agri_ws/install/agri_interfaces/include/agri_interfaces/agri_interfaces/msg/detail/soil_moisture__type_support.cpp
[32.064s] -- Installing: /home/maria/agri_ws/install/agri_interfaces/include/agri_interfaces/agri_interfaces/msg/detail/robot_command__rosidl_typesupport_introspection_cpp.hpp
[32.064s] -- Installing: /home/maria/agri_ws/install/agri_interfaces/include/agri_interfaces/agri_interfaces/msg/detail/irrigation_state__type_support.cpp
[32.064s] -- Installing: /home/maria/agri_ws/install/agri_interfaces/include/agri_interfaces/agri_interfaces/msg/detail/irrigation_state__rosidl_typesupport_introspection_cpp.hpp
[32.065s] -- Installing: /home/maria/agri_ws/install/agri_interfaces/include/agri_interfaces/agri_interfaces/msg/detail/irrigation_command__rosidl_typesupport_introspection_cpp.hpp
[32.065s] -- Installing: /home/maria/agri_ws/install/agri_interfaces/include/agri_interfaces/agri_interfaces/msg/detail/robot_command__type_support.cpp
[32.065s] -- Installing: /home/maria/agri_ws/install/agri_interfaces/lib/libagri_interfaces__rosidl_typesupport_introspection_cpp.so
[32.065s] -- Set non-toolchain portion of runtime path of "/home/maria/agri_ws/install/agri_interfaces/lib/libagri_interfaces__rosidl_typesupport_introspection_cpp.so" to ""
[32.066s] -- Installing: /home/maria/agri_ws/install/agri_interfaces/lib/libagri_interfaces__rosidl_typesupport_cpp.so
[32.066s] -- Set non-toolchain portion of runtime path of "/home/maria/agri_ws/install/agri_interfaces/lib/libagri_interfaces__rosidl_typesupport_cpp.so" to ""
[32.067s] -- Installing: /home/maria/agri_ws/install/agri_interfaces/share/agri_interfaces/environment/pythonpath.sh
[32.067s] -- Installing: /home/maria/agri_ws/install/agri_interfaces/share/agri_interfaces/environment/pythonpath.dsv
[32.067s] -- Installing: /home/maria/agri_ws/install/agri_interfaces/lib/python3.14/site-packages/agri_interfaces/agri_interfaces_s__rosidl_typesupport_fastrtps_c.so
[32.067s] -- Set non-toolchain portion of runtime path of "/home/maria/agri_ws/install/agri_interfaces/lib/python3.14/site-packages/agri_interfaces/agri_interfaces_s__rosidl_typesupport_fastrtps_c.so" to ""
[32.067s] -- Installing: /home/maria/agri_ws/install/agri_interfaces/lib/python3.14/site-packages/agri_interfaces/agri_interfaces_s__rosidl_typesupport_introspection_c.so
[32.068s] -- Set non-toolchain portion of runtime path of "/home/maria/agri_ws/install/agri_interfaces/lib/python3.14/site-packages/agri_interfaces/agri_interfaces_s__rosidl_typesupport_introspection_c.so" to ""
[32.068s] -- Installing: /home/maria/agri_ws/install/agri_interfaces/lib/python3.14/site-packages/agri_interfaces/agri_interfaces_s__rosidl_typesupport_c.so
[32.068s] -- Set non-toolchain portion of runtime path of "/home/maria/agri_ws/install/agri_interfaces/lib/python3.14/site-packages/agri_interfaces/agri_interfaces_s__rosidl_typesupport_c.so" to ""
[32.068s] -- Installing: /home/maria/agri_ws/install/agri_interfaces/lib/libagri_interfaces__rosidl_generator_py.so
[32.069s] -- Set non-toolchain portion of runtime path of "/home/maria/agri_ws/install/agri_interfaces/lib/libagri_interfaces__rosidl_generator_py.so" to ""
[32.069s] -- Installing: /home/maria/agri_ws/install/agri_interfaces/share/ament_index/resource_index/rust_packages/agri_interfaces
[32.069s] -- Installing: /home/maria/agri_ws/install/agri_interfaces/share/agri_interfaces/rust
[32.070s] -- Installing: /home/maria/agri_ws/install/agri_interfaces/share/agri_interfaces/rust/src
[32.070s] -- Installing: /home/maria/agri_ws/install/agri_interfaces/share/agri_interfaces/rust/src/msg
[32.071s] -- Installing: /home/maria/agri_ws/install/agri_interfaces/share/agri_interfaces/rust/src/msg/rmw.rs
[32.071s] -- Installing: /home/maria/agri_ws/install/agri_interfaces/share/agri_interfaces/rust/src/msg.rs
[32.071s] -- Installing: /home/maria/agri_ws/install/agri_interfaces/share/agri_interfaces/rust/src/lib.rs
[32.072s] -- Installing: /home/maria/agri_ws/install/agri_interfaces/share/agri_interfaces/rust/Cargo.toml
[32.072s] -- Installing: /home/maria/agri_ws/install/agri_interfaces/share/agri_interfaces/rust/build.rs
[32.072s] -- Installing: /home/maria/agri_ws/install/agri_interfaces/share/agri_interfaces/msg/SoilMoisture.idl
[32.073s] -- Installing: /home/maria/agri_ws/install/agri_interfaces/share/agri_interfaces/msg/IrrigationCommand.idl
[32.073s] -- Installing: /home/maria/agri_ws/install/agri_interfaces/share/agri_interfaces/msg/IrrigationState.idl
[32.073s] -- Installing: /home/maria/agri_ws/install/agri_interfaces/share/agri_interfaces/msg/RobotCommand.idl
[32.074s] -- Installing: /home/maria/agri_ws/install/agri_interfaces/share/agri_interfaces/msg/SoilMoisture.msg
[32.074s] -- Installing: /home/maria/agri_ws/install/agri_interfaces/share/agri_interfaces/msg/IrrigationCommand.msg
[32.075s] -- Installing: /home/maria/agri_ws/install/agri_interfaces/share/agri_interfaces/msg/IrrigationState.msg
[32.075s] -- Installing: /home/maria/agri_ws/install/agri_interfaces/share/agri_interfaces/msg/RobotCommand.msg
[32.076s] -- Installing: /home/maria/agri_ws/install/agri_interfaces/share/ament_index/resource_index/package_run_dependencies/agri_interfaces
[32.076s] -- Installing: /home/maria/agri_ws/install/agri_interfaces/share/ament_index/resource_index/parent_prefix_path/agri_interfaces
[32.077s] -- Installing: /home/maria/agri_ws/install/agri_interfaces/share/agri_interfaces/environment/ament_prefix_path.sh
[32.077s] -- Installing: /home/maria/agri_ws/install/agri_interfaces/share/agri_interfaces/environment/ament_prefix_path.dsv
[32.078s] -- Installing: /home/maria/agri_ws/install/agri_interfaces/share/agri_interfaces/environment/path.sh
[32.078s] -- Installing: /home/maria/agri_ws/install/agri_interfaces/share/agri_interfaces/environment/path.dsv
[32.079s] -- Installing: /home/maria/agri_ws/install/agri_interfaces/share/agri_interfaces/local_setup.bash
[32.079s] -- Installing: /home/maria/agri_ws/install/agri_interfaces/share/agri_interfaces/local_setup.fish
[32.080s] -- Installing: /home/maria/agri_ws/install/agri_interfaces/share/agri_interfaces/local_setup.sh
[32.080s] -- Installing: /home/maria/agri_ws/install/agri_interfaces/share/agri_interfaces/local_setup.zsh
[32.081s] -- Installing: /home/maria/agri_ws/install/agri_interfaces/share/agri_interfaces/local_setup.dsv
[32.082s] -- Installing: /home/maria/agri_ws/install/agri_interfaces/share/agri_interfaces/package.dsv
[32.082s] -- Installing: /home/maria/agri_ws/install/agri_interfaces/share/ament_index/resource_index/packages/agri_interfaces
[32.082s] -- Installing: /home/maria/agri_ws/install/agri_interfaces/share/agri_interfaces/cmake/export_agri_interfaces__rosidl_generator_cExport.cmake
[32.083s] -- Installing: /home/maria/agri_ws/install/agri_interfaces/share/agri_interfaces/cmake/export_agri_interfaces__rosidl_generator_cExport-noconfig.cmake
[32.083s] -- Installing: /home/maria/agri_ws/install/agri_interfaces/share/agri_interfaces/cmake/export_agri_interfaces__rosidl_typesupport_fastrtps_cExport.cmake
[32.083s] -- Installing: /home/maria/agri_ws/install/agri_interfaces/share/agri_interfaces/cmake/export_agri_interfaces__rosidl_typesupport_fastrtps_cExport-noconfig.cmake
[32.083s] -- Installing: /home/maria/agri_ws/install/agri_interfaces/share/agri_interfaces/cmake/agri_interfaces__rosidl_typesupport_introspection_cExport.cmake
[32.083s] -- Installing: /home/maria/agri_ws/install/agri_interfaces/share/agri_interfaces/cmake/agri_interfaces__rosidl_typesupport_introspection_cExport-noconfig.cmake
[32.084s] -- Installing: /home/maria/agri_ws/install/agri_interfaces/share/agri_interfaces/cmake/agri_interfaces__rosidl_typesupport_cExport.cmake
[32.084s] -- Installing: /home/maria/agri_ws/install/agri_interfaces/share/agri_interfaces/cmake/agri_interfaces__rosidl_typesupport_cExport-noconfig.cmake
[32.084s] -- Installing: /home/maria/agri_ws/install/agri_interfaces/share/agri_interfaces/cmake/export_agri_interfaces__rosidl_generator_cppExport.cmake
[32.084s] -- Installing: /home/maria/agri_ws/install/agri_interfaces/share/agri_interfaces/cmake/export_agri_interfaces__rosidl_typesupport_fastrtps_cppExport.cmake
[32.084s] -- Installing: /home/maria/agri_ws/install/agri_interfaces/share/agri_interfaces/cmake/export_agri_interfaces__rosidl_typesupport_fastrtps_cppExport-noconfig.cmake
[32.085s] -- Installing: /home/maria/agri_ws/install/agri_interfaces/share/agri_interfaces/cmake/agri_interfaces__rosidl_typesupport_introspection_cppExport.cmake
[32.085s] -- Installing: /home/maria/agri_ws/install/agri_interfaces/share/agri_interfaces/cmake/agri_interfaces__rosidl_typesupport_introspection_cppExport-noconfig.cmake
[32.085s] -- Installing: /home/maria/agri_ws/install/agri_interfaces/share/agri_interfaces/cmake/agri_interfaces__rosidl_typesupport_cppExport.cmake
[32.085s] -- Installing: /home/maria/agri_ws/install/agri_interfaces/share/agri_interfaces/cmake/agri_interfaces__rosidl_typesupport_cppExport-noconfig.cmake
[32.085s] -- Installing: /home/maria/agri_ws/install/agri_interfaces/share/agri_interfaces/cmake/export_agri_interfaces__rosidl_generator_pyExport.cmake
[32.085s] -- Installing: /home/maria/agri_ws/install/agri_interfaces/share/agri_interfaces/cmake/export_agri_interfaces__rosidl_generator_pyExport-noconfig.cmake
[32.086s] -- Installing: /home/maria/agri_ws/install/agri_interfaces/lib/python3.14/site-packages/agri_interfaces-0.0.0-py3.14.egg-info
[32.086s] -- Installing: /home/maria/agri_ws/install/agri_interfaces/lib/python3.14/site-packages/agri_interfaces-0.0.0-py3.14.egg-info/top_level.txt
[32.086s] -- Installing: /home/maria/agri_ws/install/agri_interfaces/lib/python3.14/site-packages/agri_interfaces-0.0.0-py3.14.egg-info/dependency_links.txt
[32.086s] -- Installing: /home/maria/agri_ws/install/agri_interfaces/lib/python3.14/site-packages/agri_interfaces-0.0.0-py3.14.egg-info/SOURCES.txt
[32.086s] -- Installing: /home/maria/agri_ws/install/agri_interfaces/lib/python3.14/site-packages/agri_interfaces-0.0.0-py3.14.egg-info/PKG-INFO
[32.087s] -- Up-to-date: /home/maria/agri_ws/install/agri_interfaces/lib/python3.14/site-packages/agri_interfaces
[32.087s] -- Installing: /home/maria/agri_ws/install/agri_interfaces/lib/python3.14/site-packages/agri_interfaces/msg
[32.087s] -- Installing: /home/maria/agri_ws/install/agri_interfaces/lib/python3.14/site-packages/agri_interfaces/msg/_irrigation_command.py
[32.087s] -- Installing: /home/maria/agri_ws/install/agri_interfaces/lib/python3.14/site-packages/agri_interfaces/msg/__init__.py
[32.088s] -- Installing: /home/maria/agri_ws/install/agri_interfaces/lib/python3.14/site-packages/agri_interfaces/msg/_soil_moisture.py
[32.088s] -- Installing: /home/maria/agri_ws/install/agri_interfaces/lib/python3.14/site-packages/agri_interfaces/msg/_irrigation_state_s.c
[32.088s] -- Installing: /home/maria/agri_ws/install/agri_interfaces/lib/python3.14/site-packages/agri_interfaces/msg/_irrigation_state.py
[32.088s] -- Installing: /home/maria/agri_ws/install/agri_interfaces/lib/python3.14/site-packages/agri_interfaces/msg/_soil_moisture_s.c
[32.088s] -- Installing: /home/maria/agri_ws/install/agri_interfaces/lib/python3.14/site-packages/agri_interfaces/msg/_robot_command.py
[32.089s] -- Installing: /home/maria/agri_ws/install/agri_interfaces/lib/python3.14/site-packages/agri_interfaces/msg/_irrigation_command_s.c
[32.089s] -- Installing: /home/maria/agri_ws/install/agri_interfaces/lib/python3.14/site-packages/agri_interfaces/msg/_robot_command_s.c
[32.089s] -- Installing: /home/maria/agri_ws/install/agri_interfaces/lib/python3.14/site-packages/agri_interfaces/__init__.py
[32.089s] -- Installing: /home/maria/agri_ws/install/agri_interfaces/lib/python3.14/site-packages/agri_interfaces/py.typed
[32.090s] -- Installing: /home/maria/agri_ws/install/agri_interfaces/lib/python3.14/site-packages/agri_interfaces/_agri_interfaces_s.ep.rosidl_typesupport_c.c
[32.090s] -- Installing: /home/maria/agri_ws/install/agri_interfaces/lib/python3.14/site-packages/agri_interfaces/_agri_interfaces_s.ep.rosidl_typesupport_introspection_c.c
[32.090s] -- Up-to-date: /home/maria/agri_ws/install/agri_interfaces/lib/python3.14/site-packages/agri_interfaces/agri_interfaces_s__rosidl_typesupport_fastrtps_c.so
[32.090s] -- Up-to-date: /home/maria/agri_ws/install/agri_interfaces/lib/python3.14/site-packages/agri_interfaces/agri_interfaces_s__rosidl_typesupport_c.so
[32.091s] -- Up-to-date: /home/maria/agri_ws/install/agri_interfaces/lib/python3.14/site-packages/agri_interfaces/agri_interfaces_s__rosidl_typesupport_introspection_c.so
[32.091s] -- Installing: /home/maria/agri_ws/install/agri_interfaces/lib/python3.14/site-packages/agri_interfaces/_agri_interfaces_s.ep.rosidl_typesupport_fastrtps_c.c
[32.226s] Listing '/home/maria/agri_ws/install/agri_interfaces/lib/python3.14/site-packages/agri_interfaces'...
[32.226s] Compiling '/home/maria/agri_ws/install/agri_interfaces/lib/python3.14/site-packages/agri_interfaces/__init__.py'...
[32.226s] Listing '/home/maria/agri_ws/install/agri_interfaces/lib/python3.14/site-packages/agri_interfaces/msg'...
[32.226s] Compiling '/home/maria/agri_ws/install/agri_interfaces/lib/python3.14/site-packages/agri_interfaces/msg/__init__.py'...
[32.226s] Compiling '/home/maria/agri_ws/install/agri_interfaces/lib/python3.14/site-packages/agri_interfaces/msg/_irrigation_command.py'...
[32.227s] Compiling '/home/maria/agri_ws/install/agri_interfaces/lib/python3.14/site-packages/agri_interfaces/msg/_irrigation_state.py'...
[32.227s] Compiling '/home/maria/agri_ws/install/agri_interfaces/lib/python3.14/site-packages/agri_interfaces/msg/_robot_command.py'...
[32.227s] Compiling '/home/maria/agri_ws/install/agri_interfaces/lib/python3.14/site-packages/agri_interfaces/msg/_soil_moisture.py'...
[32.246s] -- Installing: /home/maria/agri_ws/install/agri_interfaces/share/agri_interfaces/cmake/rosidl_cmake-extras.cmake
[32.248s] -- Installing: /home/maria/agri_ws/install/agri_interfaces/share/agri_interfaces/cmake/ament_cmake_export_dependencies-extras.cmake
[32.249s] -- Installing: /home/maria/agri_ws/install/agri_interfaces/share/agri_interfaces/cmake/ament_cmake_export_include_directories-extras.cmake
[32.249s] -- Installing: /home/maria/agri_ws/install/agri_interfaces/share/agri_interfaces/cmake/ament_cmake_export_libraries-extras.cmake
[32.251s] -- Installing: /home/maria/agri_ws/install/agri_interfaces/share/agri_interfaces/cmake/ament_cmake_export_targets-extras.cmake
[32.251s] -- Installing: /home/maria/agri_ws/install/agri_interfaces/share/agri_interfaces/cmake/rosidl_cmake_export_typesupport_targets-extras.cmake
[32.252s] -- Installing: /home/maria/agri_ws/install/agri_interfaces/share/agri_interfaces/cmake/rosidl_cmake_export_typesupport_libraries-extras.cmake
[32.252s] -- Installing: /home/maria/agri_ws/install/agri_interfaces/share/agri_interfaces/cmake/rosidl_cmake_aggregate_target-extras.cmake
[32.252s] -- Installing: /home/maria/agri_ws/install/agri_interfaces/share/agri_interfaces/cmake/agri_interfacesConfig.cmake
[32.252s] -- Installing: /home/maria/agri_ws/install/agri_interfaces/share/agri_interfaces/cmake/agri_interfacesConfig-version.cmake
[32.253s] -- Installing: /home/maria/agri_ws/install/agri_interfaces/share/agri_interfaces/package.xml
[32.260s] Invoked command in '/home/maria/agri_ws/build/agri_interfaces' returned '0': CMAKE_PREFIX_PATH=${CMAKE_PREFIX_PATH}:/home/maria/agri_ws/install/agri_robot_control:/opt/ros/lyrical:/home/maria/agri_ws/install/agri_sensors:/home/maria/agri_ws/install/agri_orchestrator:/home/maria/agri_ws/install/agri_irrigation DEBUGINFOD_URLS=https://debuginfod.ubuntu.com /usr/bin/cmake --install /home/maria/agri_ws/build/agri_interfaces
