[3.352s] Invoking command in '/home/maria/agri_ws/src/agri_sensors': DEBUGINFOD_URLS=https://debuginfod.ubuntu.com PYTHONPATH=/home/maria/agri_ws/src/build/agri_sensors/prefix_override:/usr/lib/python3/dist-packages/colcon_core/task/python/colcon_distutils_commands:/home/maria/agri_ws/src/install/agri_sensors/lib/python3.14/site-packages:${PYTHONPATH} /usr/bin/python3 -W ignore:setup.py install is deprecated -W ignore:easy_install command is deprecated setup.py egg_info --egg-base ../build/agri_sensors build --build-base /home/maria/agri_ws/src/build/agri_sensors/build install --record /home/maria/agri_ws/src/build/agri_sensors/install.log --install-scripts $base/lib/agri_sensors --single-version-externally-managed install_data
[4.181s] running egg_info
[4.254s] creating ../build/agri_sensors/agri_sensors.egg-info
[4.256s] writing ../build/agri_sensors/agri_sensors.egg-info/PKG-INFO
[4.257s] writing dependency_links to ../build/agri_sensors/agri_sensors.egg-info/dependency_links.txt
[4.257s] writing entry points to ../build/agri_sensors/agri_sensors.egg-info/entry_points.txt
[4.257s] writing requirements to ../build/agri_sensors/agri_sensors.egg-info/requires.txt
[4.257s] writing top-level names to ../build/agri_sensors/agri_sensors.egg-info/top_level.txt
[4.258s] writing manifest file '../build/agri_sensors/agri_sensors.egg-info/SOURCES.txt'
[4.419s] reading manifest file '../build/agri_sensors/agri_sensors.egg-info/SOURCES.txt'
[4.421s] writing manifest file '../build/agri_sensors/agri_sensors.egg-info/SOURCES.txt'
[4.421s] running build
[4.421s] running build_py
[4.423s] creating /home/maria/agri_ws/src/build/agri_sensors/build/lib/agri_sensors
[4.423s] copying agri_sensors/__init__.py -> /home/maria/agri_ws/src/build/agri_sensors/build/lib/agri_sensors
[4.423s] copying agri_sensors/soil_sensor_node.py -> /home/maria/agri_ws/src/build/agri_sensors/build/lib/agri_sensors
[4.423s] copying agri_sensors/py.typed -> /home/maria/agri_ws/src/build/agri_sensors/build/lib/agri_sensors
[4.425s] running install
[4.449s] running install_lib
[4.522s] creating /home/maria/agri_ws/src/install/agri_sensors/lib/python3.14/site-packages/agri_sensors
[4.524s] copying /home/maria/agri_ws/src/build/agri_sensors/build/lib/agri_sensors/__init__.py -> /home/maria/agri_ws/src/install/agri_sensors/lib/python3.14/site-packages/agri_sensors
[4.524s] copying /home/maria/agri_ws/src/build/agri_sensors/build/lib/agri_sensors/py.typed -> /home/maria/agri_ws/src/install/agri_sensors/lib/python3.14/site-packages/agri_sensors
[4.524s] copying /home/maria/agri_ws/src/build/agri_sensors/build/lib/agri_sensors/soil_sensor_node.py -> /home/maria/agri_ws/src/install/agri_sensors/lib/python3.14/site-packages/agri_sensors
[4.524s] byte-compiling /home/maria/agri_ws/src/install/agri_sensors/lib/python3.14/site-packages/agri_sensors/__init__.py to __init__.cpython-314.pyc
[4.524s] byte-compiling /home/maria/agri_ws/src/install/agri_sensors/lib/python3.14/site-packages/agri_sensors/soil_sensor_node.py to soil_sensor_node.cpython-314.pyc
[4.525s] running install_data
[4.526s] creating /home/maria/agri_ws/src/install/agri_sensors/share/ament_index/resource_index/packages
[4.526s] copying resource/agri_sensors -> /home/maria/agri_ws/src/install/agri_sensors/share/ament_index/resource_index/packages
[4.526s] copying package.xml -> /home/maria/agri_ws/src/install/agri_sensors/share/agri_sensors
[4.526s] running install_egg_info
[4.611s] Copying ../build/agri_sensors/agri_sensors.egg-info to /home/maria/agri_ws/src/install/agri_sensors/lib/python3.14/site-packages/agri_sensors-0.0.0-py3.14.egg-info
[4.614s] running install_scripts
[5.094s] Installing soil_sensor_node script to /home/maria/agri_ws/src/install/agri_sensors/lib/agri_sensors
[5.094s] writing list of installed files to '/home/maria/agri_ws/src/build/agri_sensors/install.log'
[5.186s] Invoked command in '/home/maria/agri_ws/src/agri_sensors' returned '0': DEBUGINFOD_URLS=https://debuginfod.ubuntu.com PYTHONPATH=/home/maria/agri_ws/src/build/agri_sensors/prefix_override:/usr/lib/python3/dist-packages/colcon_core/task/python/colcon_distutils_commands:/home/maria/agri_ws/src/install/agri_sensors/lib/python3.14/site-packages:${PYTHONPATH} /usr/bin/python3 -W ignore:setup.py install is deprecated -W ignore:easy_install command is deprecated setup.py egg_info --egg-base ../build/agri_sensors build --build-base /home/maria/agri_ws/src/build/agri_sensors/build install --record /home/maria/agri_ws/src/build/agri_sensors/install.log --install-scripts $base/lib/agri_sensors --single-version-externally-managed install_data
