[0.048s] Invoking command in '/home/maria/agri_ws/build/agri_interfaces': DEBUGINFOD_URLS=https://debuginfod.ubuntu.com /usr/bin/cmake /home/maria/agri_ws/agri_interfaces -DCMAKE_INSTALL_PREFIX=/home/maria/agri_ws/install/agri_interfaces
[0.413s] -- The C compiler identification is GNU 15.2.0
[0.640s] -- The CXX compiler identification is GNU 15.2.0
[0.670s] -- Detecting C compiler ABI info
[0.853s] -- Detecting C compiler ABI info - done
[0.896s] -- Check for working C compiler: /usr/bin/cc - skipped
[0.897s] -- Detecting C compile features
[0.898s] -- Detecting C compile features - done
[0.938s] -- Detecting CXX compiler ABI info
[1.115s] -- Detecting CXX compiler ABI info - done
[1.157s] -- Check for working CXX compiler: /usr/bin/c++ - skipped
[1.158s] -- Detecting CXX compile features
[1.160s] -- Detecting CXX compile features - done
[1.192s] -- Found ament_cmake: 2.8.8 (/home/maria/ros2_lyrical/ros2-linux/share/ament_cmake/cmake)
[2.233s] -- Found rosidl_default_generators: 1.8.1 (/home/maria/ros2_lyrical/ros2-linux/share/rosidl_default_generators/cmake)
[2.277s] -- Using all available rosidl_typesupport_c: rosidl_typesupport_fastrtps_c;rosidl_typesupport_introspection_c
[2.523s] -- Using all available rosidl_typesupport_cpp: rosidl_typesupport_fastrtps_cpp;rosidl_typesupport_introspection_cpp
[2.772s] -- Found rosidl_adapter: 5.2.1 (/home/maria/ros2_lyrical/ros2-linux/share/rosidl_adapter/cmake)
[2.797s] -- Found builtin_interfaces: 2.4.5 (/home/maria/ros2_lyrical/ros2-linux/share/builtin_interfaces/cmake)
[2.901s] -- Found ament_lint_auto: 0.20.6 (/home/maria/ros2_lyrical/ros2-linux/share/ament_lint_auto/cmake)
[3.272s] Error parsing '/home/maria/agri_ws/agri_interfaces/package.xml':
[3.401s] Traceback (most recent call last):
[3.401s]   File "/home/maria/ros2_lyrical/ros2-linux/share/ament_cmake_core/cmake/core/package_xml_2_cmake.py", line 150, in <module>
[3.401s]     main()
[3.401s]     ~~~~^^
[3.402s]   File "/home/maria/ros2_lyrical/ros2-linux/share/ament_cmake_core/cmake/core/package_xml_2_cmake.py", line 53, in main
[3.402s]     raise e
[3.402s]   File "/home/maria/ros2_lyrical/ros2-linux/share/ament_cmake_core/cmake/core/package_xml_2_cmake.py", line 49, in main
[3.402s]     package = parse_package_string(
[3.402s]         args.package_xml.read(), filename=args.package_xml.name)
[3.402s]   File "/usr/lib/python3/dist-packages/catkin_pkg/package.py", line 786, in parse_package_string
[3.402s]     raise InvalidPackage('Error(s):%s' % (''.join(['\n- %s' % e for e in errors])), filename)
[3.402s] catkin_pkg.package.InvalidPackage: Error(s) in package '/home/maria/agri_ws/agri_interfaces/package.xml':
[3.403s] Error(s):
[3.403s] - The generic dependency on 'builtin_interfaces' is redundant with: exec_depend
[3.448s] [31mCMake Error at /home/maria/ros2_lyrical/ros2-linux/share/ament_cmake_core/cmake/core/ament_package_xml.cmake:95 (message):
[3.448s]   execute_process(/usr/bin/python3
[3.448s]   /home/maria/ros2_lyrical/ros2-linux/share/ament_cmake_core/cmake/core/package_xml_2_cmake.py
[3.448s]   /home/maria/agri_ws/agri_interfaces/package.xml
[3.449s]   /home/maria/agri_ws/build/agri_interfaces/ament_cmake_core/package.cmake)
[3.449s]   returned error code 1
[3.449s] Call Stack (most recent call first):
[3.449s]   /home/maria/ros2_lyrical/ros2-linux/share/ament_cmake_core/cmake/core/ament_package_xml.cmake:49 (_ament_package_xml)
[3.449s]   /home/maria/ros2_lyrical/ros2-linux/share/ament_lint_auto/cmake/ament_lint_auto_find_test_dependencies.cmake:31 (ament_package_xml)
[3.449s]   CMakeLists.txt:22 (ament_lint_auto_find_test_dependencies)
[3.449s] 
[3.449s] [0m
[3.451s] -- Configuring incomplete, errors occurred!
[3.461s] Invoked command in '/home/maria/agri_ws/build/agri_interfaces' returned '1': DEBUGINFOD_URLS=https://debuginfod.ubuntu.com /usr/bin/cmake /home/maria/agri_ws/agri_interfaces -DCMAKE_INSTALL_PREFIX=/home/maria/agri_ws/install/agri_interfaces
